../code/src/commands.c:17:6:dispatch_cli_command	64	static
../code/src/commands.c:97:6:cli_set_level	24	static
../code/src/commands.c:118:6:cli_set_direction_bank	16	static
../code/src/commands.c:121:6:cli_set_direction_all	16	static
../code/src/commands.c:124:6:cli_set_io	24	static
../code/src/commands.c:181:6:cli_show_level	24	static
../code/src/commands.c:200:6:cli_show_io	16	static
../code/src/commands.c:214:6:cli_set_direction	24	static
../code/src/commands.c:238:6:cli_show_direction	24	static
../code/src/commands.c:254:6:cli_set_direction_pin	24	static
../code/src/commands.c:291:6:cli_show_direction_pin	24	static
../code/src/commands.c:312:6:cli_show_level_pin	24	static
../code/src/commands.c:324:6:cli_show_level_bank	32	static
../code/src/commands.c:350:6:cli_show_level_all	40	static
../code/src/commands.c:372:6:cli_set_level_pin	24	static
../code/src/commands.c:422:6:cli_set_level_bank	24	static
../code/src/commands.c:463:6:cli_set_level_all	24	static
../code/src/commands.c:504:6:display_help	8	static
../code/src/commands.c:516:6:validate_pin_id	16	static
