Archive member included to satisfy reference by file (symbol)

../lpc_board_nxp_lpcxpresso_1769/Debug/liblpc_board_nxp_lpcxpresso_1769.a(board.o)
                              ./build/src/cdc_main.o (Board_Init)
../lpc_board_nxp_lpcxpresso_1769/Debug/liblpc_board_nxp_lpcxpresso_1769.a(board_sysinit.o)
                              ./build/src/sysinit.o (Board_SystemInit)
../lpc_chip_175x_6x/Debug/liblpc_chip_175x_6x.a(chip_17xx_40xx.o)
                              ./build/src/cdc_main.o (SystemCoreClock)
../lpc_chip_175x_6x/Debug/liblpc_chip_175x_6x.a(clock_17xx_40xx.o)
                              ../lpc_chip_175x_6x/Debug/liblpc_chip_175x_6x.a(chip_17xx_40xx.o) (Chip_Clock_EnablePLL)
../lpc_chip_175x_6x/Debug/liblpc_chip_175x_6x.a(i2s_17xx_40xx.o)
                              ../lpc_board_nxp_lpcxpresso_1769/Debug/liblpc_board_nxp_lpcxpresso_1769.a(board.o) (Chip_I2S_Init)
../lpc_chip_175x_6x/Debug/liblpc_chip_175x_6x.a(iocon_17xx_40xx.o)
                              ./build/src/gpio.o (Chip_IOCON_PinMux)
../lpc_chip_175x_6x/Debug/liblpc_chip_175x_6x.a(stopwatch_17xx_40xx.o)
                              ./build/src/cdc_main.o (StopWatch_Init)
../lpc_chip_175x_6x/Debug/liblpc_chip_175x_6x.a(sysinit_17xx_40xx.o)
                              ../lpc_board_nxp_lpcxpresso_1769/Debug/liblpc_board_nxp_lpcxpresso_1769.a(board_sysinit.o) (Chip_SetupXtalClocking)
../lpc_chip_175x_6x/Debug/liblpc_chip_175x_6x.a(timer_17xx_40xx.o)
                              ../lpc_chip_175x_6x/Debug/liblpc_chip_175x_6x.a(stopwatch_17xx_40xx.o) (Chip_TIMER_Init)
../lpc_chip_175x_6x/Debug/liblpc_chip_175x_6x.a(uart_17xx_40xx.o)
                              ../lpc_board_nxp_lpcxpresso_1769/Debug/liblpc_board_nxp_lpcxpresso_1769.a(board.o) (Chip_UART_Init)
../lpc_chip_175x_6x/Debug/liblpc_chip_175x_6x.a(ring_buffer.o)
                              ../lpc_chip_175x_6x/Debug/liblpc_chip_175x_6x.a(uart_17xx_40xx.o) (RingBuffer_Insert)
../lpc_chip_175x_6x/libs/libusbd_175x_6x_lib.a(mw_usbd_rom_api.o)
                              ./build/src/cdc_main.o (cdc_api)
../lpc_chip_175x_6x/libs/libusbd_175x_6x_lib.a(hw_usbd_ip3503.o)
                              ../lpc_chip_175x_6x/libs/libusbd_175x_6x_lib.a(mw_usbd_rom_api.o) (hwUSB_GetMemSize)
../lpc_chip_175x_6x/libs/libusbd_175x_6x_lib.a(mw_usbd_cdcuser.o)
                              ../lpc_chip_175x_6x/libs/libusbd_175x_6x_lib.a(mw_usbd_rom_api.o) (mwCDC_SendNotification)
../lpc_chip_175x_6x/libs/libusbd_175x_6x_lib.a(mw_usbd_core.o)
                              ../lpc_chip_175x_6x/libs/libusbd_175x_6x_lib.a(mw_usbd_rom_api.o) (mwUSB_SetupStage)
../lpc_chip_175x_6x/libs/libusbd_175x_6x_lib.a(mw_usbd_dfuuser.o)
                              ../lpc_chip_175x_6x/libs/libusbd_175x_6x_lib.a(mw_usbd_rom_api.o) (mwDFU_GetMemSize)
../lpc_chip_175x_6x/libs/libusbd_175x_6x_lib.a(mw_usbd_hiduser.o)
                              ../lpc_chip_175x_6x/libs/libusbd_175x_6x_lib.a(mw_usbd_rom_api.o) (mwHID_GetMemSize)
../lpc_chip_175x_6x/libs/libusbd_175x_6x_lib.a(mw_usbd_mscuser.o)
                              ../lpc_chip_175x_6x/libs/libusbd_175x_6x_lib.a(mw_usbd_rom_api.o) (mwMSC_GetMemSize)
../RTT/libRTT.a(SEGGER_RTT_printf.o)
                              ./build/src/cdc_main.o (SEGGER_RTT_printf)
../RTT/libRTT.a(SEGGER_RTT.o)
                              ../RTT/libRTT.a(SEGGER_RTT_printf.o) (SEGGER_RTT_Write)
../SPI_SD/libSPI-SD.a(lpc17xx_sd.o)
                              ./build/src/cdc_main.o (disk_initialize)
../SPI_SD/libSPI-SD.a(lpc17xx_spi.o)
                              ./build/src/cdc_main.o (LPC17xx_SPI_Init)
/Applications/MCUXpressoIDE_11.8.1_1197/ide/plugins/com.nxp.mcuxpresso.tools.macosx_11.8.1.202308071233/tools/bin/../lib/gcc/arm-none-eabi/12.2.1/../../../../arm-none-eabi/lib/thumb/v7-m/nofp/libcr_nohost.a(__ciob.o)
                              ./build/src/cdc_main.o (__Ciob)
/Applications/MCUXpressoIDE_11.8.1_1197/ide/plugins/com.nxp.mcuxpresso.tools.macosx_11.8.1.202308071233/tools/bin/../lib/gcc/arm-none-eabi/12.2.1/../../../../arm-none-eabi/lib/thumb/v7-m/nofp/libcr_nohost.a(_cr__main.o)
                              ./build/src/cr_startup_lpc175x_6x.o (__main)
/Applications/MCUXpressoIDE_11.8.1_1197/ide/plugins/com.nxp.mcuxpresso.tools.macosx_11.8.1.202308071233/tools/bin/../lib/gcc/arm-none-eabi/12.2.1/../../../../arm-none-eabi/lib/thumb/v7-m/nofp/libcr_c.a(memcpy.o)
                              ./build/src/cdc_vcom.o (memcpy)
/Applications/MCUXpressoIDE_11.8.1_1197/ide/plugins/com.nxp.mcuxpresso.tools.macosx_11.8.1.202308071233/tools/bin/../lib/gcc/arm-none-eabi/12.2.1/../../../../arm-none-eabi/lib/thumb/v7-m/nofp/libcr_c.a(memmove.o)
                              ./build/src/embedded_cli.o (memmove)
/Applications/MCUXpressoIDE_11.8.1_1197/ide/plugins/com.nxp.mcuxpresso.tools.macosx_11.8.1.202308071233/tools/bin/../lib/gcc/arm-none-eabi/12.2.1/../../../../arm-none-eabi/lib/thumb/v7-m/nofp/libcr_c.a(memset.o)
[...]
Memory Configuration

Name             Origin             Length             Attributes
MFlash512        0x0000000000000000 0x0000000000080000 xr
RamLoc32         0x0000000010000000 0x0000000000008000 xrw
RamAHB32         0x000000002007c000 0x0000000000008000 xrw
*default*        0x0000000000000000 0xffffffffffffffff

Linker script and memory map

LOAD ./build/src/cdc_desc.o
LOAD ./build/src/cdc_main.o
LOAD ./build/src/cdc_vcom.o
LOAD ./build/src/cr_startup_lpc175x_6x.o
LOAD ./build/src/sysinit.o
LOAD ./build/src/embedded_cli.o
LOAD ./build/src/commands_main.o
LOAD ./build/src/commands_direction.o
LOAD ./build/src/commands_level.o
LOAD ./build/src/commands_io.o
LOAD ./build/src/commands_clock.o
LOAD ./build/src/commands_test.o
LOAD ./build/src/commands_sram_test.o
LOAD ./build/src/commands_rom_dumper.o
LOAD ./build/src/commands_test_criteria.o
LOAD ./build/src/sram_test.o
LOAD ./build/src/rom_dumper.o
LOAD ./build/src/state_ops.o
LOAD ./build/src/gpio.o
LOAD ./build/src/timers.o
LOAD ./build/src/utils.o
LOAD ./build/src/test.o
LOAD ./build/src/ff.o
LOAD ./build/src/sdcard.o
LOAD ./build/src/cli_io.o
LOAD ./build/src/ccsbcs.o
LOAD ../lpc_board_nxp_lpcxpresso_1769/Debug/liblpc_board_nxp_lpcxpresso_1769.a
LOAD ../lpc_chip_175x_6x/Debug/liblpc_chip_175x_6x.a
LOAD ../lpc_chip_175x_6x/libs/libusbd_175x_6x_lib.a
LOAD ../RTT/libRTT.a
LOAD ../SPI_SD/libSPI-SD.a
START GROUP
LOAD /Applications/MCUXpressoIDE_11.8.1_1197/ide/plugins/com.nxp.mcuxpresso.tools.macosx_11.8.1.202308071233/tools/bin/../lib/gcc/arm-none-eabi/12.2.1/../../../../arm-none-eabi/lib/thumb/v7-m/nofp/libcr_nohost.a
LOAD /Applications/MCUXpressoIDE_11.8.1_1197/ide/plugins/com.nxp.mcuxpresso.tools.macosx_11.8.1.202308071233/tools/bin/../lib/gcc/arm-none-eabi/12.2.1/../../../../arm-none-eabi/lib/thumb/v7-m/nofp/libcr_c.a
LOAD /Applications/MCUXpressoIDE_11.8.1_1197/ide/plugins/com.nxp.mcuxpresso.tools.macosx_11.8.1.202308071233/tools/bin/../lib/gcc/arm-none-eabi/12.2.1/thumb/v7-m/nofp/libcr_eabihelpers.a
LOAD /Applications/MCUXpressoIDE_11.8.1_1197/ide/plugins/com.nxp.mcuxpresso.tools.macosx_11.8.1.202308071233/tools/bin/../lib/gcc/arm-none-eabi/12.2.1/thumb/v7-m/nofp/libgcc.a
END GROUP
                0x0000000000000000                __base_MFlash512 = 0x0
                0x0000000000000000                __base_Flash = 0x0
                0x0000000000080000                __top_MFlash512 = 0x80000
                0x0000000000080000                __top_Flash = 0x80000
                0x0000000010000000                __base_RamLoc32 = 0x10000000
                0x0000000010000000                __base_RAM = 0x10000000
                0x0000000010008000                __top_RamLoc32 = 0x10008000
                0x0000000010008000                __top_RAM = 0x10008000
                0x000000002007c000                __base_RamAHB32 = 0x2007c000
                0x000000002007c000                __base_RAM2 = 0x2007c000
                0x0000000020084000                __top_RamAHB32 = 0x20084000
                0x0000000020084000                __top_RAM2 = 0x20084000

.text           0x0000000000000000    0x16344
 FILL mask 0xff
                0x0000000000000000                __vectors_start__ = ABSOLUTE (.)
 *(.isr_vector)
 .isr_vector    0x0000000000000000       0xcc ./build/src/cr_startup_lpc175x_6x.o
                0x0000000000000000                g_pfnVectors
                0x00000000000000cc                . = ALIGN (0x4)
                0x00000000000000cc                __section_table_start = .
                0x00000000000000cc                __data_section_table = .
                0x00000000000000cc        0x4 LONG 0x1cc44 LOADADDR (.data)
                0x00000000000000d0        0x4 LONG 0x10000000 ADDR (.data)
                0x00000000000000d4        0x4 LONG 0x100 SIZEOF (.data)
                0x00000000000000d8        0x4 LONG 0x16344 LOADADDR (.data_RAM2)
                0x00000000000000dc        0x4 LONG 0x2007c000 ADDR (.data_RAM2)
                0x00000000000000e0        0x4 LONG 0x6900 SIZEOF (.data_RAM2)
                0x00000000000000e4                __data_section_table_end = .
                0x00000000000000e4                __bss_section_table = .
                0x00000000000000e4        0x4 LONG 0x10000100 ADDR (.bss)
                0x00000000000000e8        0x4 LONG 0x1608 SIZEOF (.bss)
                0x00000000000000ec        0x4 LONG 0x20082900 ADDR (.bss_RAM2)
                0x00000000000000f0        0x4 LONG 0x0 SIZEOF (.bss_RAM2)
                0x00000000000000f4                __bss_section_table_end = .
                0x00000000000000f4                __section_table_end = .
 *(.after_vectors*)
 .after_vectors
                0x00000000000000f4      0x1bc ./build/src/cr_startup_lpc175x_6x.o
                0x00000000000000f4                NMI_Handler
                0x00000000000000f8                HardFault_Handler
                0x00000000000000fc                MemManage_Handler
                0x0000000000000100                BusFault_Handler
                0x0000000000000104                UsageFault_Handler
                0x0000000000000108                SVC_Handler
                0x000000000000010c                DebugMon_Handler
                0x0000000000000110                PendSV_Handler
                0x0000000000000114                SysTick_Handler
                0x0000000000000118                CANActivity_IRQHandler
                0x0000000000000118                TIMER3_IRQHandler
                0x0000000000000118                UART0_IRQHandler
                0x0000000000000118                IntDefaultHandler
                0x0000000000000118                PLL0_IRQHandler
                0x0000000000000118                CAN_IRQHandler
                0x0000000000000118                PLL1_IRQHandler
                0x0000000000000118                SSP0_IRQHandler
                0x0000000000000118                I2S_IRQHandler
                0x0000000000000118                I2C2_IRQHandler
                0x0000000000000118                RTC_IRQHandler
                0x0000000000000118                TIMER0_IRQHandler
                0x0000000000000118                SPI_IRQHandler
                0x0000000000000118                EINT1_IRQHandler
                0x0000000000000118                UART2_IRQHandler
                0x0000000000000118                ADC_IRQHandler
                0x0000000000000118                SSP1_IRQHandler
                0x0000000000000118                BOD_IRQHandler
                0x0000000000000118                WDT_IRQHandler
                0x0000000000000118                MCPWM_IRQHandler
                0x0000000000000118                RIT_IRQHandler
                0x0000000000000118                I2C0_IRQHandler
                0x0000000000000118                USBActivity_IRQHandler
                0x0000000000000118                PWM1_IRQHandler
                0x0000000000000118                I2C1_IRQHandler
                0x0000000000000118                EINT2_IRQHandler
                0x0000000000000118                UART1_IRQHandler
                0x0000000000000118                EINT3_IRQHandler
                0x0000000000000118                DMA_IRQHandler
                0x0000000000000118                UART3_IRQHandler
                0x0000000000000118                TIMER2_IRQHandler
                0x0000000000000118                QEI_IRQHandler
                0x0000000000000118                EINT0_IRQHandler
                0x0000000000000118                ETH_IRQHandler
                0x000000000000011c                ResetISR
                0x0000000000000208                data_init
                0x0000000000000264                bss_init
 *(.text*)
 .text.USB_IRQHandler
                0x00000000000002b0       0x18 ./build/src/cdc_main.o
                0x00000000000002b0                USB_IRQHandler
 .text.find_IntfDesc
                0x00000000000002c8       0x20 ./build/src/cdc_main.o
                0x00000000000002c8                find_IntfDesc
 .text.get_fattime
                0x00000000000002e8        0x8 ./build/src/cdc_main.o
                0x00000000000002e8                get_fattime
 .text.startup.main
                0x00000000000002f0      0x1a8 ./build/src/cdc_main.o
                0x00000000000002f0                main
 .text.VCOM_bulk_in_hdlr
                0x0000000000000498       0x14 ./build/src/cdc_vcom.o
 .text.VCOM_SetLineCode
                0x00000000000004ac       0x10 ./build/src/cdc_vcom.o
 .text.VCOM_bulk_out_hdlr
                0x00000000000004bc       0x98 ./build/src/cdc_vcom.o
 .text.vcom_init
                0x0000000000000554       0xb0 ./build/src/cdc_vcom.o
                0x0000000000000554                vcom_init
 .text.vcom_bread
                0x0000000000000604       0xc8 ./build/src/cdc_vcom.o
                0x0000000000000604                vcom_bread
 .text.vcom_write
                0x00000000000006cc       0x50 ./build/src/cdc_vcom.o
                0x00000000000006cc                vcom_write
 .text.SystemInit
                0x000000000000071c       0x14 ./build/src/sysinit.o
                0x000000000000071c                SystemInit
 .text.term_cursor_fwd
                0x0000000000000730       0x98 ./build/src/embedded_cli.o
 .text.term_cursor_back
                0x00000000000007c8       0x98 ./build/src/embedded_cli.o
 .text.embedded_cli_stop_search
                0x0000000000000860      0x174 ./build/src/embedded_cli.o
 .text.embedded_cli_insert_default_char
                0x00000000000009d4      0x198 ./build/src/embedded_cli.o
 .text.embedded_cli_init
                0x0000000000000b6c       0x50 ./build/src/embedded_cli.o
                0x0000000000000b6c                embedded_cli_init
 .text.embedded_cli_insert_char
                0x0000000000000bbc      0xa4c ./build/src/embedded_cli.o
                0x0000000000000bbc                embedded_cli_insert_char
 .text.embedded_cli_argc
                0x0000000000001608      0x11c ./build/src/embedded_cli.o
                0x0000000000001608                embedded_cli_argc
 .text.embedded_cli_prompt
                0x0000000000001724       0x58 ./build/src/embedded_cli.o
                0x0000000000001724                embedded_cli_prompt
 .text.display_help
                0x000000000000177c      0x224 ./build/src/commands_main.o
                0x000000000000177c                display_help
 .text.display_hwinfo
                0x00000000000019a0      0x19c ./build/src/commands_main.o
                0x00000000000019a0                display_hwinfo
 .text.dispatch_cli_command
                0x0000000000001b3c      0x438 ./build/src/commands_main.o
                0x0000000000001b3c                dispatch_cli_command
 .text.validate_pin_id
                0x0000000000001f74       0x38 ./build/src/commands_main.o
                0x0000000000001f74                validate_pin_id
 .text.cli_set_direction_bank
                0x0000000000001fac      0x14c ./build/src/commands_direction.o
                0x0000000000001fac                cli_set_direction_bank
 .text.set_direction_bank
                0x00000000000020f8       0xb0 ./build/src/commands_direction.o
                0x00000000000020f8                set_direction_bank
 .text.cli_set_direction_all
                0x00000000000021a8      0x114 ./build/src/commands_direction.o
                0x00000000000021a8                cli_set_direction_all
 .text.cli_set_direction
                0x00000000000022bc       0x5c ./build/src/commands_direction.o
                0x00000000000022bc                cli_set_direction
 .text.cli_show_direction
                0x0000000000002318       0x5c ./build/src/commands_direction.o
                0x0000000000002318                cli_show_direction
 .text.cli_set_level_pin.part.0
                0x0000000000002374       0xc0 ./build/src/commands_level.o
 .text.cli_show_level_bank
                0x0000000000002434      0x144 ./build/src/commands_level.o
                0x0000000000002434                cli_show_level_bank
 .text.cli_show_level_all
                0x0000000000002578      0x1b0 ./build/src/commands_level.o
                0x0000000000002578                cli_show_level_all
 .text.cli_show_level
                0x0000000000002728       0xa4 ./build/src/commands_level.o
                0x0000000000002728                cli_show_level
 .text.cli_set_level_bank
                0x00000000000027cc      0x164 ./build/src/commands_level.o
                0x00000000000027cc                cli_set_level_bank
 .text.cli_set_level_bitmap
                0x0000000000002930       0x7c ./build/src/commands_level.o
                0x0000000000002930                cli_set_level_bitmap
 .text.cli_set_level_all
                0x00000000000029ac       0xd4 ./build/src/commands_level.o
                0x00000000000029ac                cli_set_level_all
 .text.cli_set_level
                0x0000000000002a80       0xa0 ./build/src/commands_level.o
                0x0000000000002a80                cli_set_level
 .text.set_level_bank
                0x0000000000002b20      0x168 ./build/src/commands_level.o
                0x0000000000002b20                set_level_bank
 .text.read_level_bank
                0x0000000000002c88      0x13c ./build/src/commands_level.o
                0x0000000000002c88                read_level_bank
 .text.cli_set_io
                0x0000000000002dc4      0x114 ./build/src/commands_io.o
                0x0000000000002dc4                cli_set_io
 .text.set_io_bank
                0x0000000000002ed8       0x50 ./build/src/commands_io.o
                0x0000000000002ed8                set_io_bank
 .text.cli_show_io
                0x0000000000002f28       0x38 ./build/src/commands_io.o
                0x0000000000002f28                cli_show_io
 .text.cli_set_dut_power
                0x0000000000002f60       0x64 ./build/src/commands_io.o
                0x0000000000002f60                cli_set_dut_power
 .text.set_dut_power
                0x0000000000002fc4       0x34 ./build/src/commands_io.o
                0x0000000000002fc4                set_dut_power
 .text.cli_set_clock
                0x0000000000002ff8      0x180 ./build/src/commands_clock.o
                0x0000000000002ff8                cli_set_clock
 .text.cli_show_clock
                0x0000000000003178       0x4c ./build/src/commands_clock.o
                0x0000000000003178                cli_show_clock
 .text.cli_set_test_name.part.0
                0x00000000000031c4      0x114 ./build/src/commands_test.o
 .text.cli_set_test_io_settings.part.0
                0x00000000000032d8       0xac ./build/src/commands_test.o
 .text.cli_set_test_pin_alias
                0x0000000000003384      0x120 ./build/src/commands_test.o
                0x0000000000003384                cli_set_test_pin_alias
 .text.cache_test_frame
                0x00000000000034a4      0x190 ./build/src/commands_test.o
                0x00000000000034a4                cache_test_frame
 .text.cli_run_test
                0x0000000000003634      0x4b0 ./build/src/commands_test.o
                0x0000000000003634                cli_run_test
 .text.cli_show_test_frame
                0x0000000000003ae4      0x228 ./build/src/commands_test.o
                0x0000000000003ae4                cli_show_test_frame
 .text.cli_set_test_frame_interval
                0x0000000000003d0c       0xa0 ./build/src/commands_test.o
                0x0000000000003d0c                cli_set_test_frame_interval
 .text.parse_loop_condition
                0x0000000000003dac       0xa0 ./build/src/commands_test.o
                0x0000000000003dac                parse_loop_condition
 .text.parse_bank_setting
                0x0000000000003e4c      0x238 ./build/src/commands_test.o
                0x0000000000003e4c                parse_bank_setting
 .text.alias_to_pin_id
                0x0000000000004084       0x34 ./build/src/commands_test.o
                0x0000000000004084                alias_to_pin_id
 .text.parse_pin_alias_params
                0x00000000000040b8      0x10c ./build/src/commands_test.o
                0x00000000000040b8                parse_pin_alias_params
 .text.cli_set_test_frame
                0x00000000000041c4      0x30c ./build/src/commands_test.o
                0x00000000000041c4                cli_set_test_frame
 .text.cli_set_test
                0x00000000000044d0       0xe4 ./build/src/commands_test.o
                0x00000000000044d0                cli_set_test
 .text.show_test_aliases
                0x00000000000045b4      0x124 ./build/src/commands_test.o
                0x00000000000045b4                show_test_aliases
 .text.cli_show_test_states
                0x00000000000046d8      0x448 ./build/src/commands_test.o
                0x00000000000046d8                cli_show_test_states
 .text.cli_show_test_name
                0x0000000000004b20      0x44c ./build/src/commands_test.o
                0x0000000000004b20                cli_show_test_name
 .text.cli_show_test
                0x0000000000004f6c       0x78 ./build/src/commands_test.o
                0x0000000000004f6c                cli_show_test
 .text.lh_to_bool
                0x0000000000004fe4        0xc ./build/src/commands_sram_test.o
                0x0000000000004fe4                lh_to_bool
 .text.cli_set_sram_test
                0x0000000000004ff0      0x108 ./build/src/commands_sram_test.o
                0x0000000000004ff0                cli_set_sram_test
 .text.cli_show_sram_test
                0x00000000000050f8       0x70 ./build/src/commands_sram_test.o
                0x00000000000050f8                cli_show_sram_test
 .text.cli_run_sram_test
                0x0000000000005168      0x340 ./build/src/commands_sram_test.o
                0x0000000000005168                cli_run_sram_test
 .text.cli_set_rom_dumper
                0x00000000000054a8       0xa4 ./build/src/commands_rom_dumper.o
                0x00000000000054a8                cli_set_rom_dumper
 .text.cli_show_rom_dumper
                0x000000000000554c       0x64 ./build/src/commands_rom_dumper.o
                0x000000000000554c                cli_show_rom_dumper
 .text.cli_run_rom_dumper
                0x00000000000055b0      0x25c ./build/src/commands_rom_dumper.o
                0x00000000000055b0                cli_run_rom_dumper
 .text.parse_match_value_expression
                0x000000000000580c       0xf0 ./build/src/commands_test_criteria.o
                0x000000000000580c                parse_match_value_expression
 .text.parse_logic_expression
                0x00000000000058fc      0x2e8 ./build/src/commands_test_criteria.o
                0x00000000000058fc                parse_logic_expression
 .text.cli_set_test_criteria
                0x0000000000005be4      0x38c ./build/src/commands_test_criteria.o
                0x0000000000005be4                cli_set_test_criteria
 .text.init_sram_test
                0x0000000000005f70      0x130 ./build/src/sram_test.o
                0x0000000000005f70                init_sram_test
 .text.init_rom_dumper
                0x00000000000060a0      0x130 ./build/src/rom_dumper.o
                0x00000000000060a0                init_rom_dumper
 .text.logic_eval
                0x00000000000061d0      0x134 ./build/src/state_ops.o
                0x00000000000061d0                logic_eval
 .text.check_test_criteria
                0x0000000000006304      0xf08 ./build/src/state_ops.o
                0x0000000000006304                check_test_criteria
 .text.init_pin_array
                0x000000000000720c      0x104 ./build/src/gpio.o
                0x000000000000720c                init_pin_array
 .text.init_leds
                0x0000000000007310       0x48 ./build/src/gpio.o
                0x0000000000007310                init_leds
 .text.set_pin_write
                0x0000000000007358       0x60 ./build/src/gpio.o
                0x0000000000007358                set_pin_write
 .text.set_pin_read
                0x00000000000073b8       0x58 ./build/src/gpio.o
                0x00000000000073b8                set_pin_read
 .text.set_pin_high_simple
                0x0000000000007410       0x38 ./build/src/gpio.o
                0x0000000000007410                set_pin_high_simple
 .text.set_pin_low_simple
                0x0000000000007448       0x38 ./build/src/gpio.o
                0x0000000000007448                set_pin_low_simple
 .text.set_pin_high
                0x0000000000007480       0x20 ./build/src/gpio.o
                0x0000000000007480                set_pin_high
 .text.set_pin_low
                0x00000000000074a0       0x20 ./build/src/gpio.o
                0x00000000000074a0                set_pin_low
 .text.set_pin_high_fast
                0x00000000000074c0        0x8 ./build/src/gpio.o
                0x00000000000074c0                set_pin_high_fast
 .text.set_pin_low_fast
                0x00000000000074c8        0x8 ./build/src/gpio.o
                0x00000000000074c8                set_pin_low_fast
 .text.toggle_pin
                0x00000000000074d0       0x48 ./build/src/gpio.o
                0x00000000000074d0                toggle_pin
 .text.get_pin  0x0000000000007518       0x54 ./build/src/gpio.o
                0x0000000000007518                get_pin
 .text.get_pin_direction
                0x000000000000756c       0x54 ./build/src/gpio.o
                0x000000000000756c                get_pin_direction
 .text.init_pins
                0x00000000000075c0      0x168 ./build/src/gpio.o
                0x00000000000075c0                init_pins
 .text.delayMS  0x0000000000007728       0x18 ./build/src/timers.o
                0x0000000000007728                delayMS
 .text.Timer1enable
                0x0000000000007740       0x4c ./build/src/timers.o
                0x0000000000007740                Timer1enable
 .text.Timer1disable
                0x000000000000778c       0x4c ./build/src/timers.o
                0x000000000000778c                Timer1disable
 .text.UpdateTimer1Prescale
                0x00000000000077d8       0x18 ./build/src/timers.o
                0x00000000000077d8                UpdateTimer1Prescale
 .text.TIMER1_IRQHandler
                0x00000000000077f0       0x38 ./build/src/timers.o
                0x00000000000077f0                TIMER1_IRQHandler
 .text.init_timers
                0x0000000000007828       0x84 ./build/src/timers.o
                0x0000000000007828                init_timers
 .text.vcom_printf
                0x00000000000078ac       0x2c ./build/src/utils.o
                0x00000000000078ac                vcom_printf
 .text.replace_or_append_cmd_buff
                0x00000000000078d8       0x6c ./build/src/utils.o
                0x00000000000078d8                replace_or_append_cmd_buff
 .text.tokenize_string
                0x0000000000007944       0xe4 ./build/src/utils.o
                0x0000000000007944                tokenize_string
 .text.free_argv
                0x0000000000007a28       0x24 ./build/src/utils.o
                0x0000000000007a28                free_argv
 .text.duplicate_argv
                0x0000000000007a4c       0x50 ./build/src/utils.o
                0x0000000000007a4c                duplicate_argv
 .text.hex_dump
                0x0000000000007a9c      0x180 ./build/src/utils.o
                0x0000000000007a9c                hex_dump
 .text.strings  0x0000000000007c1c       0xcc ./build/src/utils.o
                0x0000000000007c1c                strings
 .text.move_window
                0x0000000000007ce8       0x78 ./build/src/ff.o
 .text.get_fileinfo
                0x0000000000007d60      0x28c ./build/src/ff.o
 .text.check_fs
                0x0000000000007fec       0x4c ./build/src/ff.o
 .text.get_fat.part.0
                0x0000000000008038       0xb8 ./build/src/ff.o
 .text.put_fat.part.0
                0x00000000000080f0       0xfc ./build/src/ff.o
 .text.f_read.part.0
                0x00000000000081ec      0x254 ./build/src/ff.o
 .text.dir_find.part.0
                0x0000000000008440      0x330 ./build/src/ff.o
 .text.dir_read
                0x0000000000008770      0x41c ./build/src/ff.o
 .text.sync     0x0000000000008b8c       0xb8 ./build/src/ff.o
 .text.create_chain
                0x0000000000008c44      0x174 ./build/src/ff.o
 .text.f_write.part.0
                0x0000000000008db8      0x284 ./build/src/ff.o
 .text.dir_seek
                0x000000000000903c      0x178 ./build/src/ff.o
 .text.follow_path
                0x00000000000091b4      0x344 ./build/src/ff.o
 .text.remove_chain
                0x00000000000094f8      0x1ec ./build/src/ff.o
 .text.dir_next
                0x00000000000096e4      0x1e8 ./build/src/ff.o
 .text.gen_numname
                0x00000000000098cc      0x2f8 ./build/src/ff.o
                0x00000000000098cc                gen_numname
 .text.dir_register
                0x0000000000009bc4      0x41c ./build/src/ff.o
 .text.chk_mounted
                0x0000000000009fe0      0x194 ./build/src/ff.o
                0x0000000000009fe0                chk_mounted
 .text.f_mount  0x000000000000a174       0x20 ./build/src/ff.o
                0x000000000000a174                f_mount
 .text.f_open   0x000000000000a194      0x128 ./build/src/ff.o
                0x000000000000a194                f_open
 .text.f_read   0x000000000000a2bc       0x44 ./build/src/ff.o
                0x000000000000a2bc                f_read
 .text.f_write  0x000000000000a300       0x44 ./build/src/ff.o
                0x000000000000a300                f_write
 .text.f_close  0x000000000000a344       0xb8 ./build/src/ff.o
                0x000000000000a344                f_close
 .text.f_opendir
                0x000000000000a3fc       0x5c ./build/src/ff.o
                0x000000000000a3fc                f_opendir
 .text.f_readdir
                0x000000000000a458       0x78 ./build/src/ff.o
                0x000000000000a458                f_readdir
 .text.f_unlink
                0x000000000000a4d0      0x120 ./build/src/ff.o
                0x000000000000a4d0                f_unlink
 .text.f_mkdir  0x000000000000a5f0      0x2b4 ./build/src/ff.o
                0x000000000000a5f0                f_mkdir
 .text.f_rename
                0x000000000000a8a4      0x2a8 ./build/src/ff.o
                0x000000000000a8a4                f_rename
 .text.f_gets   0x000000000000ab4c       0x70 ./build/src/ff.o
                0x000000000000ab4c                f_gets
 .text.f_puts   0x000000000000abbc       0x78 ./build/src/ff.o
                0x000000000000abbc                f_puts
 .text.f_printf
                0x000000000000ac34      0x530 ./build/src/ff.o
                0x000000000000ac34                f_printf
 .text.usd_unlink_file
                0x000000000000b164       0x40 ./build/src/sdcard.o
                0x000000000000b164                usd_unlink_file
 .text.usd_rename_file
                0x000000000000b1a4       0x4c ./build/src/sdcard.o
                0x000000000000b1a4                usd_rename_file
 .text.usd_list_file_contents
                0x000000000000b1f0       0x7c ./build/src/sdcard.o
                0x000000000000b1f0                usd_list_file_contents
 .text.usd_list_dir
                0x000000000000b26c      0x110 ./build/src/sdcard.o
                0x000000000000b26c                usd_list_dir
 .text.usd_mkdir
                0x000000000000b37c       0x40 ./build/src/sdcard.o
                0x000000000000b37c                usd_mkdir
 .text.usd_load_file
                0x000000000000b3bc       0x80 ./build/src/sdcard.o
                0x000000000000b3bc                usd_load_file
 .text.usd_save_test_to_file
                0x000000000000b43c       0x94 ./build/src/sdcard.o
                0x000000000000b43c                usd_save_test_to_file
 .text.vcom_putch
                0x000000000000b4d0       0x20 ./build/src/cli_io.o
                0x000000000000b4d0                vcom_putch
 .text.vcom_message
                0x000000000000b4f0       0x34 ./build/src/cli_io.o
                0x000000000000b4f0                vcom_message
 .text.ff_convert
                0x000000000000b524       0x34 ./build/src/ccsbcs.o
                0x000000000000b524                ff_convert
 .text.ff_wtoupper
                0x000000000000b558       0x24 ./build/src/ccsbcs.o
                0x000000000000b558                ff_wtoupper
 .text.Chip_IOCON_Init
                0x000000000000b57c       0x16 ../lpc_board_nxp_lpcxpresso_1769/Debug/liblpc_board_nxp_lpcxpresso_1769.a(board.o)
 .text.Chip_GPIO_Init
                0x000000000000b592       0x16 ../lpc_board_nxp_lpcxpresso_1769/Debug/liblpc_board_nxp_lpcxpresso_1769.a(board.o)
 .text.Chip_GPIO_SetPinDIROutput
                0x000000000000b5a8       0x36 ../lpc_board_nxp_lpcxpresso_1769/Debug/liblpc_board_nxp_lpcxpresso_1769.a(board.o)
 .text.Chip_GPIO_SetPinDIRInput
                0x000000000000b5de       0x3a ../lpc_board_nxp_lpcxpresso_1769/Debug/liblpc_board_nxp_lpcxpresso_1769.a(board.o)
 .text.Chip_GPIO_SetPinDIR
                0x000000000000b618       0x42 ../lpc_board_nxp_lpcxpresso_1769/Debug/liblpc_board_nxp_lpcxpresso_1769.a(board.o)
 .text.Chip_GPIO_WriteDirBit
                0x000000000000b65a       0x2e ../lpc_board_nxp_lpcxpresso_1769/Debug/liblpc_board_nxp_lpcxpresso_1769.a(board.o)
 .text.Chip_UART_SendByte
                0x000000000000b688       0x1c ../lpc_board_nxp_lpcxpresso_1769/Debug/liblpc_board_nxp_lpcxpresso_1769.a(board.o)
 .text.Chip_UART_ConfigData
                0x000000000000b6a4       0x1a ../lpc_board_nxp_lpcxpresso_1769/Debug/liblpc_board_nxp_lpcxpresso_1769.a(board.o)
 .text.Chip_UART_ReadLineStatus
                0x000000000000b6be       0x16 ../lpc_board_nxp_lpcxpresso_1769/Debug/liblpc_board_nxp_lpcxpresso_1769.a(board.o)
 .text.__sys_write
                0x000000000000b6d4       0x38 ../lpc_board_nxp_lpcxpresso_1769/Debug/liblpc_board_nxp_lpcxpresso_1769.a(board.o)
                0x000000000000b6d4                __sys_write
 .text.Board_LED_Init
                0x000000000000b70c       0x18 ../lpc_board_nxp_lpcxpresso_1769/Debug/liblpc_board_nxp_lpcxpresso_1769.a(board.o)
 .text.Board_UART_Init
                0x000000000000b724       0x12 ../lpc_board_nxp_lpcxpresso_1769/Debug/liblpc_board_nxp_lpcxpresso_1769.a(board.o)
                0x000000000000b724                Board_UART_Init
 *fill*         0x000000000000b736        0x2 ff
 .text.Board_Debug_Init
                0x000000000000b738       0x30 ../lpc_board_nxp_lpcxpresso_1769/Debug/liblpc_board_nxp_lpcxpresso_1769.a(board.o)
                0x000000000000b738                Board_Debug_Init
 .text.Board_UARTPutChar
                0x000000000000b768       0x34 ../lpc_board_nxp_lpcxpresso_1769/Debug/liblpc_board_nxp_lpcxpresso_1769.a(board.o)
                0x000000000000b768                Board_UARTPutChar
 .text.Board_Init
                0x000000000000b79c       0x24 ../lpc_board_nxp_lpcxpresso_1769/Debug/liblpc_board_nxp_lpcxpresso_1769.a(board.o)
                0x000000000000b79c                Board_Init
 .text.Board_USBD_Init
                0x000000000000b7c0       0x64 ../lpc_board_nxp_lpcxpresso_1769/Debug/liblpc_board_nxp_lpcxpresso_1769.a(board.o)
                0x000000000000b7c0                Board_USBD_Init
 .text.Chip_SYSCTL_SetFLASHAccess
                0x000000000000b824       0x30 ../lpc_board_nxp_lpcxpresso_1769/Debug/liblpc_board_nxp_lpcxpresso_1769.a(board_sysinit.o)
 .text.Board_SetupMuxing
                0x000000000000b854       0x1c ../lpc_board_nxp_lpcxpresso_1769/Debug/liblpc_board_nxp_lpcxpresso_1769.a(board_sysinit.o)
                0x000000000000b854                Board_SetupMuxing
 .text.Board_SetupClocking
                0x000000000000b870       0x12 ../lpc_board_nxp_lpcxpresso_1769/Debug/liblpc_board_nxp_lpcxpresso_1769.a(board_sysinit.o)
                0x000000000000b870                Board_SetupClocking
 .text.Board_SystemInit
                0x000000000000b882       0x10 ../lpc_board_nxp_lpcxpresso_1769/Debug/liblpc_board_nxp_lpcxpresso_1769.a(board_sysinit.o)
                0x000000000000b882                Board_SystemInit
 *fill*         0x000000000000b892        0x2 ff
 .text.Chip_Clock_IsUSBPLLLocked
                0x000000000000b894       0x24 ../lpc_chip_175x_6x/Debug/liblpc_chip_175x_6x.a(chip_17xx_40xx.o)
 .text.Chip_Clock_IsUSBPLLConnected
                0x000000000000b8b8       0x24 ../lpc_chip_175x_6x/Debug/liblpc_chip_175x_6x.a(chip_17xx_40xx.o)
 .text.SystemCoreClockUpdate
                0x000000000000b8dc       0x18 ../lpc_chip_175x_6x/Debug/liblpc_chip_175x_6x.a(chip_17xx_40xx.o)
                0x000000000000b8dc                SystemCoreClockUpdate
 .text.Chip_USB_Init
                0x000000000000b8f4       0x4c ../lpc_chip_175x_6x/Debug/liblpc_chip_175x_6x.a(chip_17xx_40xx.o)
                0x000000000000b8f4                Chip_USB_Init
 .text.Chip_Clock_IsMainPLLEnabled
                0x000000000000b940       0x24 ../lpc_chip_175x_6x/Debug/liblpc_chip_175x_6x.a(clock_17xx_40xx.o)
 .text.Chip_Clock_IsMainPLLConnected
                0x000000000000b964       0x24 ../lpc_chip_175x_6x/Debug/liblpc_chip_175x_6x.a(clock_17xx_40xx.o)
 .text.Chip_Clock_FeedPLL
                0x000000000000b988       0x34 ../lpc_chip_175x_6x/Debug/liblpc_chip_175x_6x.a(clock_17xx_40xx.o)
 .text.Chip_Clock_GetMainPLLSource
                0x000000000000b9bc       0x20 ../lpc_chip_175x_6x/Debug/liblpc_chip_175x_6x.a(clock_17xx_40xx.o)
 .text.Chip_Clock_GetMainOscRate
                0x000000000000b9dc       0x14 ../lpc_chip_175x_6x/Debug/liblpc_chip_175x_6x.a(clock_17xx_40xx.o)
 .text.Chip_Clock_GetIntOscRate
                0x000000000000b9f0       0x14 ../lpc_chip_175x_6x/Debug/liblpc_chip_175x_6x.a(clock_17xx_40xx.o)
 .text.Chip_Clock_GetRTCOscRate
                0x000000000000ba04       0x14 ../lpc_chip_175x_6x/Debug/liblpc_chip_175x_6x.a(clock_17xx_40xx.o)
 .text.Chip_Clock_GetMainPLLInClockRate
                0x000000000000ba18        0xe ../lpc_chip_175x_6x/Debug/liblpc_chip_175x_6x.a(clock_17xx_40xx.o)
 *fill*         0x000000000000ba26        0x2 ff
 .text.Chip_Clock_EnablePLL
                0x000000000000ba28       0x44 ../lpc_chip_175x_6x/Debug/liblpc_chip_175x_6x.a(clock_17xx_40xx.o)
                0x000000000000ba28                Chip_Clock_EnablePLL
 .text.Chip_Clock_DisablePLL
                0x000000000000ba6c       0x48 ../lpc_chip_175x_6x/Debug/liblpc_chip_175x_6x.a(clock_17xx_40xx.o)
                0x000000000000ba6c                Chip_Clock_DisablePLL
 .text.Chip_Clock_SetupPLL
                0x000000000000bab4       0x5c ../lpc_chip_175x_6x/Debug/liblpc_chip_175x_6x.a(clock_17xx_40xx.o)
                0x000000000000bab4                Chip_Clock_SetupPLL
 .text.Chip_Clock_EnablePeriphClock
                0x000000000000bb10       0x34 ../lpc_chip_175x_6x/Debug/liblpc_chip_175x_6x.a(clock_17xx_40xx.o)
                0x000000000000bb10                Chip_Clock_EnablePeriphClock
 .text.Chip_Clock_GetCPUClockSource
                0x000000000000bb44       0x24 ../lpc_chip_175x_6x/Debug/liblpc_chip_175x_6x.a(clock_17xx_40xx.o)
                0x000000000000bb44                Chip_Clock_GetCPUClockSource
 .text.Chip_Clock_SetCPUClockDiv
                0x000000000000bb68       0x20 ../lpc_chip_175x_6x/Debug/liblpc_chip_175x_6x.a(clock_17xx_40xx.o)
                0x000000000000bb68                Chip_Clock_SetCPUClockDiv
 .text.Chip_Clock_GetCPUClockDiv
                0x000000000000bb88       0x1c ../lpc_chip_175x_6x/Debug/liblpc_chip_175x_6x.a(clock_17xx_40xx.o)
                0x000000000000bb88                Chip_Clock_GetCPUClockDiv
 .text.Chip_Clock_GetPCLKDiv
                0x000000000000bba4       0x8c ../lpc_chip_175x_6x/Debug/liblpc_chip_175x_6x.a(clock_17xx_40xx.o)
                0x000000000000bba4                Chip_Clock_GetPCLKDiv
 .text.Chip_Clock_GetSYSCLKRate
                0x000000000000bc30       0x3a ../lpc_chip_175x_6x/Debug/liblpc_chip_175x_6x.a(clock_17xx_40xx.o)
                0x000000000000bc30                Chip_Clock_GetSYSCLKRate
 *fill*         0x000000000000bc6a        0x2 ff
 .text.Chip_Clock_GetMainPLLOutClockRate
                0x000000000000bc6c       0x54 ../lpc_chip_175x_6x/Debug/liblpc_chip_175x_6x.a(clock_17xx_40xx.o)
                0x000000000000bc6c                Chip_Clock_GetMainPLLOutClockRate
 .text.Chip_Clock_GetMainClockRate
                0x000000000000bcc0       0x28 ../lpc_chip_175x_6x/Debug/liblpc_chip_175x_6x.a(clock_17xx_40xx.o)
                0x000000000000bcc0                Chip_Clock_GetMainClockRate
 .text.Chip_Clock_GetSystemClockRate
                0x000000000000bce8       0x18 ../lpc_chip_175x_6x/Debug/liblpc_chip_175x_6x.a(clock_17xx_40xx.o)
                0x000000000000bce8                Chip_Clock_GetSystemClockRate
 .text.Chip_Clock_GetPeripheralClockRate
                0x000000000000bd00       0x26 ../lpc_chip_175x_6x/Debug/liblpc_chip_175x_6x.a(clock_17xx_40xx.o)
                0x000000000000bd00                Chip_Clock_GetPeripheralClockRate
 .text.Chip_IOCON_PinMuxSet
                0x000000000000bd26       0x36 ../lpc_chip_175x_6x/Debug/liblpc_chip_175x_6x.a(iocon_17xx_40xx.o)
                0x000000000000bd26                Chip_IOCON_PinMuxSet
 .text.Chip_IOCON_PinMux
                0x000000000000bd5c       0x94 ../lpc_chip_175x_6x/Debug/liblpc_chip_175x_6x.a(iocon_17xx_40xx.o)
                0x000000000000bd5c                Chip_IOCON_PinMux
 .text.Chip_IOCON_SetPinMuxing
                0x000000000000bdf0       0x64 ../lpc_chip_175x_6x/Debug/liblpc_chip_175x_6x.a(iocon_17xx_40xx.o)
                0x000000000000bdf0                Chip_IOCON_SetPinMuxing
 .text.Chip_TIMER_Enable
                0x000000000000be54       0x1e ../lpc_chip_175x_6x/Debug/liblpc_chip_175x_6x.a(stopwatch_17xx_40xx.o)
 .text.Chip_TIMER_PrescaleSet
                0x000000000000be72       0x1a ../lpc_chip_175x_6x/Debug/liblpc_chip_175x_6x.a(stopwatch_17xx_40xx.o)
 .text.StopWatch_Init
                0x000000000000be8c       0x74 ../lpc_chip_175x_6x/Debug/liblpc_chip_175x_6x.a(stopwatch_17xx_40xx.o)
                0x000000000000be8c                StopWatch_Init
 .text.Chip_Clock_IsMainPLLEnabled
                0x000000000000bf00       0x24 ../lpc_chip_175x_6x/Debug/liblpc_chip_175x_6x.a(sysinit_17xx_40xx.o)
 .text.Chip_Clock_IsMainPLLLocked
                0x000000000000bf24       0x24 ../lpc_chip_175x_6x/Debug/liblpc_chip_175x_6x.a(sysinit_17xx_40xx.o)
 .text.Chip_Clock_IsMainPLLConnected
                0x000000000000bf48       0x24 ../lpc_chip_175x_6x/Debug/liblpc_chip_175x_6x.a(sysinit_17xx_40xx.o)
 .text.Chip_Clock_EnableCrystal
                0x000000000000bf6c       0x20 ../lpc_chip_175x_6x/Debug/liblpc_chip_175x_6x.a(sysinit_17xx_40xx.o)
 .text.Chip_Clock_IsCrystalEnabled
                0x000000000000bf8c       0x24 ../lpc_chip_175x_6x/Debug/liblpc_chip_175x_6x.a(sysinit_17xx_40xx.o)
 .text.Chip_Clock_SetMainPLLSource
                0x000000000000bfb0       0x20 ../lpc_chip_175x_6x/Debug/liblpc_chip_175x_6x.a(sysinit_17xx_40xx.o)
 .text.Chip_SetupXtalClocking
                0x000000000000bfd0       0x90 ../lpc_chip_175x_6x/Debug/liblpc_chip_175x_6x.a(sysinit_17xx_40xx.o)
                0x000000000000bfd0                Chip_SetupXtalClocking
 .text.Chip_Timer_GetClockIndex
                0x000000000000c060       0x50 ../lpc_chip_175x_6x/Debug/liblpc_chip_175x_6x.a(timer_17xx_40xx.o)
 .text.Chip_TIMER_Init
                0x000000000000c0b0       0x1e ../lpc_chip_175x_6x/Debug/liblpc_chip_175x_6x.a(timer_17xx_40xx.o)
                0x000000000000c0b0                Chip_TIMER_Init
 .text.Chip_UART_SetupFIFOS
                0x000000000000c0ce       0x1a ../lpc_chip_175x_6x/Debug/liblpc_chip_175x_6x.a(uart_17xx_40xx.o)
 .text.Chip_UART_ConfigData
                0x000000000000c0e8       0x1a ../lpc_chip_175x_6x/Debug/liblpc_chip_175x_6x.a(uart_17xx_40xx.o)
 .text.Chip_UART_EnableDivisorAccess
                0x000000000000c102       0x1e ../lpc_chip_175x_6x/Debug/liblpc_chip_175x_6x.a(uart_17xx_40xx.o)
 .text.Chip_UART_DisableDivisorAccess
                0x000000000000c120       0x1e ../lpc_chip_175x_6x/Debug/liblpc_chip_175x_6x.a(uart_17xx_40xx.o)
 .text.Chip_UART_SetDivisorLatches
                0x000000000000c13e       0x26 ../lpc_chip_175x_6x/Debug/liblpc_chip_175x_6x.a(uart_17xx_40xx.o)
 .text.Chip_UART_GetClockIndex
                0x000000000000c164       0x50 ../lpc_chip_175x_6x/Debug/liblpc_chip_175x_6x.a(uart_17xx_40xx.o)
 .text.Chip_UART_GetClkIndex
                0x000000000000c1b4       0x50 ../lpc_chip_175x_6x/Debug/liblpc_chip_175x_6x.a(uart_17xx_40xx.o)
 .text.Chip_UART_Init
                0x000000000000c204       0x78 ../lpc_chip_175x_6x/Debug/liblpc_chip_175x_6x.a(uart_17xx_40xx.o)
                0x000000000000c204                Chip_UART_Init
 .text.Chip_UART_TXEnable
                0x000000000000c27c       0x18 ../lpc_chip_175x_6x/Debug/liblpc_chip_175x_6x.a(uart_17xx_40xx.o)
                0x000000000000c27c                Chip_UART_TXEnable
 .text.Chip_UART_TXDisable
                0x000000000000c294       0x18 ../lpc_chip_175x_6x/Debug/liblpc_chip_175x_6x.a(uart_17xx_40xx.o)
                0x000000000000c294                Chip_UART_TXDisable
 .text.Chip_UART_SetBaud
                0x000000000000c2ac       0x62 ../lpc_chip_175x_6x/Debug/liblpc_chip_175x_6x.a(uart_17xx_40xx.o)
                0x000000000000c2ac                Chip_UART_SetBaud
 .text.EPAdr    0x000000000000c30e       0x10 ../lpc_chip_175x_6x/libs/libusbd_175x_6x_lib.a(hw_usbd_ip3503.o)
                0x000000000000c30e                EPAdr
 .text.hwWrCmd  0x000000000000c31e       0x10 ../lpc_chip_175x_6x/libs/libusbd_175x_6x_lib.a(hw_usbd_ip3503.o)
                0x000000000000c31e                hwWrCmd
 .text.hwWrCmdDat
                0x000000000000c32e       0x16 ../lpc_chip_175x_6x/libs/libusbd_175x_6x_lib.a(hw_usbd_ip3503.o)
                0x000000000000c32e                hwWrCmdDat
 .text.hwWrCmdEP
                0x000000000000c344       0x24 ../lpc_chip_175x_6x/libs/libusbd_175x_6x_lib.a(hw_usbd_ip3503.o)
                0x000000000000c344                hwWrCmdEP
 .text.hwRdCmdDat
                0x000000000000c368       0x12 ../lpc_chip_175x_6x/libs/libusbd_175x_6x_lib.a(hw_usbd_ip3503.o)
                0x000000000000c368                hwRdCmdDat
 .text.hwUSB_GetMemSize
                0x000000000000c37a        0x6 ../lpc_chip_175x_6x/libs/libusbd_175x_6x_lib.a(hw_usbd_ip3503.o)
                0x000000000000c37a                hwUSB_GetMemSize
 .text.hwUSB_Connect
                0x000000000000c380       0x1c ../lpc_chip_175x_6x/libs/libusbd_175x_6x_lib.a(hw_usbd_ip3503.o)
                0x000000000000c380                hwUSB_Connect
 .text.hwUSB_Reset
                0x000000000000c39c       0x30 ../lpc_chip_175x_6x/libs/libusbd_175x_6x_lib.a(hw_usbd_ip3503.o)
                0x000000000000c39c                hwUSB_Reset
 .text.hwUSB_WakeUp
                0x000000000000c3cc       0x20 ../lpc_chip_175x_6x/libs/libusbd_175x_6x_lib.a(hw_usbd_ip3503.o)
                0x000000000000c3cc                hwUSB_WakeUp
 .text.hwUSB_WakeUpCfg
                0x000000000000c3ec        0x2 ../lpc_chip_175x_6x/libs/libusbd_175x_6x_lib.a(hw_usbd_ip3503.o)
                0x000000000000c3ec                hwUSB_WakeUpCfg
 *fill*         0x000000000000c3ee        0x2 ff
 .text.hwUSB_SetAddress
                0x000000000000c3f0       0x30 ../lpc_chip_175x_6x/libs/libusbd_175x_6x_lib.a(hw_usbd_ip3503.o)
                0x000000000000c3f0                hwUSB_SetAddress
 .text.hwUSB_Init
                0x000000000000c420       0x84 ../lpc_chip_175x_6x/libs/libusbd_175x_6x_lib.a(hw_usbd_ip3503.o)
                0x000000000000c420                hwUSB_Init
 .text.hwUSB_Configure
                0x000000000000c4a4       0x34 ../lpc_chip_175x_6x/libs/libusbd_175x_6x_lib.a(hw_usbd_ip3503.o)
                0x000000000000c4a4                hwUSB_Configure
 .text.hwUSB_ConfigEP
                0x000000000000c4d8       0x32 ../lpc_chip_175x_6x/libs/libusbd_175x_6x_lib.a(hw_usbd_ip3503.o)
                0x000000000000c4d8                hwUSB_ConfigEP
 .text.hwUSB_DirCtrlEP
                0x000000000000c50a        0x2 ../lpc_chip_175x_6x/libs/libusbd_175x_6x_lib.a(hw_usbd_ip3503.o)
                0x000000000000c50a                hwUSB_DirCtrlEP
 .text.hwUSB_EnableEP
                0x000000000000c50c       0x24 ../lpc_chip_175x_6x/libs/libusbd_175x_6x_lib.a(hw_usbd_ip3503.o)
                0x000000000000c50c                hwUSB_EnableEP
 .text.hwUSB_DisableEP
                0x000000000000c530       0x28 ../lpc_chip_175x_6x/libs/libusbd_175x_6x_lib.a(hw_usbd_ip3503.o)
                0x000000000000c530                hwUSB_DisableEP
 .text.hwUSB_ResetEP
                0x000000000000c558       0x24 ../lpc_chip_175x_6x/libs/libusbd_175x_6x_lib.a(hw_usbd_ip3503.o)
                0x000000000000c558                hwUSB_ResetEP
 .text.hwUSB_SetStallEP
                0x000000000000c57c       0x28 ../lpc_chip_175x_6x/libs/libusbd_175x_6x_lib.a(hw_usbd_ip3503.o)
                0x000000000000c57c                hwUSB_SetStallEP
 .text.hwUSB_ClrStallEP
                0x000000000000c5a4       0x24 ../lpc_chip_175x_6x/libs/libusbd_175x_6x_lib.a(hw_usbd_ip3503.o)
                0x000000000000c5a4                hwUSB_ClrStallEP
 .text.hwUSB_EnableEvent
                0x000000000000c5c8       0xd8 ../lpc_chip_175x_6x/libs/libusbd_175x_6x_lib.a(hw_usbd_ip3503.o)
                0x000000000000c5c8                hwUSB_EnableEvent
 .text.hwUSB_ReadEP
                0x000000000000c6a0       0x80 ../lpc_chip_175x_6x/libs/libusbd_175x_6x_lib.a(hw_usbd_ip3503.o)
                0x000000000000c6a0                hwUSB_ReadEP
 .text.hwUSB_ForceFullSpeed
                0x000000000000c720        0x2 ../lpc_chip_175x_6x/libs/libusbd_175x_6x_lib.a(hw_usbd_ip3503.o)
                0x000000000000c720                hwUSB_ForceFullSpeed
 .text.hwUSB_SetTestMode
                0x000000000000c722        0x4 ../lpc_chip_175x_6x/libs/libusbd_175x_6x_lib.a(hw_usbd_ip3503.o)
                0x000000000000c722                hwUSB_SetTestMode
 .text.hwUSB_ReadReqEP
                0x000000000000c726        0x4 ../lpc_chip_175x_6x/libs/libusbd_175x_6x_lib.a(hw_usbd_ip3503.o)
                0x000000000000c726                hwUSB_ReadReqEP
 .text.hwUSB_ReadSetupPkt
                0x000000000000c72a        0x4 ../lpc_chip_175x_6x/libs/libusbd_175x_6x_lib.a(hw_usbd_ip3503.o)
                0x000000000000c72a                hwUSB_ReadSetupPkt
 *fill*         0x000000000000c72e        0x2 ff
 .text.hwUSB_WriteEP
                0x000000000000c730       0x44 ../lpc_chip_175x_6x/libs/libusbd_175x_6x_lib.a(hw_usbd_ip3503.o)
                0x000000000000c730                hwUSB_WriteEP
 .text.hwUSB_ISR
                0x000000000000c774      0x1a0 ../lpc_chip_175x_6x/libs/libusbd_175x_6x_lib.a(hw_usbd_ip3503.o)
                0x000000000000c774                hwUSB_ISR
 .text.mwCDC_SetRequest
                0x000000000000c914       0x7c ../lpc_chip_175x_6x/libs/libusbd_175x_6x_lib.a(mw_usbd_cdcuser.o)
                0x000000000000c914                mwCDC_SetRequest
 .text.mwCDC_ep0_hdlr
                0x000000000000c990       0xb0 ../lpc_chip_175x_6x/libs/libusbd_175x_6x_lib.a(mw_usbd_cdcuser.o)
                0x000000000000c990                mwCDC_ep0_hdlr
 .text.mwCDC_GetRequest
                0x000000000000ca40       0x50 ../lpc_chip_175x_6x/libs/libusbd_175x_6x_lib.a(mw_usbd_cdcuser.o)
                0x000000000000ca40                mwCDC_GetRequest
 .text.mwCDC_SendNotification
                0x000000000000ca90       0x50 ../lpc_chip_175x_6x/libs/libusbd_175x_6x_lib.a(mw_usbd_cdcuser.o)
                0x000000000000ca90                mwCDC_SendNotification
 .text.mwCDC_GetMemSize
                0x000000000000cae0        0x4 ../lpc_chip_175x_6x/libs/libusbd_175x_6x_lib.a(mw_usbd_cdcuser.o)
                0x000000000000cae0                mwCDC_GetMemSize
 .text.mwCDC_init
                0x000000000000cae4      0x140 ../lpc_chip_175x_6x/libs/libusbd_175x_6x_lib.a(mw_usbd_cdcuser.o)
                0x000000000000cae4                mwCDC_init
 .text.USB_ReqGetConfiguration
                0x000000000000cc24       0x20 ../lpc_chip_175x_6x/libs/libusbd_175x_6x_lib.a(mw_usbd_core.o)
                0x000000000000cc24                USB_ReqGetConfiguration
 .text.USBD_virt_to_phys
                0x000000000000cc44        0x2 ../lpc_chip_175x_6x/libs/libusbd_175x_6x_lib.a(mw_usbd_core.o)
                0x000000000000cc44                USBD_virt_to_phys
 .text.USBD_cache_flush
                0x000000000000cc46        0x2 ../lpc_chip_175x_6x/libs/libusbd_175x_6x_lib.a(mw_usbd_core.o)
                0x000000000000cc46                USBD_cache_flush
 .text.USB_ReqGetStatus
                0x000000000000cc48       0x8c ../lpc_chip_175x_6x/libs/libusbd_175x_6x_lib.a(mw_usbd_core.o)
                0x000000000000cc48                USB_ReqGetStatus
 .text.USB_ReqGetDescriptor
                0x000000000000ccd4       0x84 ../lpc_chip_175x_6x/libs/libusbd_175x_6x_lib.a(mw_usbd_core.o)
                0x000000000000ccd4                USB_ReqGetDescriptor
 .text.USB_ReqGetInterface
                0x000000000000cd58       0x34 ../lpc_chip_175x_6x/libs/libusbd_175x_6x_lib.a(mw_usbd_core.o)
                0x000000000000cd58                USB_ReqGetInterface
 .text.USB_ReqSetClrFeature
                0x000000000000cd8c       0xb4 ../lpc_chip_175x_6x/libs/libusbd_175x_6x_lib.a(mw_usbd_core.o)
                0x000000000000cd8c                USB_ReqSetClrFeature
 .text.USB_ReqSetConfiguration
                0x000000000000ce40      0x194 ../lpc_chip_175x_6x/libs/libusbd_175x_6x_lib.a(mw_usbd_core.o)
                0x000000000000ce40                USB_ReqSetConfiguration
 .text.USB_ReqSetInterface
                0x000000000000cfd4      0x144 ../lpc_chip_175x_6x/libs/libusbd_175x_6x_lib.a(mw_usbd_core.o)
                0x000000000000cfd4                USB_ReqSetInterface
 .text.mwUSB_SetupStage
                0x000000000000d118        0xa ../lpc_chip_175x_6x/libs/libusbd_175x_6x_lib.a(mw_usbd_core.o)
                0x000000000000d118                mwUSB_SetupStage
 .text.mwUSB_DataInStage
                0x000000000000d122       0x2e ../lpc_chip_175x_6x/libs/libusbd_175x_6x_lib.a(mw_usbd_core.o)
                0x000000000000d122                mwUSB_DataInStage
 .text.mwUSB_DataOutStage
                0x000000000000d150       0x24 ../lpc_chip_175x_6x/libs/libusbd_175x_6x_lib.a(mw_usbd_core.o)
                0x000000000000d150                mwUSB_DataOutStage
 .text.mwUSB_StatusInStage
                0x000000000000d174        0xa ../lpc_chip_175x_6x/libs/libusbd_175x_6x_lib.a(mw_usbd_core.o)
                0x000000000000d174                mwUSB_StatusInStage
 .text.mwUSB_StatusOutStage
                0x000000000000d17e        0xa ../lpc_chip_175x_6x/libs/libusbd_175x_6x_lib.a(mw_usbd_core.o)
                0x000000000000d17e                mwUSB_StatusOutStage
 .text.mwUSB_StallEp0
                0x000000000000d188       0x12 ../lpc_chip_175x_6x/libs/libusbd_175x_6x_lib.a(mw_usbd_core.o)
                0x000000000000d188                mwUSB_StallEp0
 *fill*         0x000000000000d19a        0x2 ff
 .text.USB_ReqSetAddress
                0x000000000000d19c       0x24 ../lpc_chip_175x_6x/libs/libusbd_175x_6x_lib.a(mw_usbd_core.o)
                0x000000000000d19c                USB_ReqSetAddress
 .text.USB_InvokeEp0Hdlrs
                0x000000000000d1c0       0x44 ../lpc_chip_175x_6x/libs/libusbd_175x_6x_lib.a(mw_usbd_core.o)
                0x000000000000d1c0                USB_InvokeEp0Hdlrs
 .text.mwUSB_ResetCore
                0x000000000000d204       0x26 ../lpc_chip_175x_6x/libs/libusbd_175x_6x_lib.a(mw_usbd_core.o)
                0x000000000000d204                mwUSB_ResetCore
 *fill*         0x000000000000d22a        0x2 ff
 .text.USB_EvtSetupHandler
                0x000000000000d22c      0x108 ../lpc_chip_175x_6x/libs/libusbd_175x_6x_lib.a(mw_usbd_core.o)
                0x000000000000d22c                USB_EvtSetupHandler
 .text.USB_EvtOutHandler
                0x000000000000d334       0x68 ../lpc_chip_175x_6x/libs/libusbd_175x_6x_lib.a(mw_usbd_core.o)
                0x000000000000d334                USB_EvtOutHandler
 .text.USB_EndPoint0
                0x000000000000d39c       0x94 ../lpc_chip_175x_6x/libs/libusbd_175x_6x_lib.a(mw_usbd_core.o)
                0x000000000000d39c                USB_EndPoint0
 .text.mwUSB_InitCore
                0x000000000000d430       0xdc ../lpc_chip_175x_6x/libs/libusbd_175x_6x_lib.a(mw_usbd_core.o)
                0x000000000000d430                mwUSB_InitCore
 .text.mwUSB_RegisterClassHandler
                0x000000000000d50c       0x28 ../lpc_chip_175x_6x/libs/libusbd_175x_6x_lib.a(mw_usbd_core.o)
                0x000000000000d50c                mwUSB_RegisterClassHandler
 .text.mwUSB_RegisterEpHandler
                0x000000000000d534       0x24 ../lpc_chip_175x_6x/libs/libusbd_175x_6x_lib.a(mw_usbd_core.o)
                0x000000000000d534                mwUSB_RegisterEpHandler
 .text._StoreChar
                0x000000000000d558       0x7a ../RTT/libRTT.a(SEGGER_RTT_printf.o)
 *fill*         0x000000000000d5d2        0x2 ff
 .text._PrintUnsigned
                0x000000000000d5d4      0x154 ../RTT/libRTT.a(SEGGER_RTT_printf.o)
 .text._PrintInt
                0x000000000000d728      0x146 ../RTT/libRTT.a(SEGGER_RTT_printf.o)
 *fill*         0x000000000000d86e        0x2 ff
 .text.SEGGER_RTT_vprintf
                0x000000000000d870      0x3a0 ../RTT/libRTT.a(SEGGER_RTT_printf.o)
                0x000000000000d870                SEGGER_RTT_vprintf
 .text.SEGGER_RTT_printf
                0x000000000000dc10       0x2e ../RTT/libRTT.a(SEGGER_RTT_printf.o)
                0x000000000000dc10                SEGGER_RTT_printf
 .text._Init    0x000000000000dc3e        0xc ../RTT/libRTT.a(SEGGER_RTT.o)
 *fill*         0x000000000000dc4a        0x2 ff
 .text.SEGGER_RTT_Write
                0x000000000000dc4c      0x224 ../RTT/libRTT.a(SEGGER_RTT.o)
                0x000000000000dc4c                SEGGER_RTT_Write
 .text.disk_initialize
                0x000000000000de70       0x50 ../SPI_SD/libSPI-SD.a(lpc17xx_sd.o)
                0x000000000000de70                disk_initialize
 .text.disk_ioctl
                0x000000000000dec0      0x190 ../SPI_SD/libSPI-SD.a(lpc17xx_sd.o)
                0x000000000000dec0                disk_ioctl
 .text.disk_read
                0x000000000000e050       0x5c ../SPI_SD/libSPI-SD.a(lpc17xx_sd.o)
                0x000000000000e050                disk_read
 .text.disk_status
                0x000000000000e0ac       0x28 ../SPI_SD/libSPI-SD.a(lpc17xx_sd.o)
                0x000000000000e0ac                disk_status
 .text.disk_write
                0x000000000000e0d4       0x5c ../SPI_SD/libSPI-SD.a(lpc17xx_sd.o)
                0x000000000000e0d4                disk_write
 .text.LPC17xx_SD_WaitForReady
                0x000000000000e130       0x40 ../SPI_SD/libSPI-SD.a(lpc17xx_sd.o)
 .text.LPC17xx_SD_Init
                0x000000000000e170      0x188 ../SPI_SD/libSPI-SD.a(lpc17xx_sd.o)
 .text.LPC17xx_SD_SendCmd
                0x000000000000e2f8       0xe6 ../SPI_SD/libSPI-SD.a(lpc17xx_sd.o)
 *fill*         0x000000000000e3de        0x2 ff
 .text.LPC17xx_SD_ReadSector
                0x000000000000e3e0       0xa8 ../SPI_SD/libSPI-SD.a(lpc17xx_sd.o)
 .text.LPC17xx_SD_ReadDataBlock
                0x000000000000e488       0x4c ../SPI_SD/libSPI-SD.a(lpc17xx_sd.o)
 .text.LPC17xx_SD_WriteSector
                0x000000000000e4d4       0xc8 ../SPI_SD/libSPI-SD.a(lpc17xx_sd.o)
 .text.LPC17xx_SD_WirteDataBlock
                0x000000000000e59c       0x64 ../SPI_SD/libSPI-SD.a(lpc17xx_sd.o)
 .text.LPC17xx_SD_ReadCfg
                0x000000000000e600      0x258 ../SPI_SD/libSPI-SD.a(lpc17xx_sd.o)
 .text.LPC17xx_SPI_Init
                0x000000000000e858       0xb0 ../SPI_SD/libSPI-SD.a(lpc17xx_spi.o)
                0x000000000000e858                LPC17xx_SPI_Init
 .text.LPC17xx_SPI_DeInit
                0x000000000000e908       0x48 ../SPI_SD/libSPI-SD.a(lpc17xx_spi.o)
                0x000000000000e908                LPC17xx_SPI_DeInit
 .text.LPC17xx_SPI_SetSpeed
                0x000000000000e950       0x30 ../SPI_SD/libSPI-SD.a(lpc17xx_spi.o)
                0x000000000000e950                LPC17xx_SPI_SetSpeed
 .text.LPC17xx_SPI_Select
                0x000000000000e980       0x1c ../SPI_SD/libSPI-SD.a(lpc17xx_spi.o)
                0x000000000000e980                LPC17xx_SPI_Select
 .text.LPC17xx_SPI_DeSelect
                0x000000000000e99c       0x1c ../SPI_SD/libSPI-SD.a(lpc17xx_spi.o)
                0x000000000000e99c                LPC17xx_SPI_DeSelect
 .text.LPC17xx_SPI_SendRecvByte
                0x000000000000e9b8       0x34 ../SPI_SD/libSPI-SD.a(lpc17xx_spi.o)
 .text.LPC17xx_SPI_SendByte
                0x000000000000e9ec       0x1a ../SPI_SD/libSPI-SD.a(lpc17xx_spi.o)
                0x000000000000e9ec                LPC17xx_SPI_SendByte
 .text.LPC17xx_SPI_RecvByte
                0x000000000000ea06       0x10 ../SPI_SD/libSPI-SD.a(lpc17xx_spi.o)
                0x000000000000ea06                LPC17xx_SPI_RecvByte
 .text.LPC17xx_SPI_Release
                0x000000000000ea16       0x10 ../SPI_SD/libSPI-SD.a(lpc17xx_spi.o)
                0x000000000000ea16                LPC17xx_SPI_Release
 *fill*         0x000000000000ea26        0x2 ff
 .text.LPC17xx_SPI_RecvBlock_FIFO
                0x000000000000ea28       0xb0 ../SPI_SD/libSPI-SD.a(lpc17xx_spi.o)
                0x000000000000ea28                LPC17xx_SPI_RecvBlock_FIFO
 .text.LPC17xx_SPI_SendBlock_FIFO
                0x000000000000ead8       0x94 ../SPI_SD/libSPI-SD.a(lpc17xx_spi.o)
                0x000000000000ead8                LPC17xx_SPI_SendBlock_FIFO
 .text.__main   0x000000000000eb6c        0xe /Applications/MCUXpressoIDE_11.8.1_1197/ide/plugins/com.nxp.mcuxpresso.tools.macosx_11.8.1.202308071233/tools/bin/../lib/gcc/arm-none-eabi/12.2.1/../../../../arm-none-eabi/lib/thumb/v7-m/nofp/libcr_nohost.a(_cr__main.o)
                0x000000000000eb6c                __main
 .text.memcpy   0x000000000000eb7a        0x4 /Applications/MCUXpressoIDE_11.8.1_1197/ide/plugins/com.nxp.mcuxpresso.tools.macosx_11.8.1.202308071233/tools/bin/../lib/gcc/arm-none-eabi/12.2.1/../../../../arm-none-eabi/lib/thumb/v7-m/nofp/libcr_c.a(memcpy.o)
                0x000000000000eb7a                memcpy
 .text.memmove  0x000000000000eb7e        0x4 /Applications/MCUXpressoIDE_11.8.1_1197/ide/plugins/com.nxp.mcuxpresso.tools.macosx_11.8.1.202308071233/tools/bin/../lib/gcc/arm-none-eabi/12.2.1/../../../../arm-none-eabi/lib/thumb/v7-m/nofp/libcr_c.a(memmove.o)
                0x000000000000eb7e                memmove
 .text.memset   0x000000000000eb82        0x4 /Applications/MCUXpressoIDE_11.8.1_1197/ide/plugins/com.nxp.mcuxpresso.tools.macosx_11.8.1.202308071233/tools/bin/../lib/gcc/arm-none-eabi/12.2.1/../../../../arm-none-eabi/lib/thumb/v7-m/nofp/libcr_c.a(memset.o)
                0x000000000000eb82                memset
 *fill*         0x000000000000eb86        0x2 ff
 .text.malloc   0x000000000000eb88       0xe8 /Applications/MCUXpressoIDE_11.8.1_1197/ide/plugins/com.nxp.mcuxpresso.tools.macosx_11.8.1.202308071233/tools/bin/../lib/gcc/arm-none-eabi/12.2.1/../../../../arm-none-eabi/lib/thumb/v7-m/nofp/libcr_c.a(alloc.o)
                0x000000000000eb88                malloc
 .text.free     0x000000000000ec70       0x30 /Applications/MCUXpressoIDE_11.8.1_1197/ide/plugins/com.nxp.mcuxpresso.tools.macosx_11.8.1.202308071233/tools/bin/../lib/gcc/arm-none-eabi/12.2.1/../../../../arm-none-eabi/lib/thumb/v7-m/nofp/libcr_c.a(alloc.o)
                0x000000000000ec70                free
 .text._Csys_alloc
                0x000000000000eca0       0x20 /Applications/MCUXpressoIDE_11.8.1_1197/ide/plugins/com.nxp.mcuxpresso.tools.macosx_11.8.1.202308071233/tools/bin/../lib/gcc/arm-none-eabi/12.2.1/../../../../arm-none-eabi/lib/thumb/v7-m/nofp/libcr_c.a(alloc.o)
                0x000000000000eca0                _Csys_alloc
 .text.fp_round
                0x000000000000ecc0       0x4c /Applications/MCUXpressoIDE_11.8.1_1197/ide/plugins/com.nxp.mcuxpresso.tools.macosx_11.8.1.202308071233/tools/bin/../lib/gcc/arm-none-eabi/12.2.1/../../../../arm-none-eabi/lib/thumb/v7-m/nofp/libcr_c.a(fpprintf.o)
 .text.pr_dec.constprop.0
                0x000000000000ed0c       0x24 /Applications/MCUXpressoIDE_11.8.1_1197/ide/plugins/com.nxp.mcuxpresso.tools.macosx_11.8.1.202308071233/tools/bin/../lib/gcc/arm-none-eabi/12.2.1/../../../../arm-none-eabi/lib/thumb/v7-m/nofp/libcr_c.a(fpprintf.o)
 .text.sprintf  0x000000000000ed30       0x6c /Applications/MCUXpressoIDE_11.8.1_1197/ide/plugins/com.nxp.mcuxpresso.tools.macosx_11.8.1.202308071233/tools/bin/../lib/gcc/arm-none-eabi/12.2.1/../../../../arm-none-eabi/lib/thumb/v7-m/nofp/libcr_c.a(fpprintf.o)
                0x000000000000ed30                sprintf
 *fill*         0x000000000000ed9c        0x4 ff
 .text.fp_display
                0x000000000000eda0      0x9cc /Applications/MCUXpressoIDE_11.8.1_1197/ide/plugins/com.nxp.mcuxpresso.tools.macosx_11.8.1.202308071233/tools/bin/../lib/gcc/arm-none-eabi/12.2.1/../../../../arm-none-eabi/lib/thumb/v7-m/nofp/libcr_c.a(fpprintf.o)
 .text.snprintf
                0x000000000000f76c       0x78 /Applications/MCUXpressoIDE_11.8.1_1197/ide/plugins/com.nxp.mcuxpresso.tools.macosx_11.8.1.202308071233/tools/bin/../lib/gcc/arm-none-eabi/12.2.1/../../../../arm-none-eabi/lib/thumb/v7-m/nofp/libcr_c.a(fpprintf.o)
                0x000000000000f76c                snprintf
 .text.vsprintf
                0x000000000000f7e4       0x5c /Applications/MCUXpressoIDE_11.8.1_1197/ide/plugins/com.nxp.mcuxpresso.tools.macosx_11.8.1.202308071233/tools/bin/../lib/gcc/arm-none-eabi/12.2.1/../../../../arm-none-eabi/lib/thumb/v7-m/nofp/libcr_c.a(fpprintf.o)
                0x000000000000f7e4                vsprintf
 .text.vsnprintf
                0x000000000000f840       0x68 /Applications/MCUXpressoIDE_11.8.1_1197/ide/plugins/com.nxp.mcuxpresso.tools.macosx_11.8.1.202308071233/tools/bin/../lib/gcc/arm-none-eabi/12.2.1/../../../../arm-none-eabi/lib/thumb/v7-m/nofp/libcr_c.a(fpprintf.o)
                0x000000000000f840                vsnprintf
 .text.printf   0x000000000000f8a8       0x54 /Applications/MCUXpressoIDE_11.8.1_1197/ide/plugins/com.nxp.mcuxpresso.tools.macosx_11.8.1.202308071233/tools/bin/../lib/gcc/arm-none-eabi/12.2.1/../../../../arm-none-eabi/lib/thumb/v7-m/nofp/libcr_c.a(fpprintf.o)
                0x000000000000f8a8                printf
 .text._initio  0x000000000000f8fc       0x78 /Applications/MCUXpressoIDE_11.8.1_1197/ide/plugins/com.nxp.mcuxpresso.tools.macosx_11.8.1.202308071233/tools/bin/../lib/gcc/arm-none-eabi/12.2.1/../../../../arm-none-eabi/lib/thumb/v7-m/nofp/libcr_c.a(initio.o)
                0x000000000000f8fc                _initio
 *fill*         0x000000000000f974        0x4 ff
 .text.pow      0x000000000000f978      0x54c /Applications/MCUXpressoIDE_11.8.1_1197/ide/plugins/com.nxp.mcuxpresso.tools.macosx_11.8.1.202308071233/tools/bin/../lib/gcc/arm-none-eabi/12.2.1/../../../../arm-none-eabi/lib/thumb/v7-m/nofp/libcr_c.a(pow.o)
                0x000000000000f978                pow
 .text.__vfprintf
                0x000000000000fec4      0xb74 /Applications/MCUXpressoIDE_11.8.1_1197/ide/plugins/com.nxp.mcuxpresso.tools.macosx_11.8.1.202308071233/tools/bin/../lib/gcc/arm-none-eabi/12.2.1/../../../../arm-none-eabi/lib/thumb/v7-m/nofp/libcr_c.a(printf.o)
                0x000000000000fec4                __vfprintf
 .text.ch_val   0x0000000000010a38       0x30 /Applications/MCUXpressoIDE_11.8.1_1197/ide/plugins/com.nxp.mcuxpresso.tools.macosx_11.8.1.202308071233/tools/bin/../lib/gcc/arm-none-eabi/12.2.1/../../../../arm-none-eabi/lib/thumb/v7-m/nofp/libcr_c.a(scanf.o)
 .text._strtoul
                0x0000000000010a68       0xb0 /Applications/MCUXpressoIDE_11.8.1_1197/ide/plugins/com.nxp.mcuxpresso.tools.macosx_11.8.1.202308071233/tools/bin/../lib/gcc/arm-none-eabi/12.2.1/../../../../arm-none-eabi/lib/thumb/v7-m/nofp/libcr_c.a(scanf.o)
 .text.strtol   0x0000000000010b18       0x78 /Applications/MCUXpressoIDE_11.8.1_1197/ide/plugins/com.nxp.mcuxpresso.tools.macosx_11.8.1.202308071233/tools/bin/../lib/gcc/arm-none-eabi/12.2.1/../../../../arm-none-eabi/lib/thumb/v7-m/nofp/libcr_c.a(scanf.o)
                0x0000000000010b18                strtol
 .text.atoi     0x0000000000010b90       0x18 /Applications/MCUXpressoIDE_11.8.1_1197/ide/plugins/com.nxp.mcuxpresso.tools.macosx_11.8.1.202308071233/tools/bin/../lib/gcc/arm-none-eabi/12.2.1/../../../../arm-none-eabi/lib/thumb/v7-m/nofp/libcr_c.a(scanf.o)
                0x0000000000010b90                atoi
 .text.setvbuf  0x0000000000010ba8       0x3e /Applications/MCUXpressoIDE_11.8.1_1197/ide/plugins/com.nxp.mcuxpresso.tools.macosx_11.8.1.202308071233/tools/bin/../lib/gcc/arm-none-eabi/12.2.1/../../../../arm-none-eabi/lib/thumb/v7-m/nofp/libcr_c.a(setvbuf.o)
                0x0000000000010ba8                setvbuf
 .text.strcat   0x0000000000010be6       0x1e /Applications/MCUXpressoIDE_11.8.1_1197/ide/plugins/com.nxp.mcuxpresso.tools.macosx_11.8.1.202308071233/tools/bin/../lib/gcc/arm-none-eabi/12.2.1/../../../../arm-none-eabi/lib/thumb/v7-m/nofp/libcr_c.a(strcat.o)
                0x0000000000010be6                strcat
 .text.strchr   0x0000000000010c04       0x18 /Applications/MCUXpressoIDE_11.8.1_1197/ide/plugins/com.nxp.mcuxpresso.tools.macosx_11.8.1.202308071233/tools/bin/../lib/gcc/arm-none-eabi/12.2.1/../../../../arm-none-eabi/lib/thumb/v7-m/nofp/libcr_c.a(strchr.o)
                0x0000000000010c04                strchr
 .text.strcmp   0x0000000000010c1c       0x44 /Applications/MCUXpressoIDE_11.8.1_1197/ide/plugins/com.nxp.mcuxpresso.tools.macosx_11.8.1.202308071233/tools/bin/../lib/gcc/arm-none-eabi/12.2.1/../../../../arm-none-eabi/lib/thumb/v7-m/nofp/libcr_c.a(strcmp.o)
                0x0000000000010c1c                strcmp
 .text.strcpy   0x0000000000010c60       0x42 /Applications/MCUXpressoIDE_11.8.1_1197/ide/plugins/com.nxp.mcuxpresso.tools.macosx_11.8.1.202308071233/tools/bin/../lib/gcc/arm-none-eabi/12.2.1/../../../../arm-none-eabi/lib/thumb/v7-m/nofp/libcr_c.a(strcpy.o)
                0x0000000000010c60                strcpy
 .text.strlen   0x0000000000010ca2       0x4e /Applications/MCUXpressoIDE_11.8.1_1197/ide/plugins/com.nxp.mcuxpresso.tools.macosx_11.8.1.202308071233/tools/bin/../lib/gcc/arm-none-eabi/12.2.1/../../../../arm-none-eabi/lib/thumb/v7-m/nofp/libcr_c.a(strlen.o)
                0x0000000000010ca2                strlen
 .text.strncmp  0x0000000000010cf0       0x54 /Applications/MCUXpressoIDE_11.8.1_1197/ide/plugins/com.nxp.mcuxpresso.tools.macosx_11.8.1.202308071233/tools/bin/../lib/gcc/arm-none-eabi/12.2.1/../../../../arm-none-eabi/lib/thumb/v7-m/nofp/libcr_c.a(strncmp.o)
                0x0000000000010cf0                strncmp
 .text.strncpy  0x0000000000010d44       0x58 /Applications/MCUXpressoIDE_11.8.1_1197/ide/plugins/com.nxp.mcuxpresso.tools.macosx_11.8.1.202308071233/tools/bin/../lib/gcc/arm-none-eabi/12.2.1/../../../../arm-none-eabi/lib/thumb/v7-m/nofp/libcr_c.a(strncpy.o)
                0x0000000000010d44                strncpy
 .text.strstr   0x0000000000010d9c       0x20 /Applications/MCUXpressoIDE_11.8.1_1197/ide/plugins/com.nxp.mcuxpresso.tools.macosx_11.8.1.202308071233/tools/bin/../lib/gcc/arm-none-eabi/12.2.1/../../../../arm-none-eabi/lib/thumb/v7-m/nofp/libcr_c.a(strstr.o)
                0x0000000000010d9c                strstr
 .text.strtok   0x0000000000010dbc       0x40 /Applications/MCUXpressoIDE_11.8.1_1197/ide/plugins/com.nxp.mcuxpresso.tools.macosx_11.8.1.202308071233/tools/bin/../lib/gcc/arm-none-eabi/12.2.1/../../../../arm-none-eabi/lib/thumb/v7-m/nofp/libcr_c.a(strtok.o)
                0x0000000000010dbc                strtok
 .text._sbrk    0x0000000000010dfc       0x3c /Applications/MCUXpressoIDE_11.8.1_1197/ide/plugins/com.nxp.mcuxpresso.tools.macosx_11.8.1.202308071233/tools/bin/../lib/gcc/arm-none-eabi/12.2.1/../../../../arm-none-eabi/lib/thumb/v7-m/nofp/libcr_c.a(_cr_sbrk.o)
                0x0000000000010dfc                _sbrk
 .text._deferredlazyseek
                0x0000000000010e38       0x40 /Applications/MCUXpressoIDE_11.8.1_1197/ide/plugins/com.nxp.mcuxpresso.tools.macosx_11.8.1.202308071233/tools/bin/../lib/gcc/arm-none-eabi/12.2.1/../../../../arm-none-eabi/lib/thumb/v7-m/nofp/libcr_c.a(_deferredlazyseek.o)
                0x0000000000010e38                _deferredlazyseek
 .text.__flsbuf
                0x0000000000010e78      0x140 /Applications/MCUXpressoIDE_11.8.1_1197/ide/plugins/com.nxp.mcuxpresso.tools.macosx_11.8.1.202308071233/tools/bin/../lib/gcc/arm-none-eabi/12.2.1/../../../../arm-none-eabi/lib/thumb/v7-m/nofp/libcr_c.a(_deferredlazyseek.o)
                0x0000000000010e78                __flsbuf
 .text._fdopen  0x0000000000010fb8       0x68 /Applications/MCUXpressoIDE_11.8.1_1197/ide/plugins/com.nxp.mcuxpresso.tools.macosx_11.8.1.202308071233/tools/bin/../lib/gcc/arm-none-eabi/12.2.1/../../../../arm-none-eabi/lib/thumb/v7-m/nofp/libcr_c.a(_fdopen.o)
                0x0000000000010fb8                _fdopen
 .text._fflush  0x0000000000011020       0x52 /Applications/MCUXpressoIDE_11.8.1_1197/ide/plugins/com.nxp.mcuxpresso.tools.macosx_11.8.1.202308071233/tools/bin/../lib/gcc/arm-none-eabi/12.2.1/../../../../arm-none-eabi/lib/thumb/v7-m/nofp/libcr_c.a(_fflush.o)
                0x0000000000011020                _fflush
 .text._frexpl  0x0000000000011072       0x5a /Applications/MCUXpressoIDE_11.8.1_1197/ide/plugins/com.nxp.mcuxpresso.tools.macosx_11.8.1.202308071233/tools/bin/../lib/gcc/arm-none-eabi/12.2.1/../../../../arm-none-eabi/lib/thumb/v7-m/nofp/libcr_c.a(_frexpl.o)
                0x0000000000011072                _frexpl
 .text._ldexpl  0x00000000000110cc       0x48 /Applications/MCUXpressoIDE_11.8.1_1197/ide/plugins/com.nxp.mcuxpresso.tools.macosx_11.8.1.202308071233/tools/bin/../lib/gcc/arm-none-eabi/12.2.1/../../../../arm-none-eabi/lib/thumb/v7-m/nofp/libcr_c.a(_ldexpl.o)
                0x00000000000110cc                _ldexpl
 .text._Cwritebuf
                0x0000000000011114       0x6c /Applications/MCUXpressoIDE_11.8.1_1197/ide/plugins/com.nxp.mcuxpresso.tools.macosx_11.8.1.202308071233/tools/bin/../lib/gcc/arm-none-eabi/12.2.1/../../../../arm-none-eabi/lib/thumb/v7-m/nofp/libcr_c.a(_writebuf.o)
                0x0000000000011114                _Cwritebuf
 .text.fclose   0x0000000000011180       0x58 /Applications/MCUXpressoIDE_11.8.1_1197/ide/plugins/com.nxp.mcuxpresso.tools.macosx_11.8.1.202308071233/tools/bin/../lib/gcc/arm-none-eabi/12.2.1/../../../../arm-none-eabi/lib/thumb/v7-m/nofp/libcr_c.a(fclose.o)
                0x0000000000011180                fclose
 .text.fflush   0x00000000000111d8       0x3c /Applications/MCUXpressoIDE_11.8.1_1197/ide/plugins/com.nxp.mcuxpresso.tools.macosx_11.8.1.202308071233/tools/bin/../lib/gcc/arm-none-eabi/12.2.1/../../../../arm-none-eabi/lib/thumb/v7-m/nofp/libcr_c.a(fflush.o)
                0x00000000000111d8                fflush
 .text.frexp    0x0000000000011214       0x5a /Applications/MCUXpressoIDE_11.8.1_1197/ide/plugins/com.nxp.mcuxpresso.tools.macosx_11.8.1.202308071233/tools/bin/../lib/gcc/arm-none-eabi/12.2.1/../../../../arm-none-eabi/lib/thumb/v7-m/nofp/libcr_c.a(frexp.o)
                0x0000000000011214                frexp
 *fill*         0x000000000001126e        0x2 ff
 .text.fseek    0x0000000000011270       0xf8 /Applications/MCUXpressoIDE_11.8.1_1197/ide/plugins/com.nxp.mcuxpresso.tools.macosx_11.8.1.202308071233/tools/bin/../lib/gcc/arm-none-eabi/12.2.1/../../../../arm-none-eabi/lib/thumb/v7-m/nofp/libcr_c.a(fseek.o)
                0x0000000000011270                fseek
 .text.ftell    0x0000000000011368       0x44 /Applications/MCUXpressoIDE_11.8.1_1197/ide/plugins/com.nxp.mcuxpresso.tools.macosx_11.8.1.202308071233/tools/bin/../lib/gcc/arm-none-eabi/12.2.1/../../../../arm-none-eabi/lib/thumb/v7-m/nofp/libcr_c.a(ftell.o)
                0x0000000000011368                ftell
 .text.ldexp    0x00000000000113ac       0x48 /Applications/MCUXpressoIDE_11.8.1_1197/ide/plugins/com.nxp.mcuxpresso.tools.macosx_11.8.1.202308071233/tools/bin/../lib/gcc/arm-none-eabi/12.2.1/../../../../arm-none-eabi/lib/thumb/v7-m/nofp/libcr_c.a(ldexp.o)
                0x00000000000113ac                ldexp
 .text.remove   0x00000000000113f4       0x14 /Applications/MCUXpressoIDE_11.8.1_1197/ide/plugins/com.nxp.mcuxpresso.tools.macosx_11.8.1.202308071233/tools/bin/../lib/gcc/arm-none-eabi/12.2.1/../../../../arm-none-eabi/lib/thumb/v7-m/nofp/libcr_c.a(remove.o)
                0x00000000000113f4                remove
 .text.strcspn  0x0000000000011408       0x1e /Applications/MCUXpressoIDE_11.8.1_1197/ide/plugins/com.nxp.mcuxpresso.tools.macosx_11.8.1.202308071233/tools/bin/../lib/gcc/arm-none-eabi/12.2.1/../../../../arm-none-eabi/lib/thumb/v7-m/nofp/libcr_c.a(strcspn.o)
                0x0000000000011408                strcspn
 .text.strspn   0x0000000000011426       0x1e /Applications/MCUXpressoIDE_11.8.1_1197/ide/plugins/com.nxp.mcuxpresso.tools.macosx_11.8.1.202308071233/tools/bin/../lib/gcc/arm-none-eabi/12.2.1/../../../../arm-none-eabi/lib/thumb/v7-m/nofp/libcr_c.a(strspn.o)
                0x0000000000011426                strspn
 .text.__check_heap_overflow
                0x0000000000011444       0x18 /Applications/MCUXpressoIDE_11.8.1_1197/ide/plugins/com.nxp.mcuxpresso.tools.macosx_11.8.1.202308071233/tools/bin/../lib/gcc/arm-none-eabi/12.2.1/../../../../arm-none-eabi/lib/thumb/v7-m/nofp/libcr_c.a(_cr_check_heap.o)
                0x0000000000011444                __check_heap_overflow
 .text._do_fflush
                0x000000000001145c       0x40 /Applications/MCUXpressoIDE_11.8.1_1197/ide/plugins/com.nxp.mcuxpresso.tools.macosx_11.8.1.202308071233/tools/bin/../lib/gcc/arm-none-eabi/12.2.1/../../../../arm-none-eabi/lib/thumb/v7-m/nofp/libcr_c.a(_do_fflush.o)
                0x000000000001145c                _do_fflush
 .text.__aeabi_dmul
                0x000000000001149c       0xfc /Applications/MCUXpressoIDE_11.8.1_1197/ide/plugins/com.nxp.mcuxpresso.tools.macosx_11.8.1.202308071233/tools/bin/../lib/gcc/arm-none-eabi/12.2.1/thumb/v7-m/nofp/libcr_eabihelpers.a(double.o)
                0x000000000001149c                __aeabi_dmul
 .text.__aeabi_ddiv
                0x0000000000011598      0x130 /Applications/MCUXpressoIDE_11.8.1_1197/ide/plugins/com.nxp.mcuxpresso.tools.macosx_11.8.1.202308071233/tools/bin/../lib/gcc/arm-none-eabi/12.2.1/thumb/v7-m/nofp/libcr_eabihelpers.a(double.o)
                0x0000000000011598                __aeabi_ddiv
 .text.__aeabi_dsub
                0x00000000000116c8      0x1b4 /Applications/MCUXpressoIDE_11.8.1_1197/ide/plugins/com.nxp.mcuxpresso.tools.macosx_11.8.1.202308071233/tools/bin/../lib/gcc/arm-none-eabi/12.2.1/thumb/v7-m/nofp/libcr_eabihelpers.a(double.o)
                0x00000000000116c8                __aeabi_dsub
 .text.__aeabi_dadd
                0x000000000001187c      0x13c /Applications/MCUXpressoIDE_11.8.1_1197/ide/plugins/com.nxp.mcuxpresso.tools.macosx_11.8.1.202308071233/tools/bin/../lib/gcc/arm-none-eabi/12.2.1/thumb/v7-m/nofp/libcr_eabihelpers.a(double.o)
                0x000000000001187c                __aeabi_dadd
 .text.__aeabi_d2iz
                0x00000000000119b8       0x42 /Applications/MCUXpressoIDE_11.8.1_1197/ide/plugins/com.nxp.mcuxpresso.tools.macosx_11.8.1.202308071233/tools/bin/../lib/gcc/arm-none-eabi/12.2.1/thumb/v7-m/nofp/libcr_eabihelpers.a(double.o)
                0x00000000000119b8                __aeabi_d2iz
 .text.__aeabi_d2uiz
                0x00000000000119fa       0x34 /Applications/MCUXpressoIDE_11.8.1_1197/ide/plugins/com.nxp.mcuxpresso.tools.macosx_11.8.1.202308071233/tools/bin/../lib/gcc/arm-none-eabi/12.2.1/thumb/v7-m/nofp/libcr_eabihelpers.a(double.o)
                0x00000000000119fa                __aeabi_d2uiz
 .text.__bhs_ui2d
                0x0000000000011a2e       0x46 /Applications/MCUXpressoIDE_11.8.1_1197/ide/plugins/com.nxp.mcuxpresso.tools.macosx_11.8.1.202308071233/tools/bin/../lib/gcc/arm-none-eabi/12.2.1/thumb/v7-m/nofp/libcr_eabihelpers.a(double.o)
                0x0000000000011a2e                __bhs_ui2d
 .text.__aeabi_i2d
                0x0000000000011a74       0x10 /Applications/MCUXpressoIDE_11.8.1_1197/ide/plugins/com.nxp.mcuxpresso.tools.macosx_11.8.1.202308071233/tools/bin/../lib/gcc/arm-none-eabi/12.2.1/thumb/v7-m/nofp/libcr_eabihelpers.a(double.o)
                0x0000000000011a74                __aeabi_i2d
 .text.__aeabi_ui2d
                0x0000000000011a84        0x8 /Applications/MCUXpressoIDE_11.8.1_1197/ide/plugins/com.nxp.mcuxpresso.tools.macosx_11.8.1.202308071233/tools/bin/../lib/gcc/arm-none-eabi/12.2.1/thumb/v7-m/nofp/libcr_eabihelpers.a(double.o)
                0x0000000000011a84                __aeabi_ui2d
 .text.__aeabi_dcmpeq
                0x0000000000011a8c       0x3e /Applications/MCUXpressoIDE_11.8.1_1197/ide/plugins/com.nxp.mcuxpresso.tools.macosx_11.8.1.202308071233/tools/bin/../lib/gcc/arm-none-eabi/12.2.1/thumb/v7-m/nofp/libcr_eabihelpers.a(double.o)
                0x0000000000011a8c                __aeabi_dcmpeq
 .text.__aeabi_dcmplt
                0x0000000000011aca       0x5a /Applications/MCUXpressoIDE_11.8.1_1197/ide/plugins/com.nxp.mcuxpresso.tools.macosx_11.8.1.202308071233/tools/bin/../lib/gcc/arm-none-eabi/12.2.1/thumb/v7-m/nofp/libcr_eabihelpers.a(double.o)
                0x0000000000011aca                __aeabi_dcmplt
 .text.__aeabi_dcmpgt
                0x0000000000011b24       0x56 /Applications/MCUXpressoIDE_11.8.1_1197/ide/plugins/com.nxp.mcuxpresso.tools.macosx_11.8.1.202308071233/tools/bin/../lib/gcc/arm-none-eabi/12.2.1/thumb/v7-m/nofp/libcr_eabihelpers.a(double.o)
                0x0000000000011b24                __aeabi_dcmpgt
 .text.__aeabi_dcmple
                0x0000000000011b7a       0x5a /Applications/MCUXpressoIDE_11.8.1_1197/ide/plugins/com.nxp.mcuxpresso.tools.macosx_11.8.1.202308071233/tools/bin/../lib/gcc/arm-none-eabi/12.2.1/thumb/v7-m/nofp/libcr_eabihelpers.a(double.o)
                0x0000000000011b7a                __aeabi_dcmple
 .text.__aeabi_dcmpge
                0x0000000000011bd4       0x5a /Applications/MCUXpressoIDE_11.8.1_1197/ide/plugins/com.nxp.mcuxpresso.tools.macosx_11.8.1.202308071233/tools/bin/../lib/gcc/arm-none-eabi/12.2.1/thumb/v7-m/nofp/libcr_eabihelpers.a(double.o)
                0x0000000000011bd4                __aeabi_dcmpge
 .text.__aeabi_memcpy
                0x0000000000011c2e       0x34 /Applications/MCUXpressoIDE_11.8.1_1197/ide/plugins/com.nxp.mcuxpresso.tools.macosx_11.8.1.202308071233/tools/bin/../lib/gcc/arm-none-eabi/12.2.1/thumb/v7-m/nofp/libcr_eabihelpers.a(memcpy.o)
                0x0000000000011c2e                __aeabi_memcpy
                0x0000000000011c38                __aeabi_memcpy4
                0x0000000000011c38                __aeabi_memcpy8
 .text.__aeabi_memmove
                0x0000000000011c62       0x1c /Applications/MCUXpressoIDE_11.8.1_1197/ide/plugins/com.nxp.mcuxpresso.tools.macosx_11.8.1.202308071233/tools/bin/../lib/gcc/arm-none-eabi/12.2.1/thumb/v7-m/nofp/libcr_eabihelpers.a(memcpy.o)
                0x0000000000011c62                __aeabi_memmove8
                0x0000000000011c62                __aeabi_memmove
                0x0000000000011c62                __aeabi_memmove4
 .text.__aeabi_memset_lowlevel
                0x0000000000011c7e       0x32 /Applications/MCUXpressoIDE_11.8.1_1197/ide/plugins/com.nxp.mcuxpresso.tools.macosx_11.8.1.202308071233/tools/bin/../lib/gcc/arm-none-eabi/12.2.1/thumb/v7-m/nofp/libcr_eabihelpers.a(memcpy.o)
                0x0000000000011c7e                __aeabi_lowlevel_memset
 .text.__sys_appexit
                0x0000000000011cb0        0x2 /Applications/MCUXpressoIDE_11.8.1_1197/ide/plugins/com.nxp.mcuxpresso.tools.macosx_11.8.1.202308071233/tools/bin/../lib/gcc/arm-none-eabi/12.2.1/../../../../arm-none-eabi/lib/thumb/v7-m/nofp/libcr_nohost.a(__sys_appexit.o)
                0x0000000000011cb0                __exit
                0x0000000000011cb0                __sys_appexit
 .text.__sys_close
                0x0000000000011cb2        0x6 /Applications/MCUXpressoIDE_11.8.1_1197/ide/plugins/com.nxp.mcuxpresso.tools.macosx_11.8.1.202308071233/tools/bin/../lib/gcc/arm-none-eabi/12.2.1/../../../../arm-none-eabi/lib/thumb/v7-m/nofp/libcr_nohost.a(__sys_close.o)
                0x0000000000011cb2                __sys_close
 .text.__sys_flen
                0x0000000000011cb8        0x6 /Applications/MCUXpressoIDE_11.8.1_1197/ide/plugins/com.nxp.mcuxpresso.tools.macosx_11.8.1.202308071233/tools/bin/../lib/gcc/arm-none-eabi/12.2.1/../../../../arm-none-eabi/lib/thumb/v7-m/nofp/libcr_nohost.a(__sys_flen.o)
                0x0000000000011cb8                __sys_flen
 .text.__sys_istty
                0x0000000000011cbe        0x6 /Applications/MCUXpressoIDE_11.8.1_1197/ide/plugins/com.nxp.mcuxpresso.tools.macosx_11.8.1.202308071233/tools/bin/../lib/gcc/arm-none-eabi/12.2.1/../../../../arm-none-eabi/lib/thumb/v7-m/nofp/libcr_nohost.a(__sys_istty.o)
                0x0000000000011cbe                __sys_istty
 .text.__sys_remove
                0x0000000000011cc4        0x6 /Applications/MCUXpressoIDE_11.8.1_1197/ide/plugins/com.nxp.mcuxpresso.tools.macosx_11.8.1.202308071233/tools/bin/../lib/gcc/arm-none-eabi/12.2.1/../../../../arm-none-eabi/lib/thumb/v7-m/nofp/libcr_nohost.a(__sys_remove.o)
                0x0000000000011cc4                __sys_remove
 .text.__sys_seek
                0x0000000000011cca        0x6 /Applications/MCUXpressoIDE_11.8.1_1197/ide/plugins/com.nxp.mcuxpresso.tools.macosx_11.8.1.202308071233/tools/bin/../lib/gcc/arm-none-eabi/12.2.1/../../../../arm-none-eabi/lib/thumb/v7-m/nofp/libcr_nohost.a(__sys_seek.o)
                0x0000000000011cca                __sys_seek
 .text.__sys_tmpnam
                0x0000000000011cd0        0x6 /Applications/MCUXpressoIDE_11.8.1_1197/ide/plugins/com.nxp.mcuxpresso.tools.macosx_11.8.1.202308071233/tools/bin/../lib/gcc/arm-none-eabi/12.2.1/../../../../arm-none-eabi/lib/thumb/v7-m/nofp/libcr_nohost.a(__sys_tmpnam.o)
                0x0000000000011cd0                __sys_tmpnam
 *(.rodata .rodata.* .constdata .constdata.*)
 *fill*         0x0000000000011cd6        0x2 ff
 .rodata.USB_StringDescriptor
                0x0000000000011cd8       0x38 ./build/src/cdc_desc.o
                0x0000000000011cd8                USB_StringDescriptor
 .rodata.USB_DeviceDescriptor
                0x0000000000011d10       0x12 ./build/src/cdc_desc.o
                0x0000000000011d10                USB_DeviceDescriptor
 *fill*         0x0000000000011d22        0x2 ff
 .rodata.main.str1.4
                0x0000000000011d24       0x42 ./build/src/cdc_main.o
 *fill*         0x0000000000011d66        0x2 ff
 .rodata.g_usbApi
                0x0000000000011d68       0x20 ./build/src/cdc_main.o
 .rodata.embedded_cli_stop_search.str1.4
                0x0000000000011d88        0x9 ./build/src/embedded_cli.o
 *fill*         0x0000000000011d91        0x3 ff
 .rodata.embedded_cli_insert_default_char.str1.4
                0x0000000000011d94       0x10 ./build/src/embedded_cli.o
 .rodata.embedded_cli_insert_char.str1.4
                0x0000000000011da4        0xd ./build/src/embedded_cli.o
                                         0x15 (size before relaxing)
 *fill*         0x0000000000011db1        0x3 ff
 .rodata.display_help.str1.4
                0x0000000000011db4      0xb64 ./build/src/commands_main.o
                                        0xb67 (size before relaxing)
 .rodata.display_hwinfo.str1.4
                0x0000000000012918      0x326 ./build/src/commands_main.o
 *fill*         0x0000000000012c3e        0x2 ff
 .rodata.dispatch_cli_command.str1.4
                0x0000000000012c40      0x266 ./build/src/commands_main.o
 *fill*         0x0000000000012ea6        0x2 ff
 .rodata.validate_pin_id.str1.4
                0x0000000000012ea8       0x49 ./build/src/commands_main.o
 *fill*         0x0000000000012ef1        0x3 ff
 .rodata.str1.4
                0x0000000000012ef4       0x61 ./build/src/commands_main.o
 *fill*         0x0000000000012f55        0x3 ff
 .rodata        0x0000000000012f58       0x40 ./build/src/commands_main.o
 .rodata.cli_set_direction_bank.str1.4
                0x0000000000012f98       0xca ./build/src/commands_direction.o
 *fill*         0x0000000000013062        0x2 ff
 .rodata.cli_set_direction_all.str1.4
                0x0000000000013064       0x21 ./build/src/commands_direction.o
 *fill*         0x0000000000013085        0x3 ff
 .rodata.cli_set_direction.str1.4
                0x0000000000013088       0x61 ./build/src/commands_direction.o
 *fill*         0x00000000000130e9        0x3 ff
 .rodata.cli_show_direction.str1.4
                0x00000000000130ec       0x52 ./build/src/commands_direction.o
 *fill*         0x000000000001313e        0x2 ff
 .rodata.cli_set_level_pin.part.0.str1.4
                0x0000000000013140       0xd9 ./build/src/commands_level.o
 *fill*         0x0000000000013219        0x3 ff
 .rodata.cli_show_level_pin.str1.4
                0x000000000001321c        0xf ./build/src/commands_level.o
 *fill*         0x000000000001322b        0x1 ff
 .rodata.cli_show_level_bank.str1.4
                0x000000000001322c       0xd3 ./build/src/commands_level.o
 *fill*         0x00000000000132ff        0x1 ff
 .rodata.cli_show_level_all.str1.4
                0x0000000000013300       0xce ./build/src/commands_level.o
 *fill*         0x00000000000133ce        0x2 ff
 .rodata.cli_show_level.str1.4
                0x00000000000133d0       0x52 ./build/src/commands_level.o
                                         0x5e (size before relaxing)
 *fill*         0x0000000000013422        0x2 ff
 .rodata.cli_set_level_bank.str1.4
                0x0000000000013424       0xd5 ./build/src/commands_level.o
 *fill*         0x00000000000134f9        0x3 ff
 .rodata.cli_set_level_bitmap.str1.4
                0x00000000000134fc       0x96 ./build/src/commands_level.o
 *fill*         0x0000000000013592        0x2 ff
 .rodata.cli_set_level_all.str1.4
                0x0000000000013594       0x41 ./build/src/commands_level.o
 *fill*         0x00000000000135d5        0x3 ff
 .rodata.cli_set_level.str1.4
                0x00000000000135d8       0x45 ./build/src/commands_level.o
 *fill*         0x000000000001361d        0x3 ff
 .rodata.cli_set_io.str1.4
                0x0000000000013620       0xc6 ./build/src/commands_io.o
                                         0xd4 (size before relaxing)
 *fill*         0x00000000000136e6        0x2 ff
 .rodata.cli_show_io.str1.4
                0x00000000000136e8       0x3e ./build/src/commands_io.o
 *fill*         0x0000000000013726        0x2 ff
 .rodata.cli_set_dut_power.str1.4
                0x0000000000013728       0xa8 ./build/src/commands_io.o
 .rodata.cli_set_clock.str1.4
                0x00000000000137d0      0x1a5 ./build/src/commands_clock.o
                                        0x1e1 (size before relaxing)
 *fill*         0x0000000000013975        0x3 ff
 .rodata.cli_show_clock.str1.4
                0x0000000000013978       0x96 ./build/src/commands_clock.o
 *fill*         0x0000000000013a0e        0x2 ff
 .rodata.cli_set_test_name.part.0.str1.4
                0x0000000000013a10       0x6b ./build/src/commands_test.o
 *fill*         0x0000000000013a7b        0x1 ff
 .rodata.cli_set_test_io_settings.part.0.str1.4
                0x0000000000013a7c       0x82 ./build/src/commands_test.o
 *fill*         0x0000000000013afe        0x2 ff
 .rodata.uint8_to_binary_string.str1.4
                0x0000000000013b00        0x3 ./build/src/commands_test.o
 *fill*         0x0000000000013b03        0x1 ff
 .rodata.cli_set_test_pin_alias.str1.4
                0x0000000000013b04      0x174 ./build/src/commands_test.o
                                        0x178 (size before relaxing)
 .rodata.cli_run_test.str1.4
                0x0000000000013c78      0x173 ./build/src/commands_test.o
                                        0x193 (size before relaxing)
 *fill*         0x0000000000013deb        0x1 ff
 .rodata.cli_show_test_frame.str1.4
                0x0000000000013dec      0x12d ./build/src/commands_test.o
 *fill*         0x0000000000013f19        0x3 ff
 .rodata.cli_set_test_name.str1.4
                0x0000000000013f1c       0x38 ./build/src/commands_test.o
 .rodata.cli_set_test_frame_interval.str1.4
                0x0000000000013f54       0xb1 ./build/src/commands_test.o
 *fill*         0x0000000000014005        0x3 ff
 .rodata.cli_set_test_io_settings.str1.4
                0x0000000000014008       0x85 ./build/src/commands_test.o
 *fill*         0x000000000001408d        0x3 ff
 .rodata.parse_loop_condition.str1.4
                0x0000000000014090       0x45 ./build/src/commands_test.o
 *fill*         0x00000000000140d5        0x3 ff
 .rodata.handle_loop_settings.str1.4
                0x00000000000140d8        0x6 ./build/src/commands_test.o
 *fill*         0x00000000000140de        0x2 ff
 .rodata.parse_bank_setting.str1.4
                0x00000000000140e0       0xd8 ./build/src/commands_test.o
 .rodata.parse_pin_alias_params.str1.4
                0x00000000000141b8       0x9f ./build/src/commands_test.o
                                         0xaa (size before relaxing)
 *fill*         0x0000000000014257        0x1 ff
 .rodata.cli_set_test_frame.str1.4
                0x0000000000014258      0x4a0 ./build/src/commands_test.o
 .rodata.cli_set_test.str1.4
                0x00000000000146f8       0xa8 ./build/src/commands_test.o
 .rodata.show_test_aliases.str1.4
                0x00000000000147a0       0x89 ./build/src/commands_test.o
                                         0x8f (size before relaxing)
 *fill*         0x0000000000014829        0x3 ff
 .rodata.display_aliased_pin_header.str1.4
                0x000000000001482c       0x25 ./build/src/commands_test.o
 *fill*         0x0000000000014851        0x3 ff
 .rodata.display_aliased_pins_state.str1.4
                0x0000000000014854       0x1c ./build/src/commands_test.o
 .rodata.display_aliased_pin_footer.str1.4
                0x0000000000014870       0x18 ./build/src/commands_test.o
 .rodata.cli_show_test_states.str1.4
                0x0000000000014888      0x105 ./build/src/commands_test.o
 *fill*         0x000000000001498d        0x3 ff
 .rodata.cli_show_test_name.str1.4
                0x0000000000014990      0x217 ./build/src/commands_test.o
 *fill*         0x0000000000014ba7        0x1 ff
 .rodata.cli_show_test.str1.4
                0x0000000000014ba8       0x51 ./build/src/commands_test.o
 *fill*         0x0000000000014bf9        0x3 ff
 .rodata.cli_set_sram_test.str1.4
                0x0000000000014bfc      0x104 ./build/src/commands_sram_test.o
 .rodata.cli_show_sram_test.str1.4
                0x0000000000014d00       0xe3 ./build/src/commands_sram_test.o
 *fill*         0x0000000000014de3        0x1 ff
 .rodata.cli_run_sram_test.str1.4
                0x0000000000014de4       0x91 ./build/src/commands_sram_test.o
                                         0xa4 (size before relaxing)
 *fill*         0x0000000000014e75        0x3 ff
 .rodata.cli_set_rom_dumper.str1.4
                0x0000000000014e78       0x9d ./build/src/commands_rom_dumper.o
                                         0xf5 (size before relaxing)
 *fill*         0x0000000000014f15        0x3 ff
 .rodata.cli_show_rom_dumper.str1.4
                0x0000000000014f18       0x42 ./build/src/commands_rom_dumper.o
                                         0xdb (size before relaxing)
 *fill*         0x0000000000014f5a        0x2 ff
 .rodata.cli_run_rom_dumper.str1.4
                0x0000000000014f5c       0x65 ./build/src/commands_rom_dumper.o
                                         0xc8 (size before relaxing)
 *fill*         0x0000000000014fc1        0x3 ff
 .rodata.is_logic_oper.str1.4
                0x0000000000014fc4        0xf ./build/src/commands_test_criteria.o
 *fill*         0x0000000000014fd3        0x1 ff
 .rodata.parse_match_value_expression.str1.4
                0x0000000000014fd4       0x31 ./build/src/commands_test_criteria.o
 *fill*         0x0000000000015005        0x3 ff
 .rodata.parse_logic_expression.str1.4
                0x0000000000015008       0x2b ./build/src/commands_test_criteria.o
 *fill*         0x0000000000015033        0x1 ff
 .rodata.cli_set_test_criteria.str1.4
                0x0000000000015034      0x463 ./build/src/commands_test_criteria.o
                                        0x480 (size before relaxing)
 *fill*         0x0000000000015497        0x1 ff
 .rodata.str1.4
                0x0000000000015498       0x10 ./build/src/commands_test_criteria.o
 .rodata        0x00000000000154a8        0xc ./build/src/commands_test_criteria.o
 .rodata.init_sram_test.str1.4
                0x00000000000154b4       0x14 ./build/src/sram_test.o
 .rodata.init_rom_dumper.str1.4
                0x00000000000154c8       0x13 ./build/src/rom_dumper.o
 .rodata.check_test_criteria.str1.4
                0x00000000000154c8      0x1e8 ./build/src/state_ops.o
 .rodata.set_pin_write.str1.4
                0x00000000000156b0       0x57 ./build/src/gpio.o
 *fill*         0x0000000000015707        0x1 ff
 .rodata        0x0000000000015708       0x14 ./build/src/gpio.o
 .rodata.Timer1enable.str1.4
                0x000000000001571c       0x83 ./build/src/timers.o
 *fill*         0x000000000001579f        0x1 ff
 .rodata.Timer1disable.str1.4
                0x00000000000157a0       0x21 ./build/src/timers.o
 *fill*         0x00000000000157c1        0x3 ff
 .rodata.replace_or_append_cmd_buff.str1.4
                0x00000000000157c4       0x67 ./build/src/utils.o
                                         0x6b (size before relaxing)
 *fill*         0x000000000001582b        0x1 ff
 .rodata.tokenize_string.str1.4
                0x000000000001582c        0x3 ./build/src/utils.o
 *fill*         0x000000000001582f        0x1 ff