Archive member included to satisfy reference by file (symbol)

../lpc_board_nxp_lpcxpresso_1769/Debug/liblpc_board_nxp_lpcxpresso_1769.a(board.o)
                              ./build/src/cdc_main.o (Board_Init)
../lpc_board_nxp_lpcxpresso_1769/Debug/liblpc_board_nxp_lpcxpresso_1769.a(board_sysinit.o)
                              ./build/src/sysinit.o (Board_SystemInit)
../lpc_chip_175x_6x/Debug/liblpc_chip_175x_6x.a(chip_17xx_40xx.o)
                              ./build/src/cdc_main.o (SystemCoreClockUpdate)
../lpc_chip_175x_6x/Debug/liblpc_chip_175x_6x.a(clock_17xx_40xx.o)
                              ../lpc_chip_175x_6x/Debug/liblpc_chip_175x_6x.a(chip_17xx_40xx.o) (Chip_Clock_EnablePLL)
../lpc_chip_175x_6x/Debug/liblpc_chip_175x_6x.a(i2s_17xx_40xx.o)
                              ../lpc_board_nxp_lpcxpresso_1769/Debug/liblpc_board_nxp_lpcxpresso_1769.a(board.o) (Chip_I2S_Init)
../lpc_chip_175x_6x/Debug/liblpc_chip_175x_6x.a(iocon_17xx_40xx.o)
                              ../lpc_board_nxp_lpcxpresso_1769/Debug/liblpc_board_nxp_lpcxpresso_1769.a(board.o) (Chip_IOCON_PinMux)
../lpc_chip_175x_6x/Debug/liblpc_chip_175x_6x.a(stopwatch_17xx_40xx.o)
                              ./build/src/cdc_main.o (StopWatch_Init)
../lpc_chip_175x_6x/Debug/liblpc_chip_175x_6x.a(sysinit_17xx_40xx.o)
                              ../lpc_board_nxp_lpcxpresso_1769/Debug/liblpc_board_nxp_lpcxpresso_1769.a(board_sysinit.o) (Chip_SetupXtalClocking)
../lpc_chip_175x_6x/Debug/liblpc_chip_175x_6x.a(timer_17xx_40xx.o)
                              ../lpc_chip_175x_6x/Debug/liblpc_chip_175x_6x.a(stopwatch_17xx_40xx.o) (Chip_TIMER_Init)
../lpc_chip_175x_6x/Debug/liblpc_chip_175x_6x.a(uart_17xx_40xx.o)
                              ../lpc_board_nxp_lpcxpresso_1769/Debug/liblpc_board_nxp_lpcxpresso_1769.a(board.o) (Chip_UART_Init)
../lpc_chip_175x_6x/Debug/liblpc_chip_175x_6x.a(ring_buffer.o)
                              ../lpc_chip_175x_6x/Debug/liblpc_chip_175x_6x.a(uart_17xx_40xx.o) (RingBuffer_Insert)
../lpc_chip_175x_6x/libs/libusbd_175x_6x_lib.a(mw_usbd_rom_api.o)
                              ./build/src/cdc_main.o (cdc_api)
../lpc_chip_175x_6x/libs/libusbd_175x_6x_lib.a(hw_usbd_ip3503.o)
                              ../lpc_chip_175x_6x/libs/libusbd_175x_6x_lib.a(mw_usbd_rom_api.o) (hwUSB_GetMemSize)
../lpc_chip_175x_6x/libs/libusbd_175x_6x_lib.a(mw_usbd_cdcuser.o)
                              ../lpc_chip_175x_6x/libs/libusbd_175x_6x_lib.a(mw_usbd_rom_api.o) (mwCDC_SendNotification)
../lpc_chip_175x_6x/libs/libusbd_175x_6x_lib.a(mw_usbd_core.o)
                              ../lpc_chip_175x_6x/libs/libusbd_175x_6x_lib.a(mw_usbd_rom_api.o) (mwUSB_SetupStage)
../lpc_chip_175x_6x/libs/libusbd_175x_6x_lib.a(mw_usbd_dfuuser.o)
                              ../lpc_chip_175x_6x/libs/libusbd_175x_6x_lib.a(mw_usbd_rom_api.o) (mwDFU_GetMemSize)
../lpc_chip_175x_6x/libs/libusbd_175x_6x_lib.a(mw_usbd_hiduser.o)
                              ../lpc_chip_175x_6x/libs/libusbd_175x_6x_lib.a(mw_usbd_rom_api.o) (mwHID_GetMemSize)
../lpc_chip_175x_6x/libs/libusbd_175x_6x_lib.a(mw_usbd_mscuser.o)
                              ../lpc_chip_175x_6x/libs/libusbd_175x_6x_lib.a(mw_usbd_rom_api.o) (mwMSC_GetMemSize)
../RTT/libRTT.a(SEGGER_RTT_printf.o)
                              ./build/src/cdc_main.o (SEGGER_RTT_printf)
../RTT/libRTT.a(SEGGER_RTT.o)
                              ../RTT/libRTT.a(SEGGER_RTT_printf.o) (SEGGER_RTT_Write)
/Applications/MCUXpressoIDE_11.8.1_1197/ide/plugins/com.nxp.mcuxpresso.tools.macosx_11.8.1.202308071233/tools/bin/../lib/gcc/arm-none-eabi/12.2.1/../../../../arm-none-eabi/lib/thumb/v7-m/nofp/libcr_nohost.a(__ciob.o)
                              ./build/src/cdc_main.o (__Ciob)
/Applications/MCUXpressoIDE_11.8.1_1197/ide/plugins/com.nxp.mcuxpresso.tools.macosx_11.8.1.202308071233/tools/bin/../lib/gcc/arm-none-eabi/12.2.1/../../../../arm-none-eabi/lib/thumb/v7-m/nofp/libcr_nohost.a(_cr__main.o)
                              ./build/src/cr_startup_lpc175x_6x.o (__main)
/Applications/MCUXpressoIDE_11.8.1_1197/ide/plugins/com.nxp.mcuxpresso.tools.macosx_11.8.1.202308071233/tools/bin/../lib/gcc/arm-none-eabi/12.2.1/../../../../arm-none-eabi/lib/thumb/v7-m/nofp/libcr_c.a(memcpy.o)
                              ./build/src/cdc_vcom.o (memcpy)
/Applications/MCUXpressoIDE_11.8.1_1197/ide/plugins/com.nxp.mcuxpresso.tools.macosx_11.8.1.202308071233/tools/bin/../lib/gcc/arm-none-eabi/12.2.1/../../../../arm-none-eabi/lib/thumb/v7-m/nofp/libcr_c.a(memmove.o)
                              ./build/src/embedded_cli.o (memmove)
/Applications/MCUXpressoIDE_11.8.1_1197/ide/plugins/com.nxp.mcuxpresso.tools.macosx_11.8.1.202308071233/tools/bin/../lib/gcc/arm-none-eabi/12.2.1/../../../../arm-none-eabi/lib/thumb/v7-m/nofp/libcr_c.a(memset.o)
                              ./build/src/cdc_main.o (memset)
[...]
Memory Configuration

Name             Origin             Length             Attributes
MFlash512        0x0000000000000000 0x0000000000080000 xr
RamLoc32         0x0000000010000000 0x0000000000008000 xrw
RamAHB32         0x000000002007c000 0x0000000000008000 xrw
*default*        0x0000000000000000 0xffffffffffffffff

Linker script and memory map

LOAD ./build/src/cdc_desc.o
LOAD ./build/src/cdc_main.o
LOAD ./build/src/cdc_vcom.o
LOAD ./build/src/cr_startup_lpc175x_6x.o
LOAD ./build/src/sysinit.o
LOAD ./build/src/embedded_cli.o
LOAD ./build/src/commands.o
LOAD ./build/src/cli_io.o
LOAD ../lpc_board_nxp_lpcxpresso_1769/Debug/liblpc_board_nxp_lpcxpresso_1769.a
LOAD ../lpc_chip_175x_6x/Debug/liblpc_chip_175x_6x.a
LOAD ../lpc_chip_175x_6x/libs/libusbd_175x_6x_lib.a
LOAD ../RTT/libRTT.a
START GROUP
LOAD /Applications/MCUXpressoIDE_11.8.1_1197/ide/plugins/com.nxp.mcuxpresso.tools.macosx_11.8.1.202308071233/tools/bin/../lib/gcc/arm-none-eabi/12.2.1/../../../../arm-none-eabi/lib/thumb/v7-m/nofp/libcr_nohost.a
LOAD /Applications/MCUXpressoIDE_11.8.1_1197/ide/plugins/com.nxp.mcuxpresso.tools.macosx_11.8.1.202308071233/tools/bin/../lib/gcc/arm-none-eabi/12.2.1/../../../../arm-none-eabi/lib/thumb/v7-m/nofp/libcr_c.a
LOAD /Applications/MCUXpressoIDE_11.8.1_1197/ide/plugins/com.nxp.mcuxpresso.tools.macosx_11.8.1.202308071233/tools/bin/../lib/gcc/arm-none-eabi/12.2.1/thumb/v7-m/nofp/libcr_eabihelpers.a
LOAD /Applications/MCUXpressoIDE_11.8.1_1197/ide/plugins/com.nxp.mcuxpresso.tools.macosx_11.8.1.202308071233/tools/bin/../lib/gcc/arm-none-eabi/12.2.1/thumb/v7-m/nofp/libgcc.a
END GROUP
                0x0000000000000000                __base_MFlash512 = 0x0
                0x0000000000000000                __base_Flash = 0x0
                0x0000000000080000                __top_MFlash512 = 0x80000
                0x0000000000080000                __top_Flash = 0x80000
                0x0000000010000000                __base_RamLoc32 = 0x10000000
                0x0000000010000000                __base_RAM = 0x10000000
                0x0000000010008000                __top_RamLoc32 = 0x10008000
                0x0000000010008000                __top_RAM = 0x10008000
                0x000000002007c000                __base_RamAHB32 = 0x2007c000
                0x000000002007c000                __base_RAM2 = 0x2007c000
                0x0000000020084000                __top_RamAHB32 = 0x20084000
                0x0000000020084000                __top_RAM2 = 0x20084000

.text           0x0000000000000000     0x47c0
 FILL mask 0xff
                0x0000000000000000                __vectors_start__ = ABSOLUTE (.)
 *(.isr_vector)
 .isr_vector    0x0000000000000000       0xcc ./build/src/cr_startup_lpc175x_6x.o
                0x0000000000000000                g_pfnVectors
                0x00000000000000cc                . = ALIGN (0x4)
                0x00000000000000cc                __section_table_start = .
                0x00000000000000cc                __data_section_table = .
                0x00000000000000cc        0x4 LONG 0x47c0 LOADADDR (.data)
                0x00000000000000d0        0x4 LONG 0x10000000 ADDR (.data)
                0x00000000000000d4        0x4 LONG 0xc8 SIZEOF (.data)
                0x00000000000000d8        0x4 LONG 0x47c0 LOADADDR (.data_RAM2)
                0x00000000000000dc        0x4 LONG 0x2007c000 ADDR (.data_RAM2)
                0x00000000000000e0        0x4 LONG 0x0 SIZEOF (.data_RAM2)
                0x00000000000000e4                __data_section_table_end = .
                0x00000000000000e4                __bss_section_table = .
                0x00000000000000e4        0x4 LONG 0x100000c8 ADDR (.bss)
                0x00000000000000e8        0x4 LONG 0xbec SIZEOF (.bss)
                0x00000000000000ec        0x4 LONG 0x2007c000 ADDR (.bss_RAM2)
                0x00000000000000f0        0x4 LONG 0x0 SIZEOF (.bss_RAM2)
                0x00000000000000f4                __bss_section_table_end = .
                0x00000000000000f4                __section_table_end = .
 *(.after_vectors*)
 .after_vectors
                0x00000000000000f4      0x148 ./build/src/cr_startup_lpc175x_6x.o
                0x00000000000000f4                data_init
                0x0000000000000138                bss_init
                0x0000000000000170                ResetISR
                0x00000000000001ec                NMI_Handler
                0x00000000000001f4                HardFault_Handler
                0x00000000000001fc                MemManage_Handler
                0x0000000000000204                BusFault_Handler
                0x000000000000020c                UsageFault_Handler
                0x0000000000000214                SVC_Handler
                0x000000000000021c                DebugMon_Handler
                0x0000000000000224                PendSV_Handler
                0x000000000000022c                SysTick_Handler
                0x0000000000000234                IntDefaultHandler
                0x0000000000000234                PLL0_IRQHandler
                0x0000000000000234                CAN_IRQHandler
                0x0000000000000234                PLL1_IRQHandler
                0x0000000000000234                SSP0_IRQHandler
                0x0000000000000234                I2S_IRQHandler
                0x0000000000000234                I2C2_IRQHandler
                0x0000000000000234                RTC_IRQHandler
                0x0000000000000234                TIMER0_IRQHandler
                0x0000000000000234                SPI_IRQHandler
                0x0000000000000234                EINT1_IRQHandler
                0x0000000000000234                TIMER1_IRQHandler
                0x0000000000000234                UART2_IRQHandler
                0x0000000000000234                ADC_IRQHandler
                0x0000000000000234                SSP1_IRQHandler
                0x0000000000000234                BOD_IRQHandler
                0x0000000000000234                WDT_IRQHandler
                0x0000000000000234                QEI_IRQHandler
                0x0000000000000234                EINT0_IRQHandler
                0x0000000000000234                ETH_IRQHandler
                0x0000000000000234                DMA_IRQHandler
                0x0000000000000234                UART3_IRQHandler
                0x0000000000000234                TIMER2_IRQHandler
                0x0000000000000234                MCPWM_IRQHandler
                0x0000000000000234                RIT_IRQHandler
                0x0000000000000234                I2C0_IRQHandler
                0x0000000000000234                USBActivity_IRQHandler
                0x0000000000000234                PWM1_IRQHandler
                0x0000000000000234                I2C1_IRQHandler
                0x0000000000000234                EINT2_IRQHandler
                0x0000000000000234                UART1_IRQHandler
                0x0000000000000234                EINT3_IRQHandler
                0x0000000000000234                CANActivity_IRQHandler
                0x0000000000000234                TIMER3_IRQHandler
                0x0000000000000234                UART0_IRQHandler
 *(.text*)
 .text.NVIC_EnableIRQ
                0x000000000000023c       0x30 ./build/src/cdc_main.o
 .text.usb_pin_clk_init
                0x000000000000026c       0x12 ./build/src/cdc_main.o
 *fill*         0x000000000000027e        0x2 ff
 .text.USB_IRQHandler
                0x0000000000000280       0x20 ./build/src/cdc_main.o
                0x0000000000000280                USB_IRQHandler
 .text.find_IntfDesc
                0x00000000000002a0       0x5c ./build/src/cdc_main.o
                0x00000000000002a0                find_IntfDesc
 .text.main     0x00000000000002fc      0x198 ./build/src/cdc_main.o
                0x00000000000002fc                main
 .text.NVIC_EnableIRQ
                0x0000000000000494       0x30 ./build/src/cdc_vcom.o
 .text.NVIC_DisableIRQ
                0x00000000000004c4       0x34 ./build/src/cdc_vcom.o
 .text.VCOM_bulk_in_hdlr
                0x00000000000004f8       0x32 ./build/src/cdc_vcom.o
 *fill*         0x000000000000052a        0x2 ff
 .text.VCOM_bulk_out_hdlr
                0x000000000000052c       0xec ./build/src/cdc_vcom.o
 .text.VCOM_SetLineCode
                0x0000000000000618       0x28 ./build/src/cdc_vcom.o
 .text.vcom_init
                0x0000000000000640       0xec ./build/src/cdc_vcom.o
                0x0000000000000640                vcom_init
 .text.vcom_bread
                0x000000000000072c       0x8c ./build/src/cdc_vcom.o
                0x000000000000072c                vcom_bread
 .text.vcom_write
                0x00000000000007b8       0x74 ./build/src/cdc_vcom.o
                0x00000000000007b8                vcom_write
 .text.SystemInit
                0x000000000000082c       0x24 ./build/src/sysinit.o
                0x000000000000082c                SystemInit
 .text.cli_putchar
                0x0000000000000850       0x5c ./build/src/embedded_cli.o
 .text.cli_puts
                0x00000000000008ac       0x40 ./build/src/embedded_cli.o
 .text.embedded_cli_reset_line
                0x00000000000008ec       0x50 ./build/src/embedded_cli.o
 .text.embedded_cli_init
                0x000000000000093c       0x56 ./build/src/embedded_cli.o
                0x000000000000093c                embedded_cli_init
 *fill*         0x0000000000000992        0x2 ff
 .text.cli_ansi
                0x0000000000000994       0x58 ./build/src/embedded_cli.o
 .text.term_cursor_back
                0x00000000000009ec       0x38 ./build/src/embedded_cli.o
 .text.term_cursor_fwd
                0x0000000000000a24       0x38 ./build/src/embedded_cli.o
 .text.term_backspace
                0x0000000000000a5c       0x36 ./build/src/embedded_cli.o
 .text.embedded_cli_get_history_search
                0x0000000000000a92       0x44 ./build/src/embedded_cli.o
 *fill*         0x0000000000000ad6        0x2 ff
 .text.embedded_cli_insert_default_char
                0x0000000000000ad8       0xd8 ./build/src/embedded_cli.o
 .text.embedded_cli_get_history
                0x0000000000000bb0       0x6e ./build/src/embedded_cli.o
                0x0000000000000bb0                embedded_cli_get_history
 .text.embedded_cli_extend_history
                0x0000000000000c1e       0x70 ./build/src/embedded_cli.o
 *fill*         0x0000000000000c8e        0x2 ff
 .text.embedded_cli_stop_search
                0x0000000000000c90       0x90 ./build/src/embedded_cli.o
 .text.embedded_cli_insert_char
                0x0000000000000d20      0x74c ./build/src/embedded_cli.o
                0x0000000000000d20                embedded_cli_insert_char
 .text.is_whitespace
                0x000000000000146c       0x38 ./build/src/embedded_cli.o
 .text.embedded_cli_argc
                0x00000000000014a4      0x198 ./build/src/embedded_cli.o
                0x00000000000014a4                embedded_cli_argc
 .text.embedded_cli_prompt
                0x000000000000163c       0x1e ./build/src/embedded_cli.o
                0x000000000000163c                embedded_cli_prompt
 .text.dispatch_cli_command
                0x000000000000165a       0x14 ./build/src/commands.o
                0x000000000000165a                dispatch_cli_command
 .text.vcom_putch
                0x000000000000166e       0x36 ./build/src/cli_io.o
                0x000000000000166e                vcom_putch
 .text.Chip_IOCON_Init
                0x00000000000016a4       0x16 ../lpc_board_nxp_lpcxpresso_1769/Debug/liblpc_board_nxp_lpcxpresso_1769.a(board.o)
 .text.Chip_GPIO_Init
                0x00000000000016ba       0x16 ../lpc_board_nxp_lpcxpresso_1769/Debug/liblpc_board_nxp_lpcxpresso_1769.a(board.o)
 .text.Chip_GPIO_SetPinDIROutput
                0x00000000000016d0       0x36 ../lpc_board_nxp_lpcxpresso_1769/Debug/liblpc_board_nxp_lpcxpresso_1769.a(board.o)
 .text.Chip_GPIO_SetPinDIRInput
                0x0000000000001706       0x3a ../lpc_board_nxp_lpcxpresso_1769/Debug/liblpc_board_nxp_lpcxpresso_1769.a(board.o)
 .text.Chip_GPIO_SetPinDIR
                0x0000000000001740       0x42 ../lpc_board_nxp_lpcxpresso_1769/Debug/liblpc_board_nxp_lpcxpresso_1769.a(board.o)
 .text.Chip_GPIO_WriteDirBit
                0x0000000000001782       0x2e ../lpc_board_nxp_lpcxpresso_1769/Debug/liblpc_board_nxp_lpcxpresso_1769.a(board.o)
 .text.Chip_UART_SendByte
                0x00000000000017b0       0x1c ../lpc_board_nxp_lpcxpresso_1769/Debug/liblpc_board_nxp_lpcxpresso_1769.a(board.o)
 .text.Chip_UART_ConfigData
                0x00000000000017cc       0x1a ../lpc_board_nxp_lpcxpresso_1769/Debug/liblpc_board_nxp_lpcxpresso_1769.a(board.o)
 .text.Chip_UART_ReadLineStatus
                0x00000000000017e6       0x16 ../lpc_board_nxp_lpcxpresso_1769/Debug/liblpc_board_nxp_lpcxpresso_1769.a(board.o)
 .text.__sys_write
                0x00000000000017fc       0x38 ../lpc_board_nxp_lpcxpresso_1769/Debug/liblpc_board_nxp_lpcxpresso_1769.a(board.o)
                0x00000000000017fc                __sys_write
 .text.Board_LED_Init
                0x0000000000001834       0x18 ../lpc_board_nxp_lpcxpresso_1769/Debug/liblpc_board_nxp_lpcxpresso_1769.a(board.o)
 .text.Board_UART_Init
                0x000000000000184c       0x12 ../lpc_board_nxp_lpcxpresso_1769/Debug/liblpc_board_nxp_lpcxpresso_1769.a(board.o)
                0x000000000000184c                Board_UART_Init
 *fill*         0x000000000000185e        0x2 ff
 .text.Board_Debug_Init
                0x0000000000001860       0x30 ../lpc_board_nxp_lpcxpresso_1769/Debug/liblpc_board_nxp_lpcxpresso_1769.a(board.o)
                0x0000000000001860                Board_Debug_Init
 .text.Board_UARTPutChar
                0x0000000000001890       0x34 ../lpc_board_nxp_lpcxpresso_1769/Debug/liblpc_board_nxp_lpcxpresso_1769.a(board.o)
                0x0000000000001890                Board_UARTPutChar
 .text.Board_Init
                0x00000000000018c4       0x24 ../lpc_board_nxp_lpcxpresso_1769/Debug/liblpc_board_nxp_lpcxpresso_1769.a(board.o)
                0x00000000000018c4                Board_Init
 .text.Board_USBD_Init
                0x00000000000018e8       0x64 ../lpc_board_nxp_lpcxpresso_1769/Debug/liblpc_board_nxp_lpcxpresso_1769.a(board.o)
                0x00000000000018e8                Board_USBD_Init
 .text.Chip_SYSCTL_SetFLASHAccess
                0x000000000000194c       0x30 ../lpc_board_nxp_lpcxpresso_1769/Debug/liblpc_board_nxp_lpcxpresso_1769.a(board_sysinit.o)
 .text.Board_SetupMuxing
                0x000000000000197c       0x1c ../lpc_board_nxp_lpcxpresso_1769/Debug/liblpc_board_nxp_lpcxpresso_1769.a(board_sysinit.o)
                0x000000000000197c                Board_SetupMuxing
 .text.Board_SetupClocking
                0x0000000000001998       0x12 ../lpc_board_nxp_lpcxpresso_1769/Debug/liblpc_board_nxp_lpcxpresso_1769.a(board_sysinit.o)
                0x0000000000001998                Board_SetupClocking
 .text.Board_SystemInit
                0x00000000000019aa       0x10 ../lpc_board_nxp_lpcxpresso_1769/Debug/liblpc_board_nxp_lpcxpresso_1769.a(board_sysinit.o)
                0x00000000000019aa                Board_SystemInit
 *fill*         0x00000000000019ba        0x2 ff
 .text.Chip_Clock_IsUSBPLLLocked
                0x00000000000019bc       0x24 ../lpc_chip_175x_6x/Debug/liblpc_chip_175x_6x.a(chip_17xx_40xx.o)
 .text.Chip_Clock_IsUSBPLLConnected
                0x00000000000019e0       0x24 ../lpc_chip_175x_6x/Debug/liblpc_chip_175x_6x.a(chip_17xx_40xx.o)
 .text.SystemCoreClockUpdate
                0x0000000000001a04       0x18 ../lpc_chip_175x_6x/Debug/liblpc_chip_175x_6x.a(chip_17xx_40xx.o)
                0x0000000000001a04                SystemCoreClockUpdate
 .text.Chip_USB_Init
                0x0000000000001a1c       0x4c ../lpc_chip_175x_6x/Debug/liblpc_chip_175x_6x.a(chip_17xx_40xx.o)
                0x0000000000001a1c                Chip_USB_Init
 .text.Chip_Clock_IsMainPLLEnabled
                0x0000000000001a68       0x24 ../lpc_chip_175x_6x/Debug/liblpc_chip_175x_6x.a(clock_17xx_40xx.o)
 .text.Chip_Clock_IsMainPLLConnected
                0x0000000000001a8c       0x24 ../lpc_chip_175x_6x/Debug/liblpc_chip_175x_6x.a(clock_17xx_40xx.o)
 .text.Chip_Clock_FeedPLL
                0x0000000000001ab0       0x34 ../lpc_chip_175x_6x/Debug/liblpc_chip_175x_6x.a(clock_17xx_40xx.o)
 .text.Chip_Clock_GetMainPLLSource
                0x0000000000001ae4       0x20 ../lpc_chip_175x_6x/Debug/liblpc_chip_175x_6x.a(clock_17xx_40xx.o)
 .text.Chip_Clock_GetMainOscRate
                0x0000000000001b04       0x14 ../lpc_chip_175x_6x/Debug/liblpc_chip_175x_6x.a(clock_17xx_40xx.o)
 .text.Chip_Clock_GetIntOscRate
                0x0000000000001b18       0x14 ../lpc_chip_175x_6x/Debug/liblpc_chip_175x_6x.a(clock_17xx_40xx.o)
 .text.Chip_Clock_GetRTCOscRate
                0x0000000000001b2c       0x14 ../lpc_chip_175x_6x/Debug/liblpc_chip_175x_6x.a(clock_17xx_40xx.o)
 .text.Chip_Clock_GetMainPLLInClockRate
                0x0000000000001b40        0xe ../lpc_chip_175x_6x/Debug/liblpc_chip_175x_6x.a(clock_17xx_40xx.o)
 *fill*         0x0000000000001b4e        0x2 ff
 .text.Chip_Clock_EnablePLL
                0x0000000000001b50       0x44 ../lpc_chip_175x_6x/Debug/liblpc_chip_175x_6x.a(clock_17xx_40xx.o)
                0x0000000000001b50                Chip_Clock_EnablePLL
 .text.Chip_Clock_DisablePLL
                0x0000000000001b94       0x48 ../lpc_chip_175x_6x/Debug/liblpc_chip_175x_6x.a(clock_17xx_40xx.o)
                0x0000000000001b94                Chip_Clock_DisablePLL
 .text.Chip_Clock_SetupPLL
                0x0000000000001bdc       0x5c ../lpc_chip_175x_6x/Debug/liblpc_chip_175x_6x.a(clock_17xx_40xx.o)
                0x0000000000001bdc                Chip_Clock_SetupPLL
 .text.Chip_Clock_EnablePeriphClock
                0x0000000000001c38       0x34 ../lpc_chip_175x_6x/Debug/liblpc_chip_175x_6x.a(clock_17xx_40xx.o)
                0x0000000000001c38                Chip_Clock_EnablePeriphClock
 .text.Chip_Clock_GetCPUClockSource
                0x0000000000001c6c       0x24 ../lpc_chip_175x_6x/Debug/liblpc_chip_175x_6x.a(clock_17xx_40xx.o)
                0x0000000000001c6c                Chip_Clock_GetCPUClockSource
 .text.Chip_Clock_SetCPUClockDiv
                0x0000000000001c90       0x20 ../lpc_chip_175x_6x/Debug/liblpc_chip_175x_6x.a(clock_17xx_40xx.o)
                0x0000000000001c90                Chip_Clock_SetCPUClockDiv
 .text.Chip_Clock_GetCPUClockDiv
                0x0000000000001cb0       0x1c ../lpc_chip_175x_6x/Debug/liblpc_chip_175x_6x.a(clock_17xx_40xx.o)
                0x0000000000001cb0                Chip_Clock_GetCPUClockDiv
 .text.Chip_Clock_GetPCLKDiv
                0x0000000000001ccc       0x8c ../lpc_chip_175x_6x/Debug/liblpc_chip_175x_6x.a(clock_17xx_40xx.o)
                0x0000000000001ccc                Chip_Clock_GetPCLKDiv
 .text.Chip_Clock_GetSYSCLKRate
                0x0000000000001d58       0x3a ../lpc_chip_175x_6x/Debug/liblpc_chip_175x_6x.a(clock_17xx_40xx.o)
                0x0000000000001d58                Chip_Clock_GetSYSCLKRate
 *fill*         0x0000000000001d92        0x2 ff
 .text.Chip_Clock_GetMainPLLOutClockRate
                0x0000000000001d94       0x54 ../lpc_chip_175x_6x/Debug/liblpc_chip_175x_6x.a(clock_17xx_40xx.o)
                0x0000000000001d94                Chip_Clock_GetMainPLLOutClockRate
 .text.Chip_Clock_GetMainClockRate
                0x0000000000001de8       0x28 ../lpc_chip_175x_6x/Debug/liblpc_chip_175x_6x.a(clock_17xx_40xx.o)
                0x0000000000001de8                Chip_Clock_GetMainClockRate
 .text.Chip_Clock_GetSystemClockRate
                0x0000000000001e10       0x18 ../lpc_chip_175x_6x/Debug/liblpc_chip_175x_6x.a(clock_17xx_40xx.o)
                0x0000000000001e10                Chip_Clock_GetSystemClockRate
 .text.Chip_Clock_GetPeripheralClockRate
                0x0000000000001e28       0x26 ../lpc_chip_175x_6x/Debug/liblpc_chip_175x_6x.a(clock_17xx_40xx.o)
                0x0000000000001e28                Chip_Clock_GetPeripheralClockRate
 .text.Chip_IOCON_PinMuxSet
                0x0000000000001e4e       0x36 ../lpc_chip_175x_6x/Debug/liblpc_chip_175x_6x.a(iocon_17xx_40xx.o)
                0x0000000000001e4e                Chip_IOCON_PinMuxSet
 .text.Chip_IOCON_PinMux
                0x0000000000001e84       0x94 ../lpc_chip_175x_6x/Debug/liblpc_chip_175x_6x.a(iocon_17xx_40xx.o)
                0x0000000000001e84                Chip_IOCON_PinMux
 .text.Chip_IOCON_SetPinMuxing
                0x0000000000001f18       0x64 ../lpc_chip_175x_6x/Debug/liblpc_chip_175x_6x.a(iocon_17xx_40xx.o)
                0x0000000000001f18                Chip_IOCON_SetPinMuxing
 .text.Chip_TIMER_Enable
                0x0000000000001f7c       0x1e ../lpc_chip_175x_6x/Debug/liblpc_chip_175x_6x.a(stopwatch_17xx_40xx.o)
 .text.Chip_TIMER_PrescaleSet
                0x0000000000001f9a       0x1a ../lpc_chip_175x_6x/Debug/liblpc_chip_175x_6x.a(stopwatch_17xx_40xx.o)
 .text.StopWatch_Init
                0x0000000000001fb4       0x74 ../lpc_chip_175x_6x/Debug/liblpc_chip_175x_6x.a(stopwatch_17xx_40xx.o)
                0x0000000000001fb4                StopWatch_Init
 .text.Chip_Clock_IsMainPLLEnabled
                0x0000000000002028       0x24 ../lpc_chip_175x_6x/Debug/liblpc_chip_175x_6x.a(sysinit_17xx_40xx.o)
 .text.Chip_Clock_IsMainPLLLocked
                0x000000000000204c       0x24 ../lpc_chip_175x_6x/Debug/liblpc_chip_175x_6x.a(sysinit_17xx_40xx.o)
 .text.Chip_Clock_IsMainPLLConnected
                0x0000000000002070       0x24 ../lpc_chip_175x_6x/Debug/liblpc_chip_175x_6x.a(sysinit_17xx_40xx.o)
 .text.Chip_Clock_EnableCrystal
                0x0000000000002094       0x20 ../lpc_chip_175x_6x/Debug/liblpc_chip_175x_6x.a(sysinit_17xx_40xx.o)
 .text.Chip_Clock_IsCrystalEnabled
                0x00000000000020b4       0x24 ../lpc_chip_175x_6x/Debug/liblpc_chip_175x_6x.a(sysinit_17xx_40xx.o)
 .text.Chip_Clock_SetMainPLLSource
                0x00000000000020d8       0x20 ../lpc_chip_175x_6x/Debug/liblpc_chip_175x_6x.a(sysinit_17xx_40xx.o)
 .text.Chip_SetupXtalClocking
                0x00000000000020f8       0x90 ../lpc_chip_175x_6x/Debug/liblpc_chip_175x_6x.a(sysinit_17xx_40xx.o)
                0x00000000000020f8                Chip_SetupXtalClocking
 .text.Chip_Timer_GetClockIndex
                0x0000000000002188       0x50 ../lpc_chip_175x_6x/Debug/liblpc_chip_175x_6x.a(timer_17xx_40xx.o)
 .text.Chip_TIMER_Init
                0x00000000000021d8       0x1e ../lpc_chip_175x_6x/Debug/liblpc_chip_175x_6x.a(timer_17xx_40xx.o)
                0x00000000000021d8                Chip_TIMER_Init
 .text.Chip_UART_SetupFIFOS
                0x00000000000021f6       0x1a ../lpc_chip_175x_6x/Debug/liblpc_chip_175x_6x.a(uart_17xx_40xx.o)
 .text.Chip_UART_ConfigData
                0x0000000000002210       0x1a ../lpc_chip_175x_6x/Debug/liblpc_chip_175x_6x.a(uart_17xx_40xx.o)
 .text.Chip_UART_EnableDivisorAccess
                0x000000000000222a       0x1e ../lpc_chip_175x_6x/Debug/liblpc_chip_175x_6x.a(uart_17xx_40xx.o)
 .text.Chip_UART_DisableDivisorAccess
                0x0000000000002248       0x1e ../lpc_chip_175x_6x/Debug/liblpc_chip_175x_6x.a(uart_17xx_40xx.o)
 .text.Chip_UART_SetDivisorLatches
                0x0000000000002266       0x26 ../lpc_chip_175x_6x/Debug/liblpc_chip_175x_6x.a(uart_17xx_40xx.o)
 .text.Chip_UART_GetClockIndex
                0x000000000000228c       0x50 ../lpc_chip_175x_6x/Debug/liblpc_chip_175x_6x.a(uart_17xx_40xx.o)
 .text.Chip_UART_GetClkIndex
                0x00000000000022dc       0x50 ../lpc_chip_175x_6x/Debug/liblpc_chip_175x_6x.a(uart_17xx_40xx.o)
 .text.Chip_UART_Init
                0x000000000000232c       0x78 ../lpc_chip_175x_6x/Debug/liblpc_chip_175x_6x.a(uart_17xx_40xx.o)
                0x000000000000232c                Chip_UART_Init
 .text.Chip_UART_TXEnable
                0x00000000000023a4       0x18 ../lpc_chip_175x_6x/Debug/liblpc_chip_175x_6x.a(uart_17xx_40xx.o)
                0x00000000000023a4                Chip_UART_TXEnable
 .text.Chip_UART_TXDisable
                0x00000000000023bc       0x18 ../lpc_chip_175x_6x/Debug/liblpc_chip_175x_6x.a(uart_17xx_40xx.o)
                0x00000000000023bc                Chip_UART_TXDisable
 .text.Chip_UART_SetBaud
                0x00000000000023d4       0x62 ../lpc_chip_175x_6x/Debug/liblpc_chip_175x_6x.a(uart_17xx_40xx.o)
                0x00000000000023d4                Chip_UART_SetBaud
 .text.EPAdr    0x0000000000002436       0x10 ../lpc_chip_175x_6x/libs/libusbd_175x_6x_lib.a(hw_usbd_ip3503.o)
                0x0000000000002436                EPAdr
 .text.hwWrCmd  0x0000000000002446       0x10 ../lpc_chip_175x_6x/libs/libusbd_175x_6x_lib.a(hw_usbd_ip3503.o)
                0x0000000000002446                hwWrCmd
 .text.hwWrCmdDat
                0x0000000000002456       0x16 ../lpc_chip_175x_6x/libs/libusbd_175x_6x_lib.a(hw_usbd_ip3503.o)
                0x0000000000002456                hwWrCmdDat
 .text.hwWrCmdEP
                0x000000000000246c       0x24 ../lpc_chip_175x_6x/libs/libusbd_175x_6x_lib.a(hw_usbd_ip3503.o)
                0x000000000000246c                hwWrCmdEP
 .text.hwRdCmdDat
                0x0000000000002490       0x12 ../lpc_chip_175x_6x/libs/libusbd_175x_6x_lib.a(hw_usbd_ip3503.o)
                0x0000000000002490                hwRdCmdDat
 .text.hwUSB_GetMemSize
                0x00000000000024a2        0x6 ../lpc_chip_175x_6x/libs/libusbd_175x_6x_lib.a(hw_usbd_ip3503.o)
                0x00000000000024a2                hwUSB_GetMemSize
 .text.hwUSB_Connect
                0x00000000000024a8       0x1c ../lpc_chip_175x_6x/libs/libusbd_175x_6x_lib.a(hw_usbd_ip3503.o)
                0x00000000000024a8                hwUSB_Connect
 .text.hwUSB_Reset
                0x00000000000024c4       0x30 ../lpc_chip_175x_6x/libs/libusbd_175x_6x_lib.a(hw_usbd_ip3503.o)
                0x00000000000024c4                hwUSB_Reset
 .text.hwUSB_WakeUp
                0x00000000000024f4       0x20 ../lpc_chip_175x_6x/libs/libusbd_175x_6x_lib.a(hw_usbd_ip3503.o)
                0x00000000000024f4                hwUSB_WakeUp
 .text.hwUSB_WakeUpCfg
                0x0000000000002514        0x2 ../lpc_chip_175x_6x/libs/libusbd_175x_6x_lib.a(hw_usbd_ip3503.o)
                0x0000000000002514                hwUSB_WakeUpCfg
 *fill*         0x0000000000002516        0x2 ff
 .text.hwUSB_SetAddress
                0x0000000000002518       0x30 ../lpc_chip_175x_6x/libs/libusbd_175x_6x_lib.a(hw_usbd_ip3503.o)
                0x0000000000002518                hwUSB_SetAddress
 .text.hwUSB_Init
                0x0000000000002548       0x84 ../lpc_chip_175x_6x/libs/libusbd_175x_6x_lib.a(hw_usbd_ip3503.o)
                0x0000000000002548                hwUSB_Init
 .text.hwUSB_Configure
                0x00000000000025cc       0x34 ../lpc_chip_175x_6x/libs/libusbd_175x_6x_lib.a(hw_usbd_ip3503.o)
                0x00000000000025cc                hwUSB_Configure
 .text.hwUSB_ConfigEP
                0x0000000000002600       0x32 ../lpc_chip_175x_6x/libs/libusbd_175x_6x_lib.a(hw_usbd_ip3503.o)
                0x0000000000002600                hwUSB_ConfigEP
 .text.hwUSB_DirCtrlEP
                0x0000000000002632        0x2 ../lpc_chip_175x_6x/libs/libusbd_175x_6x_lib.a(hw_usbd_ip3503.o)
                0x0000000000002632                hwUSB_DirCtrlEP
 .text.hwUSB_EnableEP
                0x0000000000002634       0x24 ../lpc_chip_175x_6x/libs/libusbd_175x_6x_lib.a(hw_usbd_ip3503.o)
                0x0000000000002634                hwUSB_EnableEP
 .text.hwUSB_DisableEP
                0x0000000000002658       0x28 ../lpc_chip_175x_6x/libs/libusbd_175x_6x_lib.a(hw_usbd_ip3503.o)
                0x0000000000002658                hwUSB_DisableEP
 .text.hwUSB_ResetEP
                0x0000000000002680       0x24 ../lpc_chip_175x_6x/libs/libusbd_175x_6x_lib.a(hw_usbd_ip3503.o)
                0x0000000000002680                hwUSB_ResetEP
 .text.hwUSB_SetStallEP
                0x00000000000026a4       0x28 ../lpc_chip_175x_6x/libs/libusbd_175x_6x_lib.a(hw_usbd_ip3503.o)
                0x00000000000026a4                hwUSB_SetStallEP
 .text.hwUSB_ClrStallEP
                0x00000000000026cc       0x24 ../lpc_chip_175x_6x/libs/libusbd_175x_6x_lib.a(hw_usbd_ip3503.o)
                0x00000000000026cc                hwUSB_ClrStallEP
 .text.hwUSB_EnableEvent
                0x00000000000026f0       0xd8 ../lpc_chip_175x_6x/libs/libusbd_175x_6x_lib.a(hw_usbd_ip3503.o)
                0x00000000000026f0                hwUSB_EnableEvent
 .text.hwUSB_ReadEP
                0x00000000000027c8       0x80 ../lpc_chip_175x_6x/libs/libusbd_175x_6x_lib.a(hw_usbd_ip3503.o)
                0x00000000000027c8                hwUSB_ReadEP
 .text.hwUSB_ForceFullSpeed
                0x0000000000002848        0x2 ../lpc_chip_175x_6x/libs/libusbd_175x_6x_lib.a(hw_usbd_ip3503.o)
                0x0000000000002848                hwUSB_ForceFullSpeed
 .text.hwUSB_SetTestMode
                0x000000000000284a        0x4 ../lpc_chip_175x_6x/libs/libusbd_175x_6x_lib.a(hw_usbd_ip3503.o)
                0x000000000000284a                hwUSB_SetTestMode
 .text.hwUSB_ReadReqEP
                0x000000000000284e        0x4 ../lpc_chip_175x_6x/libs/libusbd_175x_6x_lib.a(hw_usbd_ip3503.o)
                0x000000000000284e                hwUSB_ReadReqEP
 .text.hwUSB_ReadSetupPkt
                0x0000000000002852        0x4 ../lpc_chip_175x_6x/libs/libusbd_175x_6x_lib.a(hw_usbd_ip3503.o)
                0x0000000000002852                hwUSB_ReadSetupPkt
 *fill*         0x0000000000002856        0x2 ff
 .text.hwUSB_WriteEP
                0x0000000000002858       0x44 ../lpc_chip_175x_6x/libs/libusbd_175x_6x_lib.a(hw_usbd_ip3503.o)
                0x0000000000002858                hwUSB_WriteEP
 .text.hwUSB_ISR
                0x000000000000289c      0x1a0 ../lpc_chip_175x_6x/libs/libusbd_175x_6x_lib.a(hw_usbd_ip3503.o)
                0x000000000000289c                hwUSB_ISR
 .text.mwCDC_SetRequest
                0x0000000000002a3c       0x7c ../lpc_chip_175x_6x/libs/libusbd_175x_6x_lib.a(mw_usbd_cdcuser.o)
                0x0000000000002a3c                mwCDC_SetRequest
 .text.mwCDC_ep0_hdlr
                0x0000000000002ab8       0xb0 ../lpc_chip_175x_6x/libs/libusbd_175x_6x_lib.a(mw_usbd_cdcuser.o)
                0x0000000000002ab8                mwCDC_ep0_hdlr
 .text.mwCDC_GetRequest
                0x0000000000002b68       0x50 ../lpc_chip_175x_6x/libs/libusbd_175x_6x_lib.a(mw_usbd_cdcuser.o)
                0x0000000000002b68                mwCDC_GetRequest
 .text.mwCDC_SendNotification
                0x0000000000002bb8       0x50 ../lpc_chip_175x_6x/libs/libusbd_175x_6x_lib.a(mw_usbd_cdcuser.o)
                0x0000000000002bb8                mwCDC_SendNotification
 .text.mwCDC_GetMemSize
                0x0000000000002c08        0x4 ../lpc_chip_175x_6x/libs/libusbd_175x_6x_lib.a(mw_usbd_cdcuser.o)
                0x0000000000002c08                mwCDC_GetMemSize
 .text.mwCDC_init
                0x0000000000002c0c      0x140 ../lpc_chip_175x_6x/libs/libusbd_175x_6x_lib.a(mw_usbd_cdcuser.o)
                0x0000000000002c0c                mwCDC_init
 .text.USB_ReqGetConfiguration
                0x0000000000002d4c       0x20 ../lpc_chip_175x_6x/libs/libusbd_175x_6x_lib.a(mw_usbd_core.o)
                0x0000000000002d4c                USB_ReqGetConfiguration
 .text.USBD_virt_to_phys
                0x0000000000002d6c        0x2 ../lpc_chip_175x_6x/libs/libusbd_175x_6x_lib.a(mw_usbd_core.o)
                0x0000000000002d6c                USBD_virt_to_phys
 .text.USBD_cache_flush
                0x0000000000002d6e        0x2 ../lpc_chip_175x_6x/libs/libusbd_175x_6x_lib.a(mw_usbd_core.o)
                0x0000000000002d6e                USBD_cache_flush
 .text.USB_ReqGetStatus
                0x0000000000002d70       0x8c ../lpc_chip_175x_6x/libs/libusbd_175x_6x_lib.a(mw_usbd_core.o)
                0x0000000000002d70                USB_ReqGetStatus
 .text.USB_ReqGetDescriptor
                0x0000000000002dfc       0x84 ../lpc_chip_175x_6x/libs/libusbd_175x_6x_lib.a(mw_usbd_core.o)
                0x0000000000002dfc                USB_ReqGetDescriptor
 .text.USB_ReqGetInterface
                0x0000000000002e80       0x34 ../lpc_chip_175x_6x/libs/libusbd_175x_6x_lib.a(mw_usbd_core.o)
                0x0000000000002e80                USB_ReqGetInterface
 .text.USB_ReqSetClrFeature
                0x0000000000002eb4       0xb4 ../lpc_chip_175x_6x/libs/libusbd_175x_6x_lib.a(mw_usbd_core.o)
                0x0000000000002eb4                USB_ReqSetClrFeature
 .text.USB_ReqSetConfiguration
                0x0000000000002f68      0x194 ../lpc_chip_175x_6x/libs/libusbd_175x_6x_lib.a(mw_usbd_core.o)
                0x0000000000002f68                USB_ReqSetConfiguration
 .text.USB_ReqSetInterface
                0x00000000000030fc      0x144 ../lpc_chip_175x_6x/libs/libusbd_175x_6x_lib.a(mw_usbd_core.o)
                0x00000000000030fc                USB_ReqSetInterface
 .text.mwUSB_SetupStage
                0x0000000000003240        0xa ../lpc_chip_175x_6x/libs/libusbd_175x_6x_lib.a(mw_usbd_core.o)
                0x0000000000003240                mwUSB_SetupStage
 .text.mwUSB_DataInStage
                0x000000000000324a       0x2e ../lpc_chip_175x_6x/libs/libusbd_175x_6x_lib.a(mw_usbd_core.o)
                0x000000000000324a                mwUSB_DataInStage
 .text.mwUSB_DataOutStage
                0x0000000000003278       0x24 ../lpc_chip_175x_6x/libs/libusbd_175x_6x_lib.a(mw_usbd_core.o)
                0x0000000000003278                mwUSB_DataOutStage
 .text.mwUSB_StatusInStage
                0x000000000000329c        0xa ../lpc_chip_175x_6x/libs/libusbd_175x_6x_lib.a(mw_usbd_core.o)
                0x000000000000329c                mwUSB_StatusInStage
 .text.mwUSB_StatusOutStage
                0x00000000000032a6        0xa ../lpc_chip_175x_6x/libs/libusbd_175x_6x_lib.a(mw_usbd_core.o)
                0x00000000000032a6                mwUSB_StatusOutStage
 .text.mwUSB_StallEp0
                0x00000000000032b0       0x12 ../lpc_chip_175x_6x/libs/libusbd_175x_6x_lib.a(mw_usbd_core.o)
                0x00000000000032b0                mwUSB_StallEp0
 *fill*         0x00000000000032c2        0x2 ff
 .text.USB_ReqSetAddress
                0x00000000000032c4       0x24 ../lpc_chip_175x_6x/libs/libusbd_175x_6x_lib.a(mw_usbd_core.o)
                0x00000000000032c4                USB_ReqSetAddress
 .text.USB_InvokeEp0Hdlrs
                0x00000000000032e8       0x44 ../lpc_chip_175x_6x/libs/libusbd_175x_6x_lib.a(mw_usbd_core.o)
                0x00000000000032e8                USB_InvokeEp0Hdlrs
 .text.mwUSB_ResetCore
                0x000000000000332c       0x26 ../lpc_chip_175x_6x/libs/libusbd_175x_6x_lib.a(mw_usbd_core.o)
                0x000000000000332c                mwUSB_ResetCore
 *fill*         0x0000000000003352        0x2 ff
 .text.USB_EvtSetupHandler
                0x0000000000003354      0x108 ../lpc_chip_175x_6x/libs/libusbd_175x_6x_lib.a(mw_usbd_core.o)
                0x0000000000003354                USB_EvtSetupHandler
 .text.USB_EvtOutHandler
                0x000000000000345c       0x68 ../lpc_chip_175x_6x/libs/libusbd_175x_6x_lib.a(mw_usbd_core.o)
                0x000000000000345c                USB_EvtOutHandler
 .text.USB_EndPoint0
                0x00000000000034c4       0x94 ../lpc_chip_175x_6x/libs/libusbd_175x_6x_lib.a(mw_usbd_core.o)
                0x00000000000034c4                USB_EndPoint0
 .text.mwUSB_InitCore
                0x0000000000003558       0xdc ../lpc_chip_175x_6x/libs/libusbd_175x_6x_lib.a(mw_usbd_core.o)
                0x0000000000003558                mwUSB_InitCore
 .text.mwUSB_RegisterClassHandler
                0x0000000000003634       0x28 ../lpc_chip_175x_6x/libs/libusbd_175x_6x_lib.a(mw_usbd_core.o)
                0x0000000000003634                mwUSB_RegisterClassHandler
 .text.mwUSB_RegisterEpHandler
                0x000000000000365c       0x24 ../lpc_chip_175x_6x/libs/libusbd_175x_6x_lib.a(mw_usbd_core.o)
                0x000000000000365c                mwUSB_RegisterEpHandler
 .text._StoreChar
                0x0000000000003680       0x7a ../RTT/libRTT.a(SEGGER_RTT_printf.o)
 *fill*         0x00000000000036fa        0x2 ff
 .text._PrintUnsigned
                0x00000000000036fc      0x154 ../RTT/libRTT.a(SEGGER_RTT_printf.o)
 .text._PrintInt
                0x0000000000003850      0x146 ../RTT/libRTT.a(SEGGER_RTT_printf.o)
 *fill*         0x0000000000003996        0x2 ff
 .text.SEGGER_RTT_vprintf
                0x0000000000003998      0x3a0 ../RTT/libRTT.a(SEGGER_RTT_printf.o)
                0x0000000000003998                SEGGER_RTT_vprintf
 .text.SEGGER_RTT_printf
                0x0000000000003d38       0x2e ../RTT/libRTT.a(SEGGER_RTT_printf.o)
                0x0000000000003d38                SEGGER_RTT_printf
 .text._Init    0x0000000000003d66        0xc ../RTT/libRTT.a(SEGGER_RTT.o)
 *fill*         0x0000000000003d72        0x2 ff
 .text.SEGGER_RTT_Write
                0x0000000000003d74      0x224 ../RTT/libRTT.a(SEGGER_RTT.o)
                0x0000000000003d74                SEGGER_RTT_Write
 .text.__main   0x0000000000003f98        0xe /Applications/MCUXpressoIDE_11.8.1_1197/ide/plugins/com.nxp.mcuxpresso.tools.macosx_11.8.1.202308071233/tools/bin/../lib/gcc/arm-none-eabi/12.2.1/../../../../arm-none-eabi/lib/thumb/v7-m/nofp/libcr_nohost.a(_cr__main.o)
                0x0000000000003f98                __main
 .text.memcpy   0x0000000000003fa6        0x4 /Applications/MCUXpressoIDE_11.8.1_1197/ide/plugins/com.nxp.mcuxpresso.tools.macosx_11.8.1.202308071233/tools/bin/../lib/gcc/arm-none-eabi/12.2.1/../../../../arm-none-eabi/lib/thumb/v7-m/nofp/libcr_c.a(memcpy.o)
                0x0000000000003fa6                memcpy
 .text.memmove  0x0000000000003faa        0x4 /Applications/MCUXpressoIDE_11.8.1_1197/ide/plugins/com.nxp.mcuxpresso.tools.macosx_11.8.1.202308071233/tools/bin/../lib/gcc/arm-none-eabi/12.2.1/../../../../arm-none-eabi/lib/thumb/v7-m/nofp/libcr_c.a(memmove.o)
                0x0000000000003faa                memmove
 .text.memset   0x0000000000003fae        0x4 /Applications/MCUXpressoIDE_11.8.1_1197/ide/plugins/com.nxp.mcuxpresso.tools.macosx_11.8.1.202308071233/tools/bin/../lib/gcc/arm-none-eabi/12.2.1/../../../../arm-none-eabi/lib/thumb/v7-m/nofp/libcr_c.a(memset.o)
                0x0000000000003fae                memset
 *fill*         0x0000000000003fb2        0x2 ff
 .text._initio  0x0000000000003fb4       0x78 /Applications/MCUXpressoIDE_11.8.1_1197/ide/plugins/com.nxp.mcuxpresso.tools.macosx_11.8.1.202308071233/tools/bin/../lib/gcc/arm-none-eabi/12.2.1/../../../../arm-none-eabi/lib/thumb/v7-m/nofp/libcr_c.a(initio.o)
                0x0000000000003fb4                _initio
 .text.setvbuf  0x000000000000402c       0x3e /Applications/MCUXpressoIDE_11.8.1_1197/ide/plugins/com.nxp.mcuxpresso.tools.macosx_11.8.1.202308071233/tools/bin/../lib/gcc/arm-none-eabi/12.2.1/../../../../arm-none-eabi/lib/thumb/v7-m/nofp/libcr_c.a(setvbuf.o)
                0x000000000000402c                setvbuf
 .text.strcmp   0x000000000000406a       0x44 /Applications/MCUXpressoIDE_11.8.1_1197/ide/plugins/com.nxp.mcuxpresso.tools.macosx_11.8.1.202308071233/tools/bin/../lib/gcc/arm-none-eabi/12.2.1/../../../../arm-none-eabi/lib/thumb/v7-m/nofp/libcr_c.a(strcmp.o)
                0x000000000000406a                strcmp
 .text.strlen   0x00000000000040ae       0x4e /Applications/MCUXpressoIDE_11.8.1_1197/ide/plugins/com.nxp.mcuxpresso.tools.macosx_11.8.1.202308071233/tools/bin/../lib/gcc/arm-none-eabi/12.2.1/../../../../arm-none-eabi/lib/thumb/v7-m/nofp/libcr_c.a(strlen.o)
                0x00000000000040ae                strlen
 .text.strncpy  0x00000000000040fc       0x58 /Applications/MCUXpressoIDE_11.8.1_1197/ide/plugins/com.nxp.mcuxpresso.tools.macosx_11.8.1.202308071233/tools/bin/../lib/gcc/arm-none-eabi/12.2.1/../../../../arm-none-eabi/lib/thumb/v7-m/nofp/libcr_c.a(strncpy.o)
                0x00000000000040fc                strncpy
 .text.strstr   0x0000000000004154       0x20 /Applications/MCUXpressoIDE_11.8.1_1197/ide/plugins/com.nxp.mcuxpresso.tools.macosx_11.8.1.202308071233/tools/bin/../lib/gcc/arm-none-eabi/12.2.1/../../../../arm-none-eabi/lib/thumb/v7-m/nofp/libcr_c.a(strstr.o)
                0x0000000000004154                strstr
 .text._deferredlazyseek
                0x0000000000004174       0x40 /Applications/MCUXpressoIDE_11.8.1_1197/ide/plugins/com.nxp.mcuxpresso.tools.macosx_11.8.1.202308071233/tools/bin/../lib/gcc/arm-none-eabi/12.2.1/../../../../arm-none-eabi/lib/thumb/v7-m/nofp/libcr_c.a(_deferredlazyseek.o)
                0x0000000000004174                _deferredlazyseek
 .text._fdopen  0x00000000000041b4       0x68 /Applications/MCUXpressoIDE_11.8.1_1197/ide/plugins/com.nxp.mcuxpresso.tools.macosx_11.8.1.202308071233/tools/bin/../lib/gcc/arm-none-eabi/12.2.1/../../../../arm-none-eabi/lib/thumb/v7-m/nofp/libcr_c.a(_fdopen.o)
                0x00000000000041b4                _fdopen
 .text._fflush  0x000000000000421c       0x52 /Applications/MCUXpressoIDE_11.8.1_1197/ide/plugins/com.nxp.mcuxpresso.tools.macosx_11.8.1.202308071233/tools/bin/../lib/gcc/arm-none-eabi/12.2.1/../../../../arm-none-eabi/lib/thumb/v7-m/nofp/libcr_c.a(_fflush.o)
                0x000000000000421c                _fflush
 *fill*         0x000000000000426e        0x2 ff
 .text._Cwritebuf
                0x0000000000004270       0x6c /Applications/MCUXpressoIDE_11.8.1_1197/ide/plugins/com.nxp.mcuxpresso.tools.macosx_11.8.1.202308071233/tools/bin/../lib/gcc/arm-none-eabi/12.2.1/../../../../arm-none-eabi/lib/thumb/v7-m/nofp/libcr_c.a(_writebuf.o)
                0x0000000000004270                _Cwritebuf
 .text.free     0x00000000000042dc       0x30 /Applications/MCUXpressoIDE_11.8.1_1197/ide/plugins/com.nxp.mcuxpresso.tools.macosx_11.8.1.202308071233/tools/bin/../lib/gcc/arm-none-eabi/12.2.1/../../../../arm-none-eabi/lib/thumb/v7-m/nofp/libcr_c.a(alloc.o)
                0x00000000000042dc                free
 .text.fclose   0x000000000000430c       0x58 /Applications/MCUXpressoIDE_11.8.1_1197/ide/plugins/com.nxp.mcuxpresso.tools.macosx_11.8.1.202308071233/tools/bin/../lib/gcc/arm-none-eabi/12.2.1/../../../../arm-none-eabi/lib/thumb/v7-m/nofp/libcr_c.a(fclose.o)
                0x000000000000430c                fclose
 .text.fflush   0x0000000000004364       0x3c /Applications/MCUXpressoIDE_11.8.1_1197/ide/plugins/com.nxp.mcuxpresso.tools.macosx_11.8.1.202308071233/tools/bin/../lib/gcc/arm-none-eabi/12.2.1/../../../../arm-none-eabi/lib/thumb/v7-m/nofp/libcr_c.a(fflush.o)
                0x0000000000004364                fflush
 .text.fseek    0x00000000000043a0       0xf8 /Applications/MCUXpressoIDE_11.8.1_1197/ide/plugins/com.nxp.mcuxpresso.tools.macosx_11.8.1.202308071233/tools/bin/../lib/gcc/arm-none-eabi/12.2.1/../../../../arm-none-eabi/lib/thumb/v7-m/nofp/libcr_c.a(fseek.o)
                0x00000000000043a0                fseek
 .text.ftell    0x0000000000004498       0x44 /Applications/MCUXpressoIDE_11.8.1_1197/ide/plugins/com.nxp.mcuxpresso.tools.macosx_11.8.1.202308071233/tools/bin/../lib/gcc/arm-none-eabi/12.2.1/../../../../arm-none-eabi/lib/thumb/v7-m/nofp/libcr_c.a(ftell.o)
                0x0000000000004498                ftell
 .text.remove   0x00000000000044dc       0x14 /Applications/MCUXpressoIDE_11.8.1_1197/ide/plugins/com.nxp.mcuxpresso.tools.macosx_11.8.1.202308071233/tools/bin/../lib/gcc/arm-none-eabi/12.2.1/../../../../arm-none-eabi/lib/thumb/v7-m/nofp/libcr_c.a(remove.o)
                0x00000000000044dc                remove
 .text._do_fflush
                0x00000000000044f0       0x40 /Applications/MCUXpressoIDE_11.8.1_1197/ide/plugins/com.nxp.mcuxpresso.tools.macosx_11.8.1.202308071233/tools/bin/../lib/gcc/arm-none-eabi/12.2.1/../../../../arm-none-eabi/lib/thumb/v7-m/nofp/libcr_c.a(_do_fflush.o)
                0x00000000000044f0                _do_fflush
 .text.__aeabi_memcpy
                0x0000000000004530       0x34 /Applications/MCUXpressoIDE_11.8.1_1197/ide/plugins/com.nxp.mcuxpresso.tools.macosx_11.8.1.202308071233/tools/bin/../lib/gcc/arm-none-eabi/12.2.1/thumb/v7-m/nofp/libcr_eabihelpers.a(memcpy.o)
                0x0000000000004530                __aeabi_memcpy
                0x000000000000453a                __aeabi_memcpy4
                0x000000000000453a                __aeabi_memcpy8
 .text.__aeabi_memmove
                0x0000000000004564       0x1c /Applications/MCUXpressoIDE_11.8.1_1197/ide/plugins/com.nxp.mcuxpresso.tools.macosx_11.8.1.202308071233/tools/bin/../lib/gcc/arm-none-eabi/12.2.1/thumb/v7-m/nofp/libcr_eabihelpers.a(memcpy.o)
                0x0000000000004564                __aeabi_memmove8
                0x0000000000004564                __aeabi_memmove
                0x0000000000004564                __aeabi_memmove4
 .text.__aeabi_memset_lowlevel
                0x0000000000004580       0x32 /Applications/MCUXpressoIDE_11.8.1_1197/ide/plugins/com.nxp.mcuxpresso.tools.macosx_11.8.1.202308071233/tools/bin/../lib/gcc/arm-none-eabi/12.2.1/thumb/v7-m/nofp/libcr_eabihelpers.a(memcpy.o)
                0x0000000000004580                __aeabi_lowlevel_memset
 .text.__sys_close
                0x00000000000045b2        0x6 /Applications/MCUXpressoIDE_11.8.1_1197/ide/plugins/com.nxp.mcuxpresso.tools.macosx_11.8.1.202308071233/tools/bin/../lib/gcc/arm-none-eabi/12.2.1/../../../../arm-none-eabi/lib/thumb/v7-m/nofp/libcr_nohost.a(__sys_close.o)
                0x00000000000045b2                __sys_close
 .text.__sys_flen
                0x00000000000045b8        0x6 /Applications/MCUXpressoIDE_11.8.1_1197/ide/plugins/com.nxp.mcuxpresso.tools.macosx_11.8.1.202308071233/tools/bin/../lib/gcc/arm-none-eabi/12.2.1/../../../../arm-none-eabi/lib/thumb/v7-m/nofp/libcr_nohost.a(__sys_flen.o)
                0x00000000000045b8                __sys_flen
 .text.__sys_istty
                0x00000000000045be        0x6 /Applications/MCUXpressoIDE_11.8.1_1197/ide/plugins/com.nxp.mcuxpresso.tools.macosx_11.8.1.202308071233/tools/bin/../lib/gcc/arm-none-eabi/12.2.1/../../../../arm-none-eabi/lib/thumb/v7-m/nofp/libcr_nohost.a(__sys_istty.o)
                0x00000000000045be                __sys_istty
 .text.__sys_remove
                0x00000000000045c4        0x6 /Applications/MCUXpressoIDE_11.8.1_1197/ide/plugins/com.nxp.mcuxpresso.tools.macosx_11.8.1.202308071233/tools/bin/../lib/gcc/arm-none-eabi/12.2.1/../../../../arm-none-eabi/lib/thumb/v7-m/nofp/libcr_nohost.a(__sys_remove.o)
                0x00000000000045c4                __sys_remove
 .text.__sys_seek
                0x00000000000045ca        0x6 /Applications/MCUXpressoIDE_11.8.1_1197/ide/plugins/com.nxp.mcuxpresso.tools.macosx_11.8.1.202308071233/tools/bin/../lib/gcc/arm-none-eabi/12.2.1/../../../../arm-none-eabi/lib/thumb/v7-m/nofp/libcr_nohost.a(__sys_seek.o)
                0x00000000000045ca                __sys_seek
 .text.__sys_tmpnam
                0x00000000000045d0        0x6 /Applications/MCUXpressoIDE_11.8.1_1197/ide/plugins/com.nxp.mcuxpresso.tools.macosx_11.8.1.202308071233/tools/bin/../lib/gcc/arm-none-eabi/12.2.1/../../../../arm-none-eabi/lib/thumb/v7-m/nofp/libcr_nohost.a(__sys_tmpnam.o)
                0x00000000000045d0                __sys_tmpnam
 *(.rodata .rodata.* .constdata .constdata.*)
 *fill*         0x00000000000045d6        0x2 ff
 .rodata.USB_DeviceDescriptor
                0x00000000000045d8       0x12 ./build/src/cdc_desc.o
                0x00000000000045d8                USB_DeviceDescriptor
 *fill*         0x00000000000045ea        0x2 ff
 .rodata.USB_StringDescriptor
                0x00000000000045ec       0x38 ./build/src/cdc_desc.o
                0x00000000000045ec                USB_StringDescriptor
 .rodata.g_usbApi
                0x0000000000004624       0x20 ./build/src/cdc_main.o
 .rodata.main.str1.4
                0x0000000000004644       0x1d ./build/src/cdc_main.o
 *fill*         0x0000000000004661        0x3 ff
 .rodata.cli_putchar.str1.4
                0x0000000000004664       0x1b ./build/src/embedded_cli.o
 *fill*         0x000000000000467f        0x1 ff
 .rodata.embedded_cli_insert_default_char.str1.4
                0x0000000000004680       0x10 ./build/src/embedded_cli.o
 .rodata.embedded_cli_stop_search.str1.4
                0x0000000000004690        0x9 ./build/src/embedded_cli.o
 *fill*         0x0000000000004699        0x3 ff
 .rodata.embedded_cli_insert_char.str1.4
                0x000000000000469c       0x11 ./build/src/embedded_cli.o
                                         0x19 (size before relaxing)
 *fill*         0x00000000000046ad        0x3 ff
 .rodata.OscRateIn
                0x00000000000046b0        0x4 ../lpc_board_nxp_lpcxpresso_1769/Debug/liblpc_board_nxp_lpcxpresso_1769.a(board.o)
                0x00000000000046b0                OscRateIn
 .rodata.RTCOscRateIn
                0x00000000000046b4        0x4 ../lpc_board_nxp_lpcxpresso_1769/Debug/liblpc_board_nxp_lpcxpresso_1769.a(board.o)
                0x00000000000046b4                RTCOscRateIn
 .rodata.pinmuxing
                0x00000000000046b8       0x5c ../lpc_board_nxp_lpcxpresso_1769/Debug/liblpc_board_nxp_lpcxpresso_1769.a(board_sysinit.o)
 .rodata.hw_api
                0x0000000000004714       0x5c ../lpc_chip_175x_6x/libs/libusbd_175x_6x_lib.a(mw_usbd_rom_api.o)
                0x0000000000004714                hw_api
 .rodata.core_api
                0x0000000000004770       0x20 ../lpc_chip_175x_6x/libs/libusbd_175x_6x_lib.a(mw_usbd_rom_api.o)
                0x0000000000004770                core_api
 .rodata.cdc_api
                0x0000000000004790        0xc ../lpc_chip_175x_6x/libs/libusbd_175x_6x_lib.a(mw_usbd_rom_api.o)
                0x0000000000004790                cdc_api
 .rodata._aV2C.0
                0x000000000000479c       0x10 ../RTT/libRTT.a(SEGGER_RTT_printf.o)
 .rodata.str1.4
                0x00000000000047ac        0x9 ../RTT/libRTT.a(SEGGER_RTT.o)
 *fill*         0x00000000000047b5        0x3 ff
 .rodata.__num_Ciob_streams
                0x00000000000047b8        0x4 /Applications/MCUXpressoIDE_11.8.1_1197/ide/plugins/com.nxp.mcuxpresso.tools.macosx_11.8.1.202308071233/tools/bin/../lib/gcc/arm-none-eabi/12.2.1/../../../../arm-none-eabi/lib/thumb/v7-m/nofp/libcr_nohost.a(__ciob.o)
                0x00000000000047b8                __num_Ciob_streams
 .rodata._initio.str1.1
                0x00000000000047bc        0x4 /Applications/MCUXpressoIDE_11.8.1_1197/ide/plugins/com.nxp.mcuxpresso.tools.macosx_11.8.1.202308071233/tools/bin/../lib/gcc/arm-none-eabi/12.2.1/../../../../arm-none-eabi/lib/thumb/v7-m/nofp/libcr_c.a(initio.o)
                0x00000000000047c0                . = ALIGN (0x4)

.glue_7         0x00000000000047c0        0x0
 .glue_7        0x00000000000047c0        0x0 linker stubs

.glue_7t        0x00000000000047c0        0x0
 .glue_7t       0x00000000000047c0        0x0 linker stubs

.vfp11_veneer   0x00000000000047c0        0x0
 .vfp11_veneer  0x00000000000047c0        0x0 linker stubs

.v4_bx          0x00000000000047c0        0x0
 .v4_bx         0x00000000000047c0        0x0 linker stubs

.iplt           0x00000000000047c0        0x0
 .iplt          0x00000000000047c0        0x0 ./build/src/cdc_main.o

.rel.dyn        0x00000000000047c0        0x0
 .rel.iplt      0x00000000000047c0        0x0 ./build/src/cdc_main.o

.ARM.extab
 *(.ARM.extab* .gnu.linkonce.armextab.*)

.ARM.exidx      0x00000000000047c0        0x0
                0x00000000000047c0                __exidx_start = .
 *(.ARM.exidx* .gnu.linkonce.armexidx.*)
                0x00000000000047c0                __exidx_end = .
                0x00000000000047c0                _etext = .

.data_RAM2      0x000000002007c000        0x0 load address 0x00000000000047c0
 FILL mask 0xff
                [!provide]                        PROVIDE (__start_data_RAM2 = .)
                [!provide]                        PROVIDE (__start_data_RamAHB32 = .)
 *(.ramfunc.$RAM2)
 *(.ramfunc.$RamAHB32)
 *(.data.$RAM2)
 *(.data.$RamAHB32)
 *(.data.$RAM2.*)
 *(.data.$RamAHB32.*)
                0x000000002007c000                . = ALIGN (0x4)
                [!provide]                        PROVIDE (__end_data_RAM2 = .)
                [!provide]                        PROVIDE (__end_data_RamAHB32 = .)

.uninit_RESERVED
                0x0000000010000000        0x0
                0x0000000010000000                _start_uninit_RESERVED = .
 *(.bss.$RESERVED*)
                0x0000000010000000                . = ALIGN (0x4)
                0x0000000010000000                _end_uninit_RESERVED = .

.data           0x0000000010000000       0xc8 load address 0x00000000000047c0
 FILL mask 0xff
                0x0000000010000000                _data = .
                [!provide]                        PROVIDE (__start_data_RAM = .)
                [!provide]                        PROVIDE (__start_data_RamLoc32 = .)
 *(vtable)
 *(.ramfunc*)
 *(CodeQuickAccess)
 *(DataQuickAccess)
 *(RamFunction)
 *(.data*)
 .data.USB_FsConfigDescriptor
                0x0000000010000000       0x4c ./build/src/cdc_desc.o
                0x0000000010000000                USB_FsConfigDescriptor
 .data.g_pUsbApi
                0x000000001000004c        0x4 ./build/src/cdc_main.o
                0x000000001000004c                g_pUsbApi
 .data._SEGGER_RTT
                0x0000000010000050       0x78 ../RTT/libRTT.a(SEGGER_RTT.o)
                0x00000000100000c8                . = ALIGN (0x4)
                0x00000000100000c8                _edata = .
                [!provide]                        PROVIDE (__end_data_RAM = .)
                [!provide]                        PROVIDE (__end_data_RamLoc32 = .)

.igot.plt       0x00000000100000c8        0x0 load address 0x0000000000004888
 .igot.plt      0x00000000100000c8        0x0 ./build/src/cdc_main.o

.bss_RAM2       0x000000002007c000        0x0
                [!provide]                        PROVIDE (__start_bss_RAM2 = .)
                [!provide]                        PROVIDE (__start_bss_RamAHB32 = .)
 *(.bss.$RAM2)
 *(.bss.$RamAHB32)
 *(.bss.$RAM2.*)
 *(.bss.$RamAHB32.*)
                0x000000002007c000                . = ALIGN ((. != 0x0)?0x4:0x1)
                [!provide]                        PROVIDE (__end_bss_RAM2 = .)
                [!provide]                        PROVIDE (__end_bss_RamAHB32 = .)

.bss            0x00000000100000c8      0xbec
                0x00000000100000c8                _bss = .
                [!provide]                        PROVIDE (__start_bss_RAM = .)
                [!provide]                        PROVIDE (__start_bss_RamLoc32 = .)
 *(.bss*)
 .bss.g_rxBuff  0x00000000100000c8      0x100 ./build/src/cdc_main.o
 .bss.cli       0x00000000100001c8      0x4d0 ./build/src/cdc_main.o
 .bss.g_hUsb    0x0000000010000698        0x4 ./build/src/cdc_main.o
 .bss.g_vCOM    0x000000001000069c       0x14 ./build/src/cdc_vcom.o
                0x000000001000069c                g_vCOM
 .bss.SystemCoreClock
                0x00000000100006b0        0x4 ../lpc_chip_175x_6x/Debug/liblpc_chip_175x_6x.a(chip_17xx_40xx.o)
                0x00000000100006b0                SystemCoreClock
 .bss.ticksPerSecond
                0x00000000100006b4        0x4 ../lpc_chip_175x_6x/Debug/liblpc_chip_175x_6x.a(stopwatch_17xx_40xx.o)
 .bss.ticksPerMs
                0x00000000100006b8        0x4 ../lpc_chip_175x_6x/Debug/liblpc_chip_175x_6x.a(stopwatch_17xx_40xx.o)
 .bss.ticksPerUs
                0x00000000100006bc        0x4 ../lpc_chip_175x_6x/Debug/liblpc_chip_175x_6x.a(stopwatch_17xx_40xx.o)
 .bss._acUpBuffer
                0x00000000100006c0      0x400 ../RTT/libRTT.a(SEGGER_RTT.o)
 .bss._acDownBuffer
                0x0000000010000ac0       0x10 ../RTT/libRTT.a(SEGGER_RTT.o)
 .bss.__Ciob    0x0000000010000ad0      0x1e0 /Applications/MCUXpressoIDE_11.8.1_1197/ide/plugins/com.nxp.mcuxpresso.tools.macosx_11.8.1.202308071233/tools/bin/../lib/gcc/arm-none-eabi/12.2.1/../../../../arm-none-eabi/lib/thumb/v7-m/nofp/libcr_nohost.a(__ciob.o)
                0x0000000010000ad0                __Ciob
 .bss.errno     0x0000000010000cb0        0x4 /Applications/MCUXpressoIDE_11.8.1_1197/ide/plugins/com.nxp.mcuxpresso.tools.macosx_11.8.1.202308071233/tools/bin/../lib/gcc/arm-none-eabi/12.2.1/../../../../arm-none-eabi/lib/thumb/v7-m/nofp/libcr_c.a(errno.o)
                0x0000000010000cb0                errno
 *(COMMON)
                0x0000000010000cb4                . = ALIGN (0x4)
                0x0000000010000cb4                _ebss = .
                [!provide]                        PROVIDE (__end_bss_RAM = .)
                [!provide]                        PROVIDE (__end_bss_RamLoc32 = .)
                [!provide]                        PROVIDE (end = .)

.noinit_RAM2    0x000000002007c000        0x0
                [!provide]                        PROVIDE (__start_noinit_RAM2 = .)
                [!provide]                        PROVIDE (__start_noinit_RamAHB32 = .)
 *(.noinit.$RAM2)
 *(.noinit.$RamAHB32)
 *(.noinit.$RAM2.*)
 *(.noinit.$RamAHB32.*)
                0x000000002007c000                . = ALIGN (0x4)
                [!provide]                        PROVIDE (__end_noinit_RAM2 = .)
                [!provide]                        PROVIDE (__end_noinit_RamAHB32 = .)

.noinit         0x0000000010000cb4        0x0
                0x0000000010000cb4                _noinit = .
                [!provide]                        PROVIDE (__start_noinit_RAM = .)
                [!provide]                        PROVIDE (__start_noinit_RamLoc32 = .)
 *(.noinit*)
                0x0000000010000cb4                . = ALIGN (0x4)
                0x0000000010000cb4                _end_noinit = .
                [!provide]                        PROVIDE (__end_noinit_RAM = .)
                [!provide]                        PROVIDE (__end_noinit_RamLoc32 = .)
                0x0000000010000cb4                PROVIDE (_pvHeapStart = DEFINED (__user_heap_base)?__user_heap_base:.)
                0x0000000010008000                PROVIDE (_vStackTop = DEFINED (__user_stack_top)?__user_stack_top:(__top_RamLoc32 - 0x0))
                [!provide]                        PROVIDE (__valid_user_code_checksum = (0x0 - ((((((_vStackTop + (ResetISR + 0x1)) + (NMI_Handler + 0x1)) + (HardFault_Handler + 0x1)) + (DEFINED (MemManage_Handler)?MemManage_Handler:0x0 + 0x1)) + (DEFINED (BusFault_Handler)?BusFault_Handler:0x0 + 0x1)) + (DEFINED (UsageFault_Handler)?UsageFault_Handler:0x0 + 0x1))))
                0x0000000000000000                _image_start = LOADADDR (.text)
                0x0000000000004888                _image_end = (LOADADDR (.data) + SIZEOF (.data))
                0x0000000000004888                _image_size = (_image_end - _image_start)
OUTPUT(ictester.axf elf32-littlearm)
LOAD linker stubs

.debug_info     0x0000000000000000    0x10277
 .debug_info    0x0000000000000000      0x12a ./build/src/cdc_desc.o
 .debug_info    0x000000000000012a     0x1d6e ./build/src/cdc_main.o
 .debug_info    0x0000000000001e98     0x1b95 ./build/src/cdc_vcom.o
 .debug_info    0x0000000000003a2d      0x26a ./build/src/cr_startup_lpc175x_6x.o
 .debug_info    0x0000000000003c97       0xc4 ./build/src/sysinit.o
 .debug_info    0x0000000000003d5b      0x7e6 ./build/src/embedded_cli.o
 .debug_info    0x0000000000004541       0x74 ./build/src/commands.o
 .debug_info    0x00000000000045b5      0x1a6 ./build/src/cli_io.o
 .debug_info    0x000000000000475b     0x1523 ../lpc_board_nxp_lpcxpresso_1769/Debug/liblpc_board_nxp_lpcxpresso_1769.a(board.o)
 .debug_info    0x0000000000005c7e      0x58c ../lpc_board_nxp_lpcxpresso_1769/Debug/liblpc_board_nxp_lpcxpresso_1769.a(board_sysinit.o)
 .debug_info    0x000000000000620a      0x553 ../lpc_chip_175x_6x/Debug/liblpc_chip_175x_6x.a(chip_17xx_40xx.o)
 .debug_info    0x000000000000675d      0xb29 ../lpc_chip_175x_6x/Debug/liblpc_chip_175x_6x.a(clock_17xx_40xx.o)
 .debug_info    0x0000000000007286      0x2a2 ../lpc_chip_175x_6x/Debug/liblpc_chip_175x_6x.a(iocon_17xx_40xx.o)
 .debug_info    0x0000000000007528      0x3c5 ../lpc_chip_175x_6x/Debug/liblpc_chip_175x_6x.a(stopwatch_17xx_40xx.o)
 .debug_info    0x00000000000078ed      0x467 ../lpc_chip_175x_6x/Debug/liblpc_chip_175x_6x.a(sysinit_17xx_40xx.o)
 .debug_info    0x0000000000007d54      0x3ce ../lpc_chip_175x_6x/Debug/liblpc_chip_175x_6x.a(timer_17xx_40xx.o)
 .debug_info    0x0000000000008122      0xf6c ../lpc_chip_175x_6x/Debug/liblpc_chip_175x_6x.a(uart_17xx_40xx.o)
 .debug_info    0x000000000000908e     0x14f8 ../lpc_chip_175x_6x/libs/libusbd_175x_6x_lib.a(mw_usbd_rom_api.o)
 .debug_info    0x000000000000a586     0x1f77 ../lpc_chip_175x_6x/libs/libusbd_175x_6x_lib.a(hw_usbd_ip3503.o)
 .debug_info    0x000000000000c4fd     0x14e4 ../lpc_chip_175x_6x/libs/libusbd_175x_6x_lib.a(mw_usbd_cdcuser.o)
 .debug_info    0x000000000000d9e1     0x1f80 ../lpc_chip_175x_6x/libs/libusbd_175x_6x_lib.a(mw_usbd_core.o)
 .debug_info    0x000000000000f961      0x3de ../RTT/libRTT.a(SEGGER_RTT_printf.o)
 .debug_info    0x000000000000fd3f      0x538 ../RTT/libRTT.a(SEGGER_RTT.o)

.debug_abbrev   0x0000000000000000     0x30e5
 .debug_abbrev  0x0000000000000000       0x7b ./build/src/cdc_desc.o
 .debug_abbrev  0x000000000000007b      0x349 ./build/src/cdc_main.o
 .debug_abbrev  0x00000000000003c4      0x2ff ./build/src/cdc_vcom.o
 .debug_abbrev  0x00000000000006c3      0x13a ./build/src/cr_startup_lpc175x_6x.o
 .debug_abbrev  0x00000000000007fd       0x8c ./build/src/sysinit.o
 .debug_abbrev  0x0000000000000889      0x2a0 ./build/src/embedded_cli.o
 .debug_abbrev  0x0000000000000b29       0x64 ./build/src/commands.o
 .debug_abbrev  0x0000000000000b8d      0x112 ./build/src/cli_io.o
 .debug_abbrev  0x0000000000000c9f      0x46b ../lpc_board_nxp_lpcxpresso_1769/Debug/liblpc_board_nxp_lpcxpresso_1769.a(board.o)
 .debug_abbrev  0x000000000000110a      0x191 ../lpc_board_nxp_lpcxpresso_1769/Debug/liblpc_board_nxp_lpcxpresso_1769.a(board_sysinit.o)
 .debug_abbrev  0x000000000000129b      0x1a2 ../lpc_chip_175x_6x/Debug/liblpc_chip_175x_6x.a(chip_17xx_40xx.o)
 .debug_abbrev  0x000000000000143d      0x33c ../lpc_chip_175x_6x/Debug/liblpc_chip_175x_6x.a(clock_17xx_40xx.o)
 .debug_abbrev  0x0000000000001779      0x134 ../lpc_chip_175x_6x/Debug/liblpc_chip_175x_6x.a(iocon_17xx_40xx.o)
 .debug_abbrev  0x00000000000018ad      0x1db ../lpc_chip_175x_6x/Debug/liblpc_chip_175x_6x.a(stopwatch_17xx_40xx.o)
 .debug_abbrev  0x0000000000001a88      0x1a9 ../lpc_chip_175x_6x/Debug/liblpc_chip_175x_6x.a(sysinit_17xx_40xx.o)
 .debug_abbrev  0x0000000000001c31      0x183 ../lpc_chip_175x_6x/Debug/liblpc_chip_175x_6x.a(timer_17xx_40xx.o)
 .debug_abbrev  0x0000000000001db4      0x382 ../lpc_chip_175x_6x/Debug/liblpc_chip_175x_6x.a(uart_17xx_40xx.o)
 .debug_abbrev  0x0000000000002136      0x143 ../lpc_chip_175x_6x/libs/libusbd_175x_6x_lib.a(mw_usbd_rom_api.o)
 .debug_abbrev  0x0000000000002279      0x3b8 ../lpc_chip_175x_6x/libs/libusbd_175x_6x_lib.a(hw_usbd_ip3503.o)
 .debug_abbrev  0x0000000000002631      0x2f5 ../lpc_chip_175x_6x/libs/libusbd_175x_6x_lib.a(mw_usbd_cdcuser.o)
 .debug_abbrev  0x0000000000002926      0x3f6 ../lpc_chip_175x_6x/libs/libusbd_175x_6x_lib.a(mw_usbd_core.o)
 .debug_abbrev  0x0000000000002d1c      0x1c6 ../RTT/libRTT.a(SEGGER_RTT_printf.o)
 .debug_abbrev  0x0000000000002ee2      0x203 ../RTT/libRTT.a(SEGGER_RTT.o)

.debug_aranges  0x0000000000000000      0xab0
 .debug_aranges
                0x0000000000000000       0x18 ./build/src/cdc_desc.o
 .debug_aranges
                0x0000000000000018       0x40 ./build/src/cdc_main.o
 .debug_aranges
                0x0000000000000058       0x68 ./build/src/cdc_vcom.o
 .debug_aranges
                0x00000000000000c0       0x80 ./build/src/cr_startup_lpc175x_6x.o
 .debug_aranges
                0x0000000000000140       0x20 ./build/src/sysinit.o
 .debug_aranges
                0x0000000000000160       0xa8 ./build/src/embedded_cli.o
 .debug_aranges
                0x0000000000000208       0x20 ./build/src/commands.o
 .debug_aranges
                0x0000000000000228       0x28 ./build/src/cli_io.o
 .debug_aranges
                0x0000000000000250      0x160 ../lpc_board_nxp_lpcxpresso_1769/Debug/liblpc_board_nxp_lpcxpresso_1769.a(board.o)
 .debug_aranges
                0x00000000000003b0       0x38 ../lpc_board_nxp_lpcxpresso_1769/Debug/liblpc_board_nxp_lpcxpresso_1769.a(board_sysinit.o)
 .debug_aranges
                0x00000000000003e8       0x38 ../lpc_chip_175x_6x/Debug/liblpc_chip_175x_6x.a(chip_17xx_40xx.o)
 .debug_aranges
                0x0000000000000420      0x120 ../lpc_chip_175x_6x/Debug/liblpc_chip_175x_6x.a(clock_17xx_40xx.o)
 .debug_aranges
                0x0000000000000540       0x30 ../lpc_chip_175x_6x/Debug/liblpc_chip_175x_6x.a(iocon_17xx_40xx.o)
 .debug_aranges
                0x0000000000000570       0x68 ../lpc_chip_175x_6x/Debug/liblpc_chip_175x_6x.a(stopwatch_17xx_40xx.o)
 .debug_aranges
                0x00000000000005d8       0x60 ../lpc_chip_175x_6x/Debug/liblpc_chip_175x_6x.a(sysinit_17xx_40xx.o)
 .debug_aranges
                0x0000000000000638       0x40 ../lpc_chip_175x_6x/Debug/liblpc_chip_175x_6x.a(timer_17xx_40xx.o)
 .debug_aranges
                0x0000000000000678      0x128 ../lpc_chip_175x_6x/Debug/liblpc_chip_175x_6x.a(uart_17xx_40xx.o)
 .debug_aranges
                0x00000000000007a0       0x18 ../lpc_chip_175x_6x/libs/libusbd_175x_6x_lib.a(mw_usbd_rom_api.o)
 .debug_aranges
                0x00000000000007b8      0x118 ../lpc_chip_175x_6x/libs/libusbd_175x_6x_lib.a(hw_usbd_ip3503.o)
 .debug_aranges
                0x00000000000008d0       0x48 ../lpc_chip_175x_6x/libs/libusbd_175x_6x_lib.a(mw_usbd_cdcuser.o)
 .debug_aranges
                0x0000000000000918       0xd8 ../lpc_chip_175x_6x/libs/libusbd_175x_6x_lib.a(mw_usbd_core.o)
 .debug_aranges
                0x00000000000009f0       0x40 ../RTT/libRTT.a(SEGGER_RTT_printf.o)
 .debug_aranges
                0x0000000000000a30       0x80 ../RTT/libRTT.a(SEGGER_RTT.o)

.debug_macro    0x0000000000000000     0x68fe
 .debug_macro   0x0000000000000000       0xf5 ./build/src/cdc_desc.o
 .debug_macro   0x00000000000000f5      0xab4 ./build/src/cdc_desc.o
 .debug_macro   0x0000000000000ba9       0x10 ./build/src/cdc_desc.o
 .debug_macro   0x0000000000000bb9      0x12e ./build/src/cdc_desc.o
 .debug_macro   0x0000000000000ce7      0x5b3 ./build/src/cdc_desc.o
 .debug_macro   0x000000000000129a       0x22 ./build/src/cdc_desc.o
 .debug_macro   0x00000000000012bc       0x7b ./build/src/cdc_desc.o
 .debug_macro   0x0000000000001337       0x18 ./build/src/cdc_desc.o
 .debug_macro   0x000000000000134f      0x26c ./build/src/cdc_desc.o
 .debug_macro   0x00000000000015bb       0x58 ./build/src/cdc_desc.o
 .debug_macro   0x0000000000001613       0x12 ./build/src/cdc_desc.o
 .debug_macro   0x0000000000001625       0xfa ./build/src/cdc_desc.o
 .debug_macro   0x000000000000171f       0xee ./build/src/cdc_desc.o
 .debug_macro   0x000000000000180d      0x693 ./build/src/cdc_desc.o
 .debug_macro   0x0000000000001ea0      0x272 ./build/src/cdc_desc.o
 .debug_macro   0x0000000000002112       0x10 ./build/src/cdc_desc.o
 .debug_macro   0x0000000000002122      0x2f8 ./build/src/cdc_main.o
 .debug_macro   0x000000000000241a       0x10 ./build/src/cdc_main.o
 .debug_macro   0x000000000000242a       0x2d ./build/src/cdc_main.o
 .debug_macro   0x0000000000002457       0x3a ./build/src/cdc_main.o
 .debug_macro   0x0000000000002491       0x2d ./build/src/cdc_main.o
 .debug_macro   0x00000000000024be      0xbb1 ./build/src/cdc_main.o
 .debug_macro   0x000000000000306f      0x22c ./build/src/cdc_main.o
 .debug_macro   0x000000000000329b       0x42 ./build/src/cdc_main.o
 .debug_macro   0x00000000000032dd       0x52 ./build/src/cdc_main.o
 .debug_macro   0x000000000000332f       0x78 ./build/src/cdc_main.o
 .debug_macro   0x00000000000033a7       0x82 ./build/src/cdc_main.o
 .debug_macro   0x0000000000003429      0x48c ./build/src/cdc_main.o
 .debug_macro   0x00000000000038b5       0x34 ./build/src/cdc_main.o
 .debug_macro   0x00000000000038e9      0x4c5 ./build/src/cdc_main.o
 .debug_macro   0x0000000000003dae      0x1b7 ./build/src/cdc_main.o
 .debug_macro   0x0000000000003f65       0x10 ./build/src/cdc_main.o
 .debug_macro   0x0000000000003f75      0x21b ./build/src/cdc_main.o
 .debug_macro   0x0000000000004190      0x1b9 ./build/src/cdc_main.o
 .debug_macro   0x0000000000004349       0x40 ./build/src/cdc_main.o
 .debug_macro   0x0000000000004389       0x22 ./build/src/cdc_main.o
 .debug_macro   0x00000000000043ab      0x162 ./build/src/cdc_main.o
 .debug_macro   0x000000000000450d       0x94 ./build/src/cdc_main.o
 .debug_macro   0x00000000000045a1       0xb8 ./build/src/cdc_main.o
 .debug_macro   0x0000000000004659       0x4c ./build/src/cdc_main.o
 .debug_macro   0x00000000000046a5       0x16 ./build/src/cdc_main.o
 .debug_macro   0x00000000000046bb      0x328 ./build/src/cdc_main.o
 .debug_macro   0x00000000000049e3       0x49 ./build/src/cdc_main.o
 .debug_macro   0x0000000000004a2c       0x16 ./build/src/cdc_main.o
 .debug_macro   0x0000000000004a42       0xca ./build/src/cdc_main.o
 .debug_macro   0x0000000000004b0c       0x70 ./build/src/cdc_main.o
 .debug_macro   0x0000000000004b7c       0x9a ./build/src/cdc_main.o
 .debug_macro   0x0000000000004c16       0x20 ./build/src/cdc_main.o
 .debug_macro   0x0000000000004c36       0x28 ./build/src/cdc_main.o
 .debug_macro   0x0000000000004c5e       0x58 ./build/src/cdc_main.o
 .debug_macro   0x0000000000004cb6       0x2e ./build/src/cdc_main.o
 .debug_macro   0x0000000000004ce4       0x28 ./build/src/cdc_main.o
 .debug_macro   0x0000000000004d0c       0xe8 ./build/src/cdc_main.o
 .debug_macro   0x0000000000004df4      0x2da ./build/src/cdc_vcom.o
 .debug_macro   0x00000000000050ce       0x74 ./build/src/cdc_vcom.o
 .debug_macro   0x0000000000005142       0x1d ./build/src/cr_startup_lpc175x_6x.o
 .debug_macro   0x000000000000515f      0x217 ./build/src/sysinit.o
 .debug_macro   0x0000000000005376       0x7d ./build/src/embedded_cli.o
 .debug_macro   0x00000000000053f3       0xa0 ./build/src/embedded_cli.o
 .debug_macro   0x0000000000005493       0x22 ./build/src/embedded_cli.o
 .debug_macro   0x00000000000054b5       0x11 ./build/src/commands.o
 .debug_macro   0x00000000000054c6      0x11f ./build/src/cli_io.o
 .debug_macro   0x00000000000055e5       0x7a ./build/src/cli_io.o
 .debug_macro   0x000000000000565f      0x289 ../lpc_board_nxp_lpcxpresso_1769/Debug/liblpc_board_nxp_lpcxpresso_1769.a(board.o)
 .debug_macro   0x00000000000058e8       0x12 ../lpc_board_nxp_lpcxpresso_1769/Debug/liblpc_board_nxp_lpcxpresso_1769.a(board.o)
 .debug_macro   0x00000000000058fa      0x217 ../lpc_board_nxp_lpcxpresso_1769/Debug/liblpc_board_nxp_lpcxpresso_1769.a(board_sysinit.o)
 .debug_macro   0x0000000000005b11      0x1cd ../lpc_chip_175x_6x/Debug/liblpc_chip_175x_6x.a(chip_17xx_40xx.o)
 .debug_macro   0x0000000000005cde      0x1cd ../lpc_chip_175x_6x/Debug/liblpc_chip_175x_6x.a(clock_17xx_40xx.o)
 .debug_macro   0x0000000000005eab      0x1cd ../lpc_chip_175x_6x/Debug/liblpc_chip_175x_6x.a(iocon_17xx_40xx.o)
 .debug_macro   0x0000000000006078      0x1d7 ../lpc_chip_175x_6x/Debug/liblpc_chip_175x_6x.a(stopwatch_17xx_40xx.o)
 .debug_macro   0x000000000000624f      0x1cd ../lpc_chip_175x_6x/Debug/liblpc_chip_175x_6x.a(sysinit_17xx_40xx.o)
 .debug_macro   0x000000000000641c      0x1cd ../lpc_chip_175x_6x/Debug/liblpc_chip_175x_6x.a(timer_17xx_40xx.o)
 .debug_macro   0x00000000000065e9      0x1cd ../lpc_chip_175x_6x/Debug/liblpc_chip_175x_6x.a(uart_17xx_40xx.o)
 .debug_macro   0x00000000000067b6       0x6f ../RTT/libRTT.a(SEGGER_RTT_printf.o)
 .debug_macro   0x0000000000006825       0x34 ../RTT/libRTT.a(SEGGER_RTT_printf.o)
 .debug_macro   0x0000000000006859       0x28 ../RTT/libRTT.a(SEGGER_RTT_printf.o)
 .debug_macro   0x0000000000006881       0x1c ../RTT/libRTT.a(SEGGER_RTT_printf.o)
 .debug_macro   0x000000000000689d       0x61 ../RTT/libRTT.a(SEGGER_RTT.o)

.debug_line     0x0000000000000000     0x7a19
 .debug_line    0x0000000000000000      0x2a9 ./build/src/cdc_desc.o
 .debug_line    0x00000000000002a9      0x774 ./build/src/cdc_main.o
 .debug_line    0x0000000000000a1d      0x857 ./build/src/cdc_vcom.o
 .debug_line    0x0000000000001274      0x167 ./build/src/cr_startup_lpc175x_6x.o
 .debug_line    0x00000000000013db      0x4bf ./build/src/sysinit.o
 .debug_line    0x000000000000189a      0x90d ./build/src/embedded_cli.o
 .debug_line    0x00000000000021a7       0x49 ./build/src/commands.o
 .debug_line    0x00000000000021f0      0x32b ./build/src/cli_io.o
 .debug_line    0x000000000000251b      0xa28 ../lpc_board_nxp_lpcxpresso_1769/Debug/liblpc_board_nxp_lpcxpresso_1769.a(board.o)
 .debug_line    0x0000000000002f43      0x4f4 ../lpc_board_nxp_lpcxpresso_1769/Debug/liblpc_board_nxp_lpcxpresso_1769.a(board_sysinit.o)
 .debug_line    0x0000000000003437      0x4d8 ../lpc_chip_175x_6x/Debug/liblpc_chip_175x_6x.a(chip_17xx_40xx.o)
 .debug_line    0x000000000000390f      0x93d ../lpc_chip_175x_6x/Debug/liblpc_chip_175x_6x.a(clock_17xx_40xx.o)
 .debug_line    0x000000000000424c      0x502 ../lpc_chip_175x_6x/Debug/liblpc_chip_175x_6x.a(iocon_17xx_40xx.o)
 .debug_line    0x000000000000474e      0x55e ../lpc_chip_175x_6x/Debug/liblpc_chip_175x_6x.a(stopwatch_17xx_40xx.o)
 .debug_line    0x0000000000004cac      0x5b3 ../lpc_chip_175x_6x/Debug/liblpc_chip_175x_6x.a(sysinit_17xx_40xx.o)
 .debug_line    0x000000000000525f      0x505 ../lpc_chip_175x_6x/Debug/liblpc_chip_175x_6x.a(timer_17xx_40xx.o)
 .debug_line    0x0000000000005764      0xa18 ../lpc_chip_175x_6x/Debug/liblpc_chip_175x_6x.a(uart_17xx_40xx.o)
 .debug_line    0x000000000000617c      0x198 ../lpc_chip_175x_6x/libs/libusbd_175x_6x_lib.a(mw_usbd_rom_api.o)
 .debug_line    0x0000000000006314      0x54e ../lpc_chip_175x_6x/libs/libusbd_175x_6x_lib.a(hw_usbd_ip3503.o)
 .debug_line    0x0000000000006862      0x308 ../lpc_chip_175x_6x/libs/libusbd_175x_6x_lib.a(mw_usbd_cdcuser.o)
 .debug_line    0x0000000000006b6a      0x4ca ../lpc_chip_175x_6x/libs/libusbd_175x_6x_lib.a(mw_usbd_core.o)
 .debug_line    0x0000000000007034      0x546 ../RTT/libRTT.a(SEGGER_RTT_printf.o)
 .debug_line    0x000000000000757a      0x49f ../RTT/libRTT.a(SEGGER_RTT.o)

.debug_str      0x0000000000000000    0x1a60b
 .debug_str     0x0000000000000000     0x83de ./build/src/cdc_desc.o
                                       0x846f (size before relaxing)
 .debug_str     0x00000000000083de     0xe7f0 ./build/src/cdc_main.o
                                      0x16f17 (size before relaxing)
 .debug_str     0x0000000000016bce      0x255 ./build/src/cdc_vcom.o
                                      0x168e0 (size before relaxing)
 .debug_str     0x0000000000016e23      0x1d9 ./build/src/cr_startup_lpc175x_6x.o
                                       0x2fb3 (size before relaxing)
 .debug_str     0x0000000000016ffc       0x31 ./build/src/sysinit.o
                                      0x1128a (size before relaxing)
 .debug_str     0x000000000001702d      0x1b3 ./build/src/embedded_cli.o
                                       0x3dff (size before relaxing)
 .debug_str     0x00000000000171e0       0x17 ./build/src/commands.o
                                       0x2dff (size before relaxing)
 .debug_str     0x00000000000171f7       0x32 ./build/src/cli_io.o
                                       0x8a35 (size before relaxing)
 .debug_str     0x0000000000017229      0xd71 ../lpc_board_nxp_lpcxpresso_1769/Debug/liblpc_board_nxp_lpcxpresso_1769.a(board.o)
                                      0x1223a (size before relaxing)
 .debug_str     0x0000000000017f9a      0x24b ../lpc_board_nxp_lpcxpresso_1769/Debug/liblpc_board_nxp_lpcxpresso_1769.a(board_sysinit.o)
                                      0x116d2 (size before relaxing)
 .debug_str     0x00000000000181e5       0xfd ../lpc_chip_175x_6x/Debug/liblpc_chip_175x_6x.a(chip_17xx_40xx.o)
                                      0x11425 (size before relaxing)
 .debug_str     0x00000000000182e2      0x7c7 ../lpc_chip_175x_6x/Debug/liblpc_chip_175x_6x.a(clock_17xx_40xx.o)
                                      0x11a20 (size before relaxing)
 .debug_str     0x0000000000018aa9       0x4f ../lpc_chip_175x_6x/Debug/liblpc_chip_175x_6x.a(iocon_17xx_40xx.o)
                                      0x10e86 (size before relaxing)
 .debug_str     0x0000000000018af8      0x13e ../lpc_chip_175x_6x/Debug/liblpc_chip_175x_6x.a(stopwatch_17xx_40xx.o)
                                      0x110b8 (size before relaxing)
 .debug_str     0x0000000000018c36       0xad ../lpc_chip_175x_6x/Debug/liblpc_chip_175x_6x.a(sysinit_17xx_40xx.o)
                                      0x110d9 (size before relaxing)
 .debug_str     0x0000000000018ce3      0x125 ../lpc_chip_175x_6x/Debug/liblpc_chip_175x_6x.a(timer_17xx_40xx.o)
                                      0x111f2 (size before relaxing)
 .debug_str     0x0000000000018e08      0x3bb ../lpc_chip_175x_6x/Debug/liblpc_chip_175x_6x.a(uart_17xx_40xx.o)
                                      0x11985 (size before relaxing)
 .debug_str     0x00000000000191c3      0x6f7 ../lpc_chip_175x_6x/libs/libusbd_175x_6x_lib.a(mw_usbd_rom_api.o)
                                       0x18af (size before relaxing)
 .debug_str     0x00000000000198ba      0x50c ../lpc_chip_175x_6x/libs/libusbd_175x_6x_lib.a(hw_usbd_ip3503.o)
                                       0x1ab2 (size before relaxing)
 .debug_str     0x0000000000019dc6      0x152 ../lpc_chip_175x_6x/libs/libusbd_175x_6x_lib.a(mw_usbd_cdcuser.o)
                                       0x1910 (size before relaxing)
 .debug_str     0x0000000000019f18      0x179 ../lpc_chip_175x_6x/libs/libusbd_175x_6x_lib.a(mw_usbd_core.o)
                                       0x19a7 (size before relaxing)
 .debug_str     0x000000000001a091      0x384 ../RTT/libRTT.a(SEGGER_RTT_printf.o)
                                       0x3bd1 (size before relaxing)
 .debug_str     0x000000000001a415      0x1f6 ../RTT/libRTT.a(SEGGER_RTT.o)
                                       0x3b84 (size before relaxing)

.comment        0x0000000000000000       0xb5
 .comment       0x0000000000000000       0x45 ./build/src/cdc_desc.o
                                         0x46 (size before relaxing)
 .comment       0x0000000000000045       0x46 ./build/src/cdc_main.o
 .comment       0x0000000000000045       0x46 ./build/src/cdc_vcom.o
 .comment       0x0000000000000045       0x46 ./build/src/cr_startup_lpc175x_6x.o
 .comment       0x0000000000000045       0x46 ./build/src/sysinit.o
 .comment       0x0000000000000045       0x46 ./build/src/embedded_cli.o
 .comment       0x0000000000000045       0x46 ./build/src/commands.o
 .comment       0x0000000000000045       0x46 ./build/src/cli_io.o
 .comment       0x0000000000000045       0x46 ../lpc_board_nxp_lpcxpresso_1769/Debug/liblpc_board_nxp_lpcxpresso_1769.a(board.o)
 .comment       0x0000000000000045       0x46 ../lpc_board_nxp_lpcxpresso_1769/Debug/liblpc_board_nxp_lpcxpresso_1769.a(board_sysinit.o)
 .comment       0x0000000000000045       0x46 ../lpc_chip_175x_6x/Debug/liblpc_chip_175x_6x.a(chip_17xx_40xx.o)
 .comment       0x0000000000000045       0x46 ../lpc_chip_175x_6x/Debug/liblpc_chip_175x_6x.a(clock_17xx_40xx.o)
 .comment       0x0000000000000045       0x46 ../lpc_chip_175x_6x/Debug/liblpc_chip_175x_6x.a(iocon_17xx_40xx.o)
 .comment       0x0000000000000045       0x46 ../lpc_chip_175x_6x/Debug/liblpc_chip_175x_6x.a(stopwatch_17xx_40xx.o)
 .comment       0x0000000000000045       0x46 ../lpc_chip_175x_6x/Debug/liblpc_chip_175x_6x.a(sysinit_17xx_40xx.o)
 .comment       0x0000000000000045       0x46 ../lpc_chip_175x_6x/Debug/liblpc_chip_175x_6x.a(timer_17xx_40xx.o)
 .comment       0x0000000000000045       0x46 ../lpc_chip_175x_6x/Debug/liblpc_chip_175x_6x.a(uart_17xx_40xx.o)
 .comment       0x0000000000000045       0x70 ../lpc_chip_175x_6x/libs/libusbd_175x_6x_lib.a(mw_usbd_rom_api.o)
                                         0x71 (size before relaxing)
 .comment       0x00000000000000b5       0x71 ../lpc_chip_175x_6x/libs/libusbd_175x_6x_lib.a(hw_usbd_ip3503.o)
 .comment       0x00000000000000b5       0x71 ../lpc_chip_175x_6x/libs/libusbd_175x_6x_lib.a(mw_usbd_cdcuser.o)
 .comment       0x00000000000000b5       0x71 ../lpc_chip_175x_6x/libs/libusbd_175x_6x_lib.a(mw_usbd_core.o)
 .comment       0x00000000000000b5       0x46 ../RTT/libRTT.a(SEGGER_RTT_printf.o)
 .comment       0x00000000000000b5       0x46 ../RTT/libRTT.a(SEGGER_RTT.o)
 .comment       0x00000000000000b5       0x46 /Applications/MCUXpressoIDE_11.8.1_1197/ide/plugins/com.nxp.mcuxpresso.tools.macosx_11.8.1.202308071233/tools/bin/../lib/gcc/arm-none-eabi/12.2.1/../../../../arm-none-eabi/lib/thumb/v7-m/nofp/libcr_nohost.a(__ciob.o)
 .comment       0x00000000000000b5       0x46 /Applications/MCUXpressoIDE_11.8.1_1197/ide/plugins/com.nxp.mcuxpresso.tools.macosx_11.8.1.202308071233/tools/bin/../lib/gcc/arm-none-eabi/12.2.1/../../../../arm-none-eabi/lib/thumb/v7-m/nofp/libcr_nohost.a(_cr__main.o)
 .comment       0x00000000000000b5       0x46 /Applications/MCUXpressoIDE_11.8.1_1197/ide/plugins/com.nxp.mcuxpresso.tools.macosx_11.8.1.202308071233/tools/bin/../lib/gcc/arm-none-eabi/12.2.1/../../../../arm-none-eabi/lib/thumb/v7-m/nofp/libcr_c.a(memcpy.o)
 .comment       0x00000000000000b5       0x46 /Applications/MCUXpressoIDE_11.8.1_1197/ide/plugins/com.nxp.mcuxpresso.tools.macosx_11.8.1.202308071233/tools/bin/../lib/gcc/arm-none-eabi/12.2.1/../../../../arm-none-eabi/lib/thumb/v7-m/nofp/libcr_c.a(memmove.o)
 .comment       0x00000000000000b5       0x46 /Applications/MCUXpressoIDE_11.8.1_1197/ide/plugins/com.nxp.mcuxpresso.tools.macosx_11.8.1.202308071233/tools/bin/../lib/gcc/arm-none-eabi/12.2.1/../../../../arm-none-eabi/lib/thumb/v7-m/nofp/libcr_c.a(memset.o)
 .comment       0x00000000000000b5       0x46 /Applications/MCUXpressoIDE_11.8.1_1197/ide/plugins/com.nxp.mcuxpresso.tools.macosx_11.8.1.202308071233/tools/bin/../lib/gcc/arm-none-eabi/12.2.1/../../../../arm-none-eabi/lib/thumb/v7-m/nofp/libcr_c.a(initio.o)
 .comment       0x00000000000000b5       0x46 /Applications/MCUXpressoIDE_11.8.1_1197/ide/plugins/com.nxp.mcuxpresso.tools.macosx_11.8.1.202308071233/tools/bin/../lib/gcc/arm-none-eabi/12.2.1/../../../../arm-none-eabi/lib/thumb/v7-m/nofp/libcr_c.a(setvbuf.o)
 .comment       0x00000000000000b5       0x46 /Applications/MCUXpressoIDE_11.8.1_1197/ide/plugins/com.nxp.mcuxpresso.tools.macosx_11.8.1.202308071233/tools/bin/../lib/gcc/arm-none-eabi/12.2.1/../../../../arm-none-eabi/lib/thumb/v7-m/nofp/libcr_c.a(strcmp.o)
 .comment       0x00000000000000b5       0x46 /Applications/MCUXpressoIDE_11.8.1_1197/ide/plugins/com.nxp.mcuxpresso.tools.macosx_11.8.1.202308071233/tools/bin/../lib/gcc/arm-none-eabi/12.2.1/../../../../arm-none-eabi/lib/thumb/v7-m/nofp/libcr_c.a(strlen.o)
 .comment       0x00000000000000b5       0x46 /Applications/MCUXpressoIDE_11.8.1_1197/ide/plugins/com.nxp.mcuxpresso.tools.macosx_11.8.1.202308071233/tools/bin/../lib/gcc/arm-none-eabi/12.2.1/../../../../arm-none-eabi/lib/thumb/v7-m/nofp/libcr_c.a(strncpy.o)
 .comment       0x00000000000000b5       0x46 /Applications/MCUXpressoIDE_11.8.1_1197/ide/plugins/com.nxp.mcuxpresso.tools.macosx_11.8.1.202308071233/tools/bin/../lib/gcc/arm-none-eabi/12.2.1/../../../../arm-none-eabi/lib/thumb/v7-m/nofp/libcr_c.a(strstr.o)
 .comment       0x00000000000000b5       0x46 /Applications/MCUXpressoIDE_11.8.1_1197/ide/plugins/com.nxp.mcuxpresso.tools.macosx_11.8.1.202308071233/tools/bin/../lib/gcc/arm-none-eabi/12.2.1/../../../../arm-none-eabi/lib/thumb/v7-m/nofp/libcr_c.a(_deferredlazyseek.o)
 .comment       0x00000000000000b5       0x46 /Applications/MCUXpressoIDE_11.8.1_1197/ide/plugins/com.nxp.mcuxpresso.tools.macosx_11.8.1.202308071233/tools/bin/../lib/gcc/arm-none-eabi/12.2.1/../../../../arm-none-eabi/lib/thumb/v7-m/nofp/libcr_c.a(_fdopen.o)
 .comment       0x00000000000000b5       0x46 /Applications/MCUXpressoIDE_11.8.1_1197/ide/plugins/com.nxp.mcuxpresso.tools.macosx_11.8.1.202308071233/tools/bin/../lib/gcc/arm-none-eabi/12.2.1/../../../../arm-none-eabi/lib/thumb/v7-m/nofp/libcr_c.a(_fflush.o)
 .comment       0x00000000000000b5       0x46 /Applications/MCUXpressoIDE_11.8.1_1197/ide/plugins/com.nxp.mcuxpresso.tools.macosx_11.8.1.202308071233/tools/bin/../lib/gcc/arm-none-eabi/12.2.1/../../../../arm-none-eabi/lib/thumb/v7-m/nofp/libcr_c.a(_writebuf.o)
 .comment       0x00000000000000b5       0x46 /Applications/MCUXpressoIDE_11.8.1_1197/ide/plugins/com.nxp.mcuxpresso.tools.macosx_11.8.1.202308071233/tools/bin/../lib/gcc/arm-none-eabi/12.2.1/../../../../arm-none-eabi/lib/thumb/v7-m/nofp/libcr_c.a(alloc.o)
 .comment       0x00000000000000b5       0x46 /Applications/MCUXpressoIDE_11.8.1_1197/ide/plugins/com.nxp.mcuxpresso.tools.macosx_11.8.1.202308071233/tools/bin/../lib/gcc/arm-none-eabi/12.2.1/../../../../arm-none-eabi/lib/thumb/v7-m/nofp/libcr_c.a(errno.o)
 .comment       0x00000000000000b5       0x46 /Applications/MCUXpressoIDE_11.8.1_1197/ide/plugins/com.nxp.mcuxpresso.tools.macosx_11.8.1.202308071233/tools/bin/../lib/gcc/arm-none-eabi/12.2.1/../../../../arm-none-eabi/lib/thumb/v7-m/nofp/libcr_c.a(fclose.o)
 .comment       0x00000000000000b5       0x46 /Applications/MCUXpressoIDE_11.8.1_1197/ide/plugins/com.nxp.mcuxpresso.tools.macosx_11.8.1.202308071233/tools/bin/../lib/gcc/arm-none-eabi/12.2.1/../../../../arm-none-eabi/lib/thumb/v7-m/nofp/libcr_c.a(fflush.o)
 .comment       0x00000000000000b5       0x46 /Applications/MCUXpressoIDE_11.8.1_1197/ide/plugins/com.nxp.mcuxpresso.tools.macosx_11.8.1.202308071233/tools/bin/../lib/gcc/arm-none-eabi/12.2.1/../../../../arm-none-eabi/lib/thumb/v7-m/nofp/libcr_c.a(fseek.o)
 .comment       0x00000000000000b5       0x46 /Applications/MCUXpressoIDE_11.8.1_1197/ide/plugins/com.nxp.mcuxpresso.tools.macosx_11.8.1.202308071233/tools/bin/../lib/gcc/arm-none-eabi/12.2.1/../../../../arm-none-eabi/lib/thumb/v7-m/nofp/libcr_c.a(ftell.o)
 .comment       0x00000000000000b5       0x46 /Applications/MCUXpressoIDE_11.8.1_1197/ide/plugins/com.nxp.mcuxpresso.tools.macosx_11.8.1.202308071233/tools/bin/../lib/gcc/arm-none-eabi/12.2.1/../../../../arm-none-eabi/lib/thumb/v7-m/nofp/libcr_c.a(remove.o)
 .comment       0x00000000000000b5       0x46 /Applications/MCUXpressoIDE_11.8.1_1197/ide/plugins/com.nxp.mcuxpresso.tools.macosx_11.8.1.202308071233/tools/bin/../lib/gcc/arm-none-eabi/12.2.1/../../../../arm-none-eabi/lib/thumb/v7-m/nofp/libcr_c.a(_do_fflush.o)
 .comment       0x00000000000000b5       0x46 /Applications/MCUXpressoIDE_11.8.1_1197/ide/plugins/com.nxp.mcuxpresso.tools.macosx_11.8.1.202308071233/tools/bin/../lib/gcc/arm-none-eabi/12.2.1/../../../../arm-none-eabi/lib/thumb/v7-m/nofp/libcr_nohost.a(__sys_close.o)
 .comment       0x00000000000000b5       0x46 /Applications/MCUXpressoIDE_11.8.1_1197/ide/plugins/com.nxp.mcuxpresso.tools.macosx_11.8.1.202308071233/tools/bin/../lib/gcc/arm-none-eabi/12.2.1/../../../../arm-none-eabi/lib/thumb/v7-m/nofp/libcr_nohost.a(__sys_flen.o)
 .comment       0x00000000000000b5       0x46 /Applications/MCUXpressoIDE_11.8.1_1197/ide/plugins/com.nxp.mcuxpresso.tools.macosx_11.8.1.202308071233/tools/bin/../lib/gcc/arm-none-eabi/12.2.1/../../../../arm-none-eabi/lib/thumb/v7-m/nofp/libcr_nohost.a(__sys_istty.o)
 .comment       0x00000000000000b5       0x46 /Applications/MCUXpressoIDE_11.8.1_1197/ide/plugins/com.nxp.mcuxpresso.tools.macosx_11.8.1.202308071233/tools/bin/../lib/gcc/arm-none-eabi/12.2.1/../../../../arm-none-eabi/lib/thumb/v7-m/nofp/libcr_nohost.a(__sys_remove.o)
 .comment       0x00000000000000b5       0x46 /Applications/MCUXpressoIDE_11.8.1_1197/ide/plugins/com.nxp.mcuxpresso.tools.macosx_11.8.1.202308071233/tools/bin/../lib/gcc/arm-none-eabi/12.2.1/../../../../arm-none-eabi/lib/thumb/v7-m/nofp/libcr_nohost.a(__sys_seek.o)
 .comment       0x00000000000000b5       0x46 /Applications/MCUXpressoIDE_11.8.1_1197/ide/plugins/com.nxp.mcuxpresso.tools.macosx_11.8.1.202308071233/tools/bin/../lib/gcc/arm-none-eabi/12.2.1/../../../../arm-none-eabi/lib/thumb/v7-m/nofp/libcr_nohost.a(__sys_tmpnam.o)

.ARM.attributes
                0x0000000000000000       0x2b
 .ARM.attributes
                0x0000000000000000       0x2d ./build/src/cdc_desc.o
 .ARM.attributes
                0x000000000000002d       0x2d ./build/src/cdc_main.o
 .ARM.attributes
                0x000000000000005a       0x2d ./build/src/cdc_vcom.o
 .ARM.attributes
                0x0000000000000087       0x2d ./build/src/cr_startup_lpc175x_6x.o
 .ARM.attributes
                0x00000000000000b4       0x2d ./build/src/sysinit.o
 .ARM.attributes
                0x00000000000000e1       0x2d ./build/src/embedded_cli.o
 .ARM.attributes
                0x000000000000010e       0x2d ./build/src/commands.o
 .ARM.attributes
                0x000000000000013b       0x2d ./build/src/cli_io.o
 .ARM.attributes
                0x0000000000000168       0x2d ../lpc_board_nxp_lpcxpresso_1769/Debug/liblpc_board_nxp_lpcxpresso_1769.a(board.o)
 .ARM.attributes
                0x0000000000000195       0x2d ../lpc_board_nxp_lpcxpresso_1769/Debug/liblpc_board_nxp_lpcxpresso_1769.a(board_sysinit.o)
 .ARM.attributes
                0x00000000000001c2       0x2d ../lpc_chip_175x_6x/Debug/liblpc_chip_175x_6x.a(chip_17xx_40xx.o)
 .ARM.attributes
                0x00000000000001ef       0x2d ../lpc_chip_175x_6x/Debug/liblpc_chip_175x_6x.a(clock_17xx_40xx.o)
 .ARM.attributes
                0x000000000000021c       0x2d ../lpc_chip_175x_6x/Debug/liblpc_chip_175x_6x.a(iocon_17xx_40xx.o)
 .ARM.attributes
                0x0000000000000249       0x2d ../lpc_chip_175x_6x/Debug/liblpc_chip_175x_6x.a(stopwatch_17xx_40xx.o)
 .ARM.attributes
                0x0000000000000276       0x2d ../lpc_chip_175x_6x/Debug/liblpc_chip_175x_6x.a(sysinit_17xx_40xx.o)
 .ARM.attributes
                0x00000000000002a3       0x2d ../lpc_chip_175x_6x/Debug/liblpc_chip_175x_6x.a(timer_17xx_40xx.o)
 .ARM.attributes
                0x00000000000002d0       0x2d ../lpc_chip_175x_6x/Debug/liblpc_chip_175x_6x.a(uart_17xx_40xx.o)
 .ARM.attributes
                0x00000000000002fd       0x33 ../lpc_chip_175x_6x/libs/libusbd_175x_6x_lib.a(mw_usbd_rom_api.o)
 .ARM.attributes
                0x0000000000000330       0x33 ../lpc_chip_175x_6x/libs/libusbd_175x_6x_lib.a(hw_usbd_ip3503.o)
 .ARM.attributes
                0x0000000000000363       0x33 ../lpc_chip_175x_6x/libs/libusbd_175x_6x_lib.a(mw_usbd_cdcuser.o)
 .ARM.attributes
                0x0000000000000396       0x33 ../lpc_chip_175x_6x/libs/libusbd_175x_6x_lib.a(mw_usbd_core.o)
 .ARM.attributes
                0x00000000000003c9       0x2d ../RTT/libRTT.a(SEGGER_RTT_printf.o)
 .ARM.attributes
                0x00000000000003f6       0x2d ../RTT/libRTT.a(SEGGER_RTT.o)
 .ARM.attributes
                0x0000000000000423       0x2d /Applications/MCUXpressoIDE_11.8.1_1197/ide/plugins/com.nxp.mcuxpresso.tools.macosx_11.8.1.202308071233/tools/bin/../lib/gcc/arm-none-eabi/12.2.1/../../../../arm-none-eabi/lib/thumb/v7-m/nofp/libcr_nohost.a(__ciob.o)
 .ARM.attributes
                0x0000000000000450       0x2d /Applications/MCUXpressoIDE_11.8.1_1197/ide/plugins/com.nxp.mcuxpresso.tools.macosx_11.8.1.202308071233/tools/bin/../lib/gcc/arm-none-eabi/12.2.1/../../../../arm-none-eabi/lib/thumb/v7-m/nofp/libcr_nohost.a(_cr__main.o)
 .ARM.attributes
                0x000000000000047d       0x2d /Applications/MCUXpressoIDE_11.8.1_1197/ide/plugins/com.nxp.mcuxpresso.tools.macosx_11.8.1.202308071233/tools/bin/../lib/gcc/arm-none-eabi/12.2.1/../../../../arm-none-eabi/lib/thumb/v7-m/nofp/libcr_c.a(memcpy.o)
 .ARM.attributes
                0x00000000000004aa       0x2d /Applications/MCUXpressoIDE_11.8.1_1197/ide/plugins/com.nxp.mcuxpresso.tools.macosx_11.8.1.202308071233/tools/bin/../lib/gcc/arm-none-eabi/12.2.1/../../../../arm-none-eabi/lib/thumb/v7-m/nofp/libcr_c.a(memmove.o)
 .ARM.attributes
                0x00000000000004d7       0x2d /Applications/MCUXpressoIDE_11.8.1_1197/ide/plugins/com.nxp.mcuxpresso.tools.macosx_11.8.1.202308071233/tools/bin/../lib/gcc/arm-none-eabi/12.2.1/../../../../arm-none-eabi/lib/thumb/v7-m/nofp/libcr_c.a(memset.o)
 .ARM.attributes
                0x0000000000000504       0x2d /Applications/MCUXpressoIDE_11.8.1_1197/ide/plugins/com.nxp.mcuxpresso.tools.macosx_11.8.1.202308071233/tools/bin/../lib/gcc/arm-none-eabi/12.2.1/../../../../arm-none-eabi/lib/thumb/v7-m/nofp/libcr_c.a(initio.o)
 .ARM.attributes
                0x0000000000000531       0x2d /Applications/MCUXpressoIDE_11.8.1_1197/ide/plugins/com.nxp.mcuxpresso.tools.macosx_11.8.1.202308071233/tools/bin/../lib/gcc/arm-none-eabi/12.2.1/../../../../arm-none-eabi/lib/thumb/v7-m/nofp/libcr_c.a(setvbuf.o)
 .ARM.attributes
                0x000000000000055e       0x2d /Applications/MCUXpressoIDE_11.8.1_1197/ide/plugins/com.nxp.mcuxpresso.tools.macosx_11.8.1.202308071233/tools/bin/../lib/gcc/arm-none-eabi/12.2.1/../../../../arm-none-eabi/lib/thumb/v7-m/nofp/libcr_c.a(strcmp.o)
 .ARM.attributes
                0x000000000000058b       0x2d /Applications/MCUXpressoIDE_11.8.1_1197/ide/plugins/com.nxp.mcuxpresso.tools.macosx_11.8.1.202308071233/tools/bin/../lib/gcc/arm-none-eabi/12.2.1/../../../../arm-none-eabi/lib/thumb/v7-m/nofp/libcr_c.a(strlen.o)
 .ARM.attributes
                0x00000000000005b8       0x2d /Applications/MCUXpressoIDE_11.8.1_1197/ide/plugins/com.nxp.mcuxpresso.tools.macosx_11.8.1.202308071233/tools/bin/../lib/gcc/arm-none-eabi/12.2.1/../../../../arm-none-eabi/lib/thumb/v7-m/nofp/libcr_c.a(strncpy.o)
 .ARM.attributes
                0x00000000000005e5       0x2d /Applications/MCUXpressoIDE_11.8.1_1197/ide/plugins/com.nxp.mcuxpresso.tools.macosx_11.8.1.202308071233/tools/bin/../lib/gcc/arm-none-eabi/12.2.1/../../../../arm-none-eabi/lib/thumb/v7-m/nofp/libcr_c.a(strstr.o)
 .ARM.attributes
                0x0000000000000612       0x2d /Applications/MCUXpressoIDE_11.8.1_1197/ide/plugins/com.nxp.mcuxpresso.tools.macosx_11.8.1.202308071233/tools/bin/../lib/gcc/arm-none-eabi/12.2.1/../../../../arm-none-eabi/lib/thumb/v7-m/nofp/libcr_c.a(_deferredlazyseek.o)
 .ARM.attributes